05-12 13:35:38.177 I/healthd (  426): type=1400 audit(0.0:9943): avc: denied { open } for path="/sys/devices/soc.0/qpnp-smbcharger-17/power_supply/battery/present" dev="sysfs" ino=20166 scontext=u:r:healthd:s0 tcontext=u:object_r:sysfs:s0 tclass=file permissive=1
05-12 13:35:38.177 I/auditd  (  426): type=1400 audit(0.0:9944): avc: denied { getattr } for comm="healthd" path="/sys/devices/soc.0/qpnp-smbcharger-17/power_supply/battery/present" dev="sysfs" ino=20166 scontext=u:r:healthd:s0 tcontext=u:object_r:sysfs:s0 tclass=file permissive=1
05-12 13:35:38.177 I/healthd (  426): type=1400 audit(0.0:9944): avc: denied { getattr } for path="/sys/devices/soc.0/qpnp-smbcharger-17/power_supply/battery/present" dev="sysfs" ino=20166 scontext=u:r:healthd:s0 tcontext=u:object_r:sysfs:s0 tclass=file permissive=1
05-12 13:35:38.714 I/bt_stack(25021): [INFO:device.cc(1227)] c4:67:b5:39:cc:ea : HandlePlayPosUpdate
05-12 13:35:38.715 D/NewAvrcpTargetJni(25021): getCurrentPlayStatus
05-12 13:35:38.715 D/NewAvrcpNativeInterface(25021): getPlayStatus
05-12 13:35:38.735 I/bt_stack(25021): [INFO:device.cc(461)] c4:67:b5:39:cc:ea : PlaybackPosNotificationResponse: Queue next play position update
05-12 13:35:38.754 D/NewAvrcpTargetJni(25021): getCurrentPlayStatus
05-12 13:35:38.755 D/NewAvrcpNativeInterface(25021): getPlayStatus
05-12 13:35:38.765 I/bt_stack(25021): [INFO:device.cc(461)] c4:67:b5:39:cc:ea : PlaybackPosNotificationResponse: Queue next play position update
05-12 13:35:39.766 I/bt_stack(25021): [INFO:device.cc(1227)] c4:67:b5:39:cc:ea : HandlePlayPosUpdate
05-12 13:35:39.767 D/NewAvrcpTargetJni(25021): getCurrentPlayStatus
05-12 13:35:39.768 D/NewAvrcpNativeInterface(25021): getPlayStatus
05-12 13:35:39.790 I/bt_stack(25021): [INFO:device.cc(461)] c4:67:b5:39:cc:ea : PlaybackPosNotificationResponse: Queue next play position update
05-12 13:35:39.802 D/NewAvrcpTargetJni(25021): getCurrentPlayStatus
05-12 13:35:39.802 D/NewAvrcpNativeInterface(25021): getPlayStatus
05-12 13:35:39.809 I/bt_stack(25021): [INFO:device.cc(461)] c4:67:b5:39:cc:ea : PlaybackPosNotificationResponse: Queue next play position update
05-12 13:35:40.439 I/PowerManagerService(  985): Waking up from sleep (uid=1000 reason=android.policy:KEY)...
05-12 13:35:40.437 I/auditd  ( 1837): type=1400 audit(0.0:9945): avc: denied { call } for comm="InputReader" scontext=u:r:system_server:s0 tcontext=u:r:init:s0 tclass=binder permissive=1
05-12 13:35:40.437 I/InputReader( 1837): type=1400 audit(0.0:9945): avc: denied { call } for scontext=u:r:system_server:s0 tcontext=u:r:init:s0 tclass=binder permissive=1
05-12 13:35:40.442 W/UsageStatsService(  985): Event reported without a package name
05-12 13:35:40.446 E/LightsService(  985): Light requested not available on this device. 2
05-12 13:35:40.453 I/DisplayPowerController(  985): Blocking screen on until initial contents have been drawn.
05-12 13:35:40.470 I/screen_toggled(  985): 1
05-12 13:35:40.470 I/power_screen_broadcast_send(  985): 1
05-12 13:35:40.471 I/DisplayManagerService(  985): Display device changed state: "", ON
05-12 13:35:40.471 D/SurfaceFlinger(  453): Set power mode=2, type=0 flinger=0x7e88455000
05-12 13:35:40.471 D/qdhwcomposer(  453): hwc_setPowerMode: Setting mode 2 on display: 0
05-12 13:35:40.484 D/audio_hw_primary(25269): adev_set_parameters: enter: screen_state=on
05-12 13:35:40.484 D/audio_hw_extn(25269): audio_extn_set_anc_parameters: anc_enabled:0
05-12 13:35:40.484 I/bt_a2dp_hw(25269): adev_set_parameters: state 1
05-12 13:35:40.484 I/bt_a2dp_hw(25269): out_set_parameters: state 1 kvpairs screen_state=on
05-12 13:35:40.484 I/hash_map_utils(25269): key: 'screen_state' value: 'on'
05-12 13:35:40.491 W/wificond(  514): Failed to get NL80211_ATTR_EXT_FEATURES
05-12 13:35:40.489 I/auditd  ( 2611): type=1400 audit(0.0:9946): avc: denied { ioctl } for comm="RenderThread" path="/dev/kgsl-3d0" dev="tmpfs" ino=1772 ioctlcmd=935 scontext=u:r:platform_app:s0:c512,c768 tcontext=u:object_r:device:s0 tclass=chr_file permissive=1
05-12 13:35:40.489 I/RenderThread( 2611): type=1400 audit(0.0:9946): avc: denied { ioctl } for path="/dev/kgsl-3d0" dev="tmpfs" ino=1772 ioctlcmd=935 scontext=u:r:platform_app:s0:c512,c768 tcontext=u:object_r:device:s0 tclass=chr_file permissive=1
05-12 13:35:40.498 I/sysui_view_visibility(  985): [127,100]
05-12 13:35:40.498 I/sysui_multi_action(  985): [757,127,758,1]
05-12 13:35:40.498 I/sysui_histogram(  985): [note_load,3]
05-12 13:35:40.498 I/sysui_multi_action(  985): [757,804,799,note_load,801,3,802,1]
05-12 13:35:40.498 I/notification_panel_revealed(  985): 3
05-12 13:35:40.493 I/auditd  ( 2611): type=1400 audit(0.0:9947): avc: denied { read write } for comm="RenderThread" path="/dev/kgsl-3d0" dev="tmpfs" ino=1772 scontext=u:r:platform_app:s0:c512,c768 tcontext=u:object_r:device:s0 tclass=chr_file permissive=1
05-12 13:35:40.493 I/RenderThread( 2611): type=1400 audit(0.0:9947): avc: denied { read write } for path="/dev/kgsl-3d0" dev="tmpfs" ino=1772 scontext=u:r:platform_app:s0:c512,c768 tcontext=u:object_r:device:s0 tclass=chr_file permissive=1
05-12 13:35:40.506 I/InputReader(  985): Reconfiguring input devices.  changes=0x00000004
05-12 13:35:40.507 I/DeviceStatusMonitor( 2029): DeviceStatusMonitor$1.onReceive():51 onReceive() : Action = android.intent.action.SCREEN_ON
05-12 13:35:40.508 I/DeviceStatusMonitor( 2029): DeviceStatusMonitor.updateCountryInfo():111 updateCountryInfo(), notifyAnyway = false
05-12 13:35:40.513 D/StatusBar( 2042): disable<e i a s b H R c s > disable2<q i n >
05-12 13:35:40.514 I/sysui_multi_action(  985): [757,128,758,1,793,451995,794,0,795,451995,796,26,798,1,806,android,857,DEVELOPER,858,2,947,0,1395,3,1500,451991]
05-12 13:35:40.514 I/sysui_histogram(  985): [note_freshness,451995]
05-12 13:35:40.514 I/sysui_multi_action(  985): [757,804,799,note_freshness,801,451995,802,1]
05-12 13:35:40.514 I/notification_visibility(  985): [-1|android|26|null|1000,1,451995,451995,0,1]
05-12 13:35:40.514 I/sysui_multi_action(  985): [757,128,758,1,793,282101,794,0,795,281452,796,1,798,0,806,com.netease.cloudmusic,857,miscellaneous,858,2,947,0,1395,3,1500,281452]
05-12 13:35:40.514 I/sysui_histogram(  985): [note_freshness,281452]
05-12 13:35:40.514 I/sysui_multi_action(  985): [757,804,799,note_freshness,801,281452,802,1]
05-12 13:35:40.514 I/notification_visibility(  985): [0|com.netease.cloudmusic|1|null|10168,1,282101,281452,0,0]
05-12 13:35:40.517 D/DCT     ( 2342): [0]screen on
05-12 13:35:40.518 D/DCT     ( 2342): [0]stopNetStatPoll
05-12 13:35:40.513 D/StatusBar( 2042): disable<e i a s b H R c s > disable2<q i n >
05-12 13:35:40.555 I/MSM-irqbalance(  703): Decided to move IRQ128 from CPU2 to CPU3
05-12 13:35:40.689 I/auditd  (  875): type=1400 audit(0.0:9948): avc: denied { read } for comm="hwcVsyncThread" path="/sys/devices/virtual/graphics/fb0/show_blank_event" dev="sysfs" ino=12153 scontext=u:r:surfaceflinger:s0 tcontext=u:object_r:sysfs:s0 tclass=file permissive=1
05-12 13:35:40.694 I/qdhwcomposer(  453): handle_blank_event: dpy:0 panel power state: 1
05-12 13:35:40.689 I/hwcVsyncThread(  875): type=1400 audit(0.0:9948): avc: denied { read } for path="/sys/devices/virtual/graphics/fb0/show_blank_event" dev="sysfs" ino=12153 scontext=u:r:surfaceflinger:s0 tcontext=u:object_r:sysfs:s0 tclass=file permissive=1
05-12 13:35:40.696 D/qdhwcomposer(  453): hwc_setPowerMode: Done setting mode 2 on display 0
05-12 13:35:40.697 D/SurfaceFlinger(  453): Finished set power mode=2, type=0
05-12 13:35:40.697 D/SurfaceControl(  985): Excessive delay in setPowerMode()
05-12 13:35:40.474 I/        (    0): synaptics tp on start
05-12 13:35:40.491 I/Wlan[I] (    0): dhd_set_suspend: Remove extra suspend setting
05-12 13:35:40.548 I/        (    0): synaptics_rmi4_resume
05-12 13:35:40.749 I/auditd  ( 1697): type=1400 audit(0.0:9949): avc: denied { write } for comm="light@2.0-servi" path="/sys/devices/soc.0/fd900000.qcom,mdss_mdp/qcom,mdss_fb_primary.182/leds/lcd-backlight/brightness" dev="sysfs" ino=12142 scontext=u:r:init:s0 tcontext=u:object_r:sysfs:s0 tclass=file permissive=1
05-12 13:35:40.749 I/light@2.0-servi( 1697): type=1400 audit(0.0:9949): avc: denied { write } for path="/sys/devices/soc.0/fd900000.qcom,mdss_mdp/qcom,mdss_fb_primary.182/leds/lcd-backlight/brightness" dev="sysfs" ino=12142 scontext=u:r:init:s0 tcontext=u:object_r:sysfs:s0 tclass=file permissive=1
05-12 13:35:40.492 I/chatty  (  514): uid=1010(wifi) /system/bin/wificond identical 1 line
05-12 13:35:40.496 W/wificond(  514): Failed to get NL80211_ATTR_EXT_FEATURES
05-12 13:35:40.753 I/DisplayPowerController(  985): Unblocked screen on after 301 ms
05-12 13:35:40.758 I/sysui_multi_action(  985): [757,198,758,1,759,0,1359,318]
05-12 13:35:40.758 I/power_screen_state(  985): [1,0,0,0,318]
05-12 13:35:40.758 W/PowerManagerService(  985): Screen on took 318 ms
05-12 13:35:40.804 I/libnfc_nci( 3238): [INFO:NativeNfcManager.cpp(1754)] nfcManager_doSetScreenState: state = 4 prevScreenState= 2, discovry_param = 1
05-12 13:35:40.809 I/bt_stack(25021): [INFO:device.cc(1227)] c4:67:b5:39:cc:ea : HandlePlayPosUpdate
05-12 13:35:40.809 D/NewAvrcpTargetJni(25021): getCurrentPlayStatus
05-12 13:35:40.809 D/NewAvrcpNativeInterface(25021): getPlayStatus
05-12 13:35:40.813 I/bt_stack(25021): [INFO:device.cc(461)] c4:67:b5:39:cc:ea : PlaybackPosNotificationResponse: Queue next play position update
05-12 13:35:40.860 I/NearbyDiscovery( 2385): FastPairHandler: Received action android.intent.action.SCREEN_ON [CONTEXT service_id=49 ]
05-12 13:35:40.861 D/BluetoothAdapter( 2385): isLeEnabled(): ON
05-12 13:35:40.864 I/bt_stack(25021): [INFO:gatt_api.cc(948)] GATT_Register bd52f3e4-e981-af64-eae2-8216852e8fe9
05-12 13:35:40.864 I/bt_stack(25021): [INFO:gatt_api.cc(968)] allocated gatt_if=5
05-12 13:35:40.865 D/BluetoothLeScanner( 2385): onScannerRegistered() - status=0 scannerId=5 mScannerId=0
05-12 13:35:40.874 I/NearbyDiscovery( 2385): FastPairScanner2: Starting LOW_LATENCY_SCANNING scan for 6 seconds [CONTEXT service_id=49 ]
05-12 13:35:40.886 I/power_screen_broadcast_done(  985): [1,415,1]
05-12 13:35:40.900 D/NewAvrcpTargetJni(25021): getCurrentPlayStatus
05-12 13:35:40.900 D/NewAvrcpNativeInterface(25021): getPlayStatus
05-12 13:35:40.903 I/bt_stack(25021): [INFO:device.cc(461)] c4:67:b5:39:cc:ea : PlaybackPosNotificationResponse: Queue next play position update
05-12 13:35:40.915 W/Notification(17846): Use of stream types is deprecated for operations other than volume control
05-12 13:35:40.915 W/Notification(17846): See the documentation of setSound() for what to use instead with android.media.AudioAttributes to qualify your playback use case
05-12 13:35:40.927 I/notification_enqueue(  985): [10168,17846,com.netease.cloudmusic,1,NULL,0,Notification(channel=null pri=2 contentView=com.netease.cloudmusic/0x109009a vibrate=null sound=null tick defaults=0x0 flags=0x40 color=0x00000000 category=transport actions=5 vis=PUBLIC),1]
05-12 13:35:41.162 W/Notification(17846): Use of stream types is deprecated for operations other than volume control
05-12 13:35:41.162 W/Notification(17846): See the documentation of setSound() for what to use instead with android.media.AudioAttributes to qualify your playback use case
05-12 13:35:41.180 I/notification_enqueue(  985): [10168,17846,com.netease.cloudmusic,1,NULL,0,Notification(channel=null pri=2 contentView=null vibrate=null sound=null tick defaults=0x0 flags=0x0 color=0x00000000 category=transport actions=5 vis=PUBLIC),1]
05-12 13:35:41.904 I/bt_stack(25021): [INFO:device.cc(1227)] c4:67:b5:39:cc:ea : HandlePlayPosUpdate
05-12 13:35:41.904 D/NewAvrcpTargetJni(25021): getCurrentPlayStatus
05-12 13:35:41.904 D/NewAvrcpNativeInterface(25021): getPlayStatus
05-12 13:35:41.910 I/bt_stack(25021): [INFO:device.cc(461)] c4:67:b5:39:cc:ea : PlaybackPosNotificationResponse: Queue next play position update
05-12 13:35:41.925 D/NewAvrcpTargetJni(25021): getCurrentPlayStatus
05-12 13:35:41.926 D/NewAvrcpNativeInterface(25021): getPlayStatus
05-12 13:35:41.935 I/bt_stack(25021): [INFO:device.cc(461)] c4:67:b5:39:cc:ea : PlaybackPosNotificationResponse: Queue next play position update
05-12 13:35:42.657 D/WificondControl(  985): Scan result ready event
05-12 13:35:42.687 D/PasspointManager(  985): No matches not found for simba-agv
05-12 13:35:42.687 D/PasspointManager(  985): Match not found for simba-agv
05-12 13:35:42.687 D/PasspointManager(  985): No matches not found for simba-agv
05-12 13:35:42.687 D/PasspointManager(  985): Match not found for simba-agv
05-12 13:35:42.935 I/bt_stack(25021): [INFO:device.cc(1227)] c4:67:b5:39:cc:ea : HandlePlayPosUpdate
05-12 13:35:42.936 D/NewAvrcpTargetJni(25021): getCurrentPlayStatus
05-12 13:35:42.937 D/NewAvrcpNativeInterface(25021): getPlayStatus
05-12 13:35:42.947 I/bt_stack(25021): [INFO:device.cc(461)] c4:67:b5:39:cc:ea : PlaybackPosNotificationResponse: Queue next play position update
05-12 13:35:42.963 D/NewAvrcpTargetJni(25021): getCurrentPlayStatus
05-12 13:35:42.963 D/NewAvrcpNativeInterface(25021): getPlayStatus
05-12 13:35:42.967 I/bt_stack(25021): [INFO:device.cc(461)] c4:67:b5:39:cc:ea : PlaybackPosNotificationResponse: Queue next play position update
05-12 13:35:43.967 I/bt_stack(25021): [INFO:device.cc(1227)] c4:67:b5:39:cc:ea : HandlePlayPosUpdate
05-12 13:35:43.968 D/NewAvrcpTargetJni(25021): getCurrentPlayStatus
05-12 13:35:43.968 D/NewAvrcpNativeInterface(25021): getPlayStatus
05-12 13:35:43.986 I/bt_stack(25021): [INFO:device.cc(461)] c4:67:b5:39:cc:ea : PlaybackPosNotificationResponse: Queue next play position update
05-12 13:35:44.000 D/NewAvrcpTargetJni(25021): getCurrentPlayStatus
05-12 13:35:44.000 D/NewAvrcpNativeInterface(25021): getPlayStatus
05-12 13:35:44.008 I/bt_stack(25021): [INFO:device.cc(461)] c4:67:b5:39:cc:ea : PlaybackPosNotificationResponse: Queue next play position update
05-12 13:35:44.869 I/auditd  (  701): type=1400 audit(0.0:9950): avc: denied { read } for comm="storaged" name="stat" dev="sysfs" ino=19141 scontext=u:r:storaged:s0 tcontext=u:object_r:sysfs:s0 tclass=file permissive=1
05-12 13:35:44.869 I/storaged(  701): type=1400 audit(0.0:9950): avc: denied { read } for name="stat" dev="sysfs" ino=19141 scontext=u:r:storaged:s0 tcontext=u:object_r:sysfs:s0 tclass=file permissive=1
05-12 13:35:45.009 I/bt_stack(25021): [INFO:device.cc(1227)] c4:67:b5:39:cc:ea : HandlePlayPosUpdate
05-12 13:35:45.012 D/NewAvrcpTargetJni(25021): getCurrentPlayStatus
05-12 13:35:45.012 D/NewAvrcpNativeInterface(25021): getPlayStatus
05-12 13:35:45.031 I/bt_stack(25021): [INFO:device.cc(461)] c4:67:b5:39:cc:ea : PlaybackPosNotificationResponse: Queue next play position update
05-12 13:35:45.049 D/NewAvrcpTargetJni(25021): getCurrentPlayStatus
05-12 13:35:45.049 D/NewAvrcpNativeInterface(25021): getPlayStatus
05-12 13:35:45.058 I/bt_stack(25021): [INFO:device.cc(461)] c4:67:b5:39:cc:ea : PlaybackPosNotificationResponse: Queue next play position update
05-12 13:35:45.578 I/MSM-irqbalance(  703): Decided to move IRQ276 from CPU2 to CPU3
05-12 13:35:45.577 I/auditd  (  703): type=1400 audit(0.0:9953): avc: denied { write } for comm="msm_irqbalance" name="def_timer_ms" dev="sysfs" ino=20317 scontext=u:r:init:s0 tcontext=u:object_r:sysfs_devices_system_cpu:s0 tclass=file permissive=1
05-12 13:35:45.577 I/msm_irqbalance(  703): type=1400 audit(0.0:9953): avc: denied { write } for name="def_timer_ms" dev="sysfs" ino=20317 scontext=u:r:init:s0 tcontext=u:object_r:sysfs_devices_system_cpu:s0 tclass=file permissive=1
05-12 13:35:45.916 E/LightsService(  985): Light requested not available on this device. 2
05-12 13:35:46.059 I/bt_stack(25021): [INFO:device.cc(1227)] c4:67:b5:39:cc:ea : HandlePlayPosUpdate
05-12 13:35:46.063 D/NewAvrcpTargetJni(25021): getCurrentPlayStatus
05-12 13:35:46.063 D/NewAvrcpNativeInterface(25021): getPlayStatus
05-12 13:35:46.082 I/        (    0): TP resume success !
05-12 13:35:46.089 I/bt_stack(25021): [INFO:device.cc(461)] c4:67:b5:39:cc:ea : PlaybackPosNotificationResponse: Queue next play position update
05-12 13:35:46.090 E/LightsService(  985): Light requested not available on this device. 2
05-12 13:35:46.103 D/NewAvrcpTargetJni(25021): getCurrentPlayStatus
05-12 13:35:46.103 D/NewAvrcpNativeInterface(25021): getPlayStatus
05-12 13:35:46.108 I/bt_stack(25021): [INFO:device.cc(461)] c4:67:b5:39:cc:ea : PlaybackPosNotificationResponse: Queue next play position update
05-12 13:35:46.332 I/sysui_multi_action( 2042): [757,186,758,4,826,177,827,2843,1326,22,1327,0,1329,0]
05-12 13:35:46.333 I/sysui_lockscreen_gesture( 2042): [1,177,2843]
05-12 13:35:46.514 I/sysui_multi_action(  985): [757,128,758,2,793,457995,794,6000,795,457995,796,26,798,1,806,android,857,DEVELOPER,858,2,947,0,1395,3,1500,457991]
05-12 13:35:46.514 I/notification_visibility(  985): [-1|android|26|null|1000,0,457995,457995,0,1]
05-12 13:35:46.514 I/sysui_multi_action(  985): [757,128,758,2,793,288101,794,6000,795,5335,796,1,798,0,806,com.netease.cloudmusic,857,miscellaneous,858,2,947,0,1395,3,1500,5335]
05-12 13:35:46.514 I/notification_visibility(  985): [0|com.netease.cloudmusic|1|null|10168,0,288101,5335,0,0]
05-12 13:35:46.515 I/sysui_view_visibility(  985): [127,0]
05-12 13:35:46.515 I/sysui_multi_action(  985): [757,127,758,2]
05-12 13:35:46.515 I/notification_panel_hidden(  985): 
05-12 13:35:46.520 I/am_set_resumed_activity(  985): [0,com.netease.cloudmusic/.activity.MainActivity,resumeTopActivityInnerLocked]
05-12 13:35:46.525 I/am_resume_activity(  985): [0,175403132,39,com.netease.cloudmusic/.activity.MainActivity]
05-12 13:35:46.530 D/StatusBar( 2042): disable<e i a s b H R c s > disable2<q i n >
05-12 13:35:46.537 I/auditd  (17875): type=1400 audit(0.0:9954): avc: denied { ioctl } for comm="RenderThread" path="/dev/kgsl-3d0" dev="tmpfs" ino=1772 ioctlcmd=935 scontext=u:r:untrusted_app_25:s0:c512,c768 tcontext=u:object_r:device:s0 tclass=chr_file permissive=1
05-12 13:35:46.537 I/RenderThread(17875): type=1400 audit(0.0:9954): avc: denied { ioctl } for path="/dev/kgsl-3d0" dev="tmpfs" ino=1772 ioctlcmd=935 scontext=u:r:untrusted_app_25:s0:c512,c768 tcontext=u:object_r:device:s0 tclass=chr_file permissive=1
05-12 13:35:46.551 I/snet_event_log(  344): [121035042,-1,]
05-12 13:35:46.558 I/init    (    0): Received control message 'interface_start' for 'vendor.mokee.trust@1.0::IUsbRestrict/default' from pid: 344 (/system/bin/hwservicemanager)
05-12 13:35:46.558 E/init    (    0): Could not find service hosting interface vendor.mokee.trust@1.0::IUsbRestrict/default
05-12 13:35:46.552 W/hwservicemanager(  344): getTransport: Cannot find entry vendor.mokee.trust@1.0::IUsbRestrict/default in either framework or device manifest.
05-12 13:35:46.555 D/StatusBar( 2042): disable<e i a s b H R c s > disable2<q i n >
05-12 13:35:46.557 W/AudioTrack( 2042): dead IAudioTrack, PCM, creating a new one from getTimestampExtended()
05-12 13:35:46.559 D/StatusBar( 2042): disable<e i a s b h!r!c s > disable2<q i n >
05-12 13:35:46.553 I/snet_event_log(  344): [121035042,-1,]
05-12 13:35:46.560 I/sysui_view_visibility( 2042): [111,0]
05-12 13:35:46.560 I/sysui_multi_action( 2042): [757,111,758,2]
05-12 13:35:46.565 I/am_on_restart_called(17786): [0,com.netease.cloudmusic.activity.MainActivity,performRestartActivity]
05-12 13:35:46.568 I/am_on_start_called(17786): [0,com.netease.cloudmusic.activity.MainActivity,handleStartActivity]
05-12 13:35:46.569 I/sysui_multi_action( 2042): [757,196,758,2,759,0]
05-12 13:35:46.569 I/sysui_status_bar_state( 2042): [0,0,0,0,0,1]
05-12 13:35:46.569 W/AudioFlinger(25269): createTrack_l(): mismatch between requested flags (00000004) and output flags (00000000)
05-12 13:35:46.571 W/AudioTrack( 2042): AUDIO_OUTPUT_FLAG_FAST denied by server; frameCount 4800 -> 4800
05-12 13:35:46.576 D/PushManager(17786): resumePush
05-12 13:35:46.585 E/AudioFlinger(25269): no wake lock to update, but system ready!
05-12 13:35:46.585 W/UsageStatsService(  985): Event reported without a package name
05-12 13:35:46.586 I/notification_expansion(  985): [0|com.netease.cloudmusic|1|null|10168,0,1,288173,5407,6072]
05-12 13:35:46.586 I/user_activity_timeout_override(  985): -1
05-12 13:35:46.597 V/xiaomi  (17846): [Thread:408] JOB: Handle intent action = com.xiaomi.mipush.SEND_MESSAGE
05-12 13:35:46.597 D/PlayService(17846): PlayerHandler,action:49,null,0,0
05-12 13:35:46.598 W/BroadcastQueue(  985): Permission Denial: broadcasting Intent { act=android.intent.action.USER_PRESENT flg=0x24200010 } from com.android.systemui (pid=2042, uid=10011) requires com.mokee.center.permission.JPUSH_MESSAGE due to registered receiver BroadcastFilter{49ab0de u0 ReceiverList{2493819 14257 com.mokee.center:pushcore/10022/u0 remote:1eabb60}}
05-12 13:35:46.598 I/libnfc_nci( 3238): [INFO:NativeNfcManager.cpp(1754)] nfcManager_doSetScreenState: state = 8 prevScreenState= 2, discovry_param = 1
05-12 13:35:46.600 V/xiaomi  (17846): [Thread:408] try send mi push message. packagename:com.netease.cloudmusic action:Command
05-12 13:35:46.600 I/GsaVoiceInteractionSrv(10708): O received Intent { act=android.intent.action.USER_PRESENT flg=0x24200010 }
05-12 13:35:46.601 D/StatInvokeReceiver(24635): onReceive Intent { act=android.intent.action.USER_PRESENT flg=0x24200010 cmp=com.baicizhan.dict/.control.stats.StatInvokeReceiver }
05-12 13:35:46.581 I/auditd  (  875): type=1400 audit(0.0:9955): avc: denied { read } for comm="hwcVsyncThread" path="/sys/devices/virtual/graphics/fb0/vsync_event" dev="sysfs" ino=12130 scontext=u:r:surfaceflinger:s0 tcontext=u:object_r:sysfs:s0 tclass=file permissive=1
05-12 13:35:46.581 I/hwcVsyncThread(  875): type=1400 audit(0.0:9955): avc: denied { read } for path="/sys/devices/virtual/graphics/fb0/vsync_event" dev="sysfs" ino=12130 scontext=u:r:surfaceflinger:s0 tcontext=u:object_r:sysfs:s0 tclass=file permissive=1
05-12 13:35:46.614 W/BroadcastQueue(  985): Background execution not allowed: receiving Intent { act=android.intent.action.USER_PRESENT flg=0x24200010 } to com.chan.cwallpaper/com.tencent.android.tpush.XGPushReceiver
05-12 13:35:46.615 W/BroadcastQueue(  985): Background execution not allowed: receiving Intent { act=android.intent.action.USER_PRESENT flg=0x24200010 } to com.google.android.gms/.auth.setup.devicesignals.LockScreenReceiver
05-12 13:35:46.616 W/BroadcastQueue(  985): Background execution not allowed: receiving Intent { act=android.intent.action.USER_PRESENT flg=0x24200010 } to com.google.android.gms/.trustagent.UserPresentBroadcastReceiver
05-12 13:35:46.616 W/BroadcastQueue(  985): Background execution not allowed: receiving Intent { act=android.intent.action.USER_PRESENT flg=0x24200010 } to com.google.android.gms/.chimera.GmsIntentOperationService$PersistentTrustedReceiver
05-12 13:35:46.616 D/PlayService(17846): PlayerHandler,action:10,null,0,0
05-12 13:35:46.616 W/BroadcastQueue(  985): Permission Denial: broadcasting Intent { act=android.intent.action.USER_PRESENT flg=0x24200010 } from com.android.systemui (pid=2042, uid=10011) is not exported from uid 10022 due to receiver com.mokee.center/cn.jpush.android.service.PushReceiver
05-12 13:35:46.629 I/am_on_resume_called(17786): [0,com.netease.cloudmusic.activity.MainActivity,RESUME_ACTIVITY]
05-12 13:35:46.652 I/am_proc_start(  985): [0,25330,10047,com.baicizhan.dict:stat,service,com.baicizhan.dict/.control.stats.StatLogUploadService]
05-12 13:35:46.652 I/ActivityManager(  985): Start proc 25330:com.baicizhan.dict:stat/u0a47 for service com.baicizhan.dict/.control.stats.StatLogUploadService
05-12 13:35:46.653 I/MicroDataManager(10649): isInitializing-false locale not changed-true model not changed-true
05-12 13:35:46.659 I/MicroDetectionState(10649): Should stop hotword detection immediately - true
05-12 13:35:46.661 I/Zygote  (25330): seccomp disabled by setenforce 0
05-12 13:35:46.671 E/izhan.dict:sta(25330): Not starting debugger since process cannot load the jdwp agent.
05-12 13:35:46.673 I/auditd  ( 2611): type=1400 audit(0.0:9956): avc: denied { ioctl } for comm="RenderThread" path="/dev/kgsl-3d0" dev="tmpfs" ino=1772 ioctlcmd=93d scontext=u:r:platform_app:s0:c512,c768 tcontext=u:object_r:device:s0 tclass=chr_file permissive=1
05-12 13:35:46.673 I/RenderThread( 2611): type=1400 audit(0.0:9956): avc: denied { ioctl } for path="/dev/kgsl-3d0" dev="tmpfs" ino=1772 ioctlcmd=93d scontext=u:r:platform_app:s0:c512,c768 tcontext=u:object_r:device:s0 tclass=chr_file permissive=1
05-12 13:35:46.680 V/xiaomi  (17846): [Thread:408] receive a message, appid=2882303761517142681, msgid= i5LL1589254213031
05-12 13:35:46.686 I/CastDatabase( 2912): Opening the database
05-12 13:35:46.698 I/am_proc_bound(  985): [0,25330,com.baicizhan.dict:stat]
05-12 13:35:46.701 I/WifiService(  985): startScan uid=10120
05-12 13:35:46.703 I/DiscoveryManager( 2912): WifiGuestModeDeviceScanner enabled.
05-12 13:35:46.717 I/SQLiteCastStore( 2912): 0 CastNetworkInfo instances loaded, 0 CastDeviceInfo instances loaded, 0 paired guest mode devices loaded.
05-12 13:35:46.728 I/dvm_lock_sample(  985): [system_server,1,android.display,17,WindowManagerService.java,4997,void com.android.server.wm.WindowManagerService$H.handleMessage(android.os.Message),-,1873,int com.android.server.wm.WindowManagerService.relayoutWindow(com.android.server.wm.Session, android.view.IWindow, int, android.view.WindowManager$LayoutParams, int, int, int, int, long, android.graphics.Rect, android.graphics.Rect, android.graphics.Rect, android.graphics.Rect, android.graphics.Rect, android.graphics.Rect, android.graphics.Rect, android.view.DisplayCutout$ParcelableWrapper, android.util.MergedConfiguration, android.view.Surface),3]
05-12 13:35:46.741 I/auditd  ( 2611): type=1400 audit(0.0:9957): avc: denied { read write } for comm="RenderThread" path="/dev/kgsl-3d0" dev="tmpfs" ino=1772 scontext=u:r:platform_app:s0:c512,c768 tcontext=u:object_r:device:s0 tclass=chr_file permissive=1
05-12 13:35:46.741 I/RenderThread( 2611): type=1400 audit(0.0:9957): avc: denied { read write } for path="/dev/kgsl-3d0" dev="tmpfs" ino=1772 scontext=u:r:platform_app:s0:c512,c768 tcontext=u:object_r:device:s0 tclass=chr_file permissive=1
05-12 13:35:46.790 W/izhan.dict:sta(25330): resources.arsc in APK '/data/app/com.baicizhan.dict-4ibZrgS4lJRoPiG7RsYc0g==/base.apk' is compressed.
05-12 13:35:46.798 I/MultiDex(25330): VM with version 2.1.0 has multidex support
05-12 13:35:46.798 I/MultiDex(25330): install
05-12 13:35:46.798 I/MultiDex(25330): VM has multidex support, MultiDex support library is disabled.
05-12 13:35:46.809 I/auditd  (17875): type=1400 audit(0.0:9958): avc: denied { ioctl } for comm="RenderThread" path="/dev/kgsl-3d0" dev="tmpfs" ino=1772 ioctlcmd=935 scontext=u:r:untrusted_app_25:s0:c512,c768 tcontext=u:object_r:device:s0 tclass=chr_file permissive=1
05-12 13:35:46.809 I/RenderThread(17875): type=1400 audit(0.0:9958): avc: denied { ioctl } for path="/dev/kgsl-3d0" dev="tmpfs" ino=1772 ioctlcmd=935 scontext=u:r:untrusted_app_25:s0:c512,c768 tcontext=u:object_r:device:s0 tclass=chr_file permissive=1
05-12 13:35:46.817 W/audit   (    0): audit_lost=3645 audit_rate_limit=5 audit_backlog_limit=64
05-12 13:35:46.817 E/audit   (    0): rate limit exceeded
05-12 13:35:46.847 D/whiz    (25330): process name: com.baicizhan.dict:stat
05-12 13:35:46.889 I/WebViewFactory(25330): Loading com.android.webview version 81.0.4044.117 (code 404411703)
05-12 13:35:46.914 I/NearbyDiscovery( 2385): FastPairScanner2: Stopping scan [CONTEXT service_id=49 ]
05-12 13:35:46.915 D/BluetoothAdapter( 2385): isLeEnabled(): ON
05-12 13:35:46.920 E/AudioFlinger(25269): no wake lock to update, but system ready!
05-12 13:35:46.925 D/BluetoothAdapter( 2385): isLeEnabled(): ON
05-12 13:35:46.925 I/cr_LibraryLoader(25330): Loaded native library version number "81.0.4044.117"
05-12 13:35:46.929 I/bt_stack(25021): [INFO:gatt_api.cc(948)] GATT_Register 94313328-a570-ac84-80bd-7b9a808a1862
05-12 13:35:46.929 I/bt_stack(25021): [INFO:gatt_api.cc(968)] allocated gatt_if=5
05-12 13:35:46.929 D/BluetoothLeScanner( 2385): onScannerRegistered() - status=0 scannerId=5 mScannerId=0
05-12 13:35:46.935 I/NearbyDiscovery( 2385): FastPairScanner2: Starting LOW_POWER_SCANNING scanning [CONTEXT service_id=49 ]
05-12 13:35:47.019 I/am_meminfo(  985): [608333824,326709248,76292096,213745664,256700416]
05-12 13:35:47.027 W/SurfaceFlinger(  453): Attempting to set client state on removed layer: SnapshotStartingWindow for taskId=39#0
05-12 13:35:47.028 W/SurfaceFlinger(  453): Attempting to destroy on removed layer: SnapshotStartingWindow for taskId=39#0
05-12 13:35:47.054 I/am_pss  (  985): [2385,10120,com.google.android.gms.persistent,45958144,36962304,4117504,85245952,1,5,34]
05-12 13:35:47.086 I/am_pss  (  985): [2029,10081,com.google.android.inputmethod.latin,46587904,38219776,5661696,84361216,1,6,31]
05-12 13:35:47.108 I/bt_stack(25021): [INFO:device.cc(1227)] c4:67:b5:39:cc:ea : HandlePlayPosUpdate
05-12 13:35:47.109 D/NewAvrcpTargetJni(25021): getCurrentPlayStatus
05-12 13:35:47.109 D/NewAvrcpNativeInterface(25021): getPlayStatus
05-12 13:35:47.115 I/am_pss  (  985): [17681,10126,com.google.android.packageinstaller,23202816,21229568,83968,59834368,1,18,29]
05-12 13:35:47.119 I/bt_stack(25021): [INFO:device.cc(461)] c4:67:b5:39:cc:ea : PlaybackPosNotificationResponse: Queue next play position update
05-12 13:35:47.135 D/NewAvrcpTargetJni(25021): getCurrentPlayStatus
05-12 13:35:47.135 D/NewAvrcpNativeInterface(25021): getPlayStatus
05-12 13:35:47.141 I/am_pss  (  985): [11167,10144,com.google.android.tts,22647808,610304,21065728,32043008,1,18,26]
05-12 13:35:47.143 I/bt_stack(25021): [INFO:device.cc(461)] c4:67:b5:39:cc:ea : PlaybackPosNotificationResponse: Queue next play position update
05-12 13:35:47.166 I/am_pss  (  985): [21453,10119,com.google.android.apps.turbo,7159808,5840896,98304,39809024,1,18,25]
05-12 13:35:47.191 I/am_pss  (  985): [3676,10035,ch.deletescape.lawnchair.mokee:bugReport,8650752,1314816,6572032,29298688,1,4,24]
05-12 13:35:47.216 I/am_pss  (  985): [3174,10120,com.google.process.gservices,6033408,2838528,2378752,31981568,1,18,24]
05-12 13:35:47.244 I/am_pss  (  985): [14191,10022,com.mokee.center,12377088,7299072,3518464,45686784,1,4,28]
05-12 13:35:47.277 I/am_pss  (  985): [14257,10022,com.mokee.center:pushcore,14988288,9621504,3235840,58056704,1,4,32]
05-12 13:35:47.303 I/am_pss  (  985): [10708,10128,com.google.android.googlequicksearchbox:interactor,11384832,8900608,108544,43659264,1,4,26]
05-12 13:35:47.332 I/am_pss  (  985): [5151,10117,com.google.android.ims,12160000,6848512,4061184,42491904,1,9,28]
05-12 13:35:47.354 W/cr_AwDataDirLock(25330): Using WebView from more than one process at once with the same data directory is not supported. https://crbug.com/558377 : Lock owner com.baicizhan.dict (pid 24635)
05-12 13:35:47.356 I/am_pss  (  985): [5830,1001,com.qualcomm.qcrilmsgtunnel,4600832,770048,3146752,26902528,1,5,24]
05-12 13:35:47.380 I/am_pss  (  985): [3339,10084,com.android.smspush,3553280,987136,1963008,24678400,1,5,23]
05-12 13:35:47.387 E/cr_ChildProcessService(24704): Service is already bound by pid 24635, cannot bind for pid 25330
05-12 13:35:47.394 E/cr_SpareChildConn(25330): Failed to warm up the spare sandbox service
05-12 13:35:47.404 I/am_pss  (  985): [3250,1068,com.android.se,3648512,1032192,1995776,25362432,1,0,23]
05-12 13:35:47.429 I/am_pss  (  985): [3238,1027,com.android.nfc,16165888,11710464,3458048,42557440,1,0,25]
05-12 13:35:47.452 W/chromium(25330): [WARNING:dns_config_service_posix.cc(341)] Failed to read DnsConfig.
05-12 13:35:47.454 I/am_pss  (  985): [3220,10005,org.mokee.audiofx,6535168,3383296,2269184,31965184,1,0,24]
05-12 13:35:47.470 D/ConnectivityService(  985): requestNetwork for uid/pid:10047/25330 NetworkRequest [ TRACK_DEFAULT id=262, [ Capabilities: INTERNET&NOT_RESTRICTED&TRUSTED Unwanted:  Uid: 10047] ]
05-12 13:35:47.471 D/WIFI    (  985): got request NetworkRequest [ TRACK_DEFAULT id=262, [ Capabilities: INTERNET&NOT_RESTRICTED&TRUSTED Unwanted:  Uid: 10047] ] with score 60
05-12 13:35:47.471 D/WIFI_UT (  985): got request NetworkRequest [ TRACK_DEFAULT id=262, [ Capabilities: INTERNET&NOT_RESTRICTED&TRUSTED Unwanted:  Uid: 10047] ] with score 60
05-12 13:35:47.472 D/Ethernet(  985): got request NetworkRequest [ TRACK_DEFAULT id=262, [ Capabilities: INTERNET&NOT_RESTRICTED&TRUSTED Unwanted:  Uid: 10047] ] with score 60
05-12 13:35:47.472 D/PhoneSwitcherNetworkRequstListener( 2342): got request NetworkRequest [ TRACK_DEFAULT id=262, [ Capabilities: INTERNET&NOT_RESTRICTED&TRUSTED Unwanted:  Uid: 10047] ] with score 60
05-12 13:35:47.472 D/TelephonyNetworkFactory[0]( 2342): got request NetworkRequest [ TRACK_DEFAULT id=262, [ Capabilities: INTERNET&NOT_RESTRICTED&TRUSTED Unwanted:  Uid: 10047] ] with score 60
05-12 13:35:47.472 D/PhoneSwitcher( 2342): evaluating due to netRequest
05-12 13:35:47.482 I/am_pss  (  985): [2342,1001,com.android.phone,13508608,8638464,3144704,46600192,1,0,28]
05-12 13:35:47.495 I/app init(25330): [DictAppHandler.java, f, 80]:app init channel = qq
05-12 13:35:47.506 I/am_pss  (  985): [2328,1000,org.pixelexperience.screenshot,4092928,1122304,2374656,24772608,1,0,24]
05-12 13:35:47.507 D/StatLogUploadService(25330): refresh mobile quota 104857600
05-12 13:35:47.512 V/baicizhandb(24635): delete tb_stat_log where timestamp <= 1588392000509
05-12 13:35:47.516 I/izhan.dict:sta(25330): System.exit called, status: 0
05-12 13:35:47.516 I/AndroidRuntime(25330): VM exiting with result code 0, cleanup skipped.
05-12 13:35:47.532 I/am_pss  (  985): [2056,1000,com.mokee.aegis,7669760,3948544,2579456,37969920,1,0,25]
05-12 13:35:47.577 D/ConnectivityService(  985): ConnectivityService NetworkRequestInfo binderDied(NetworkRequest [ LISTEN id=263, [ Capabilities: INTERNET&NOT_RESTRICTED&TRUSTED&FOREGROUND Unwanted:  Uid: 10047] ], android.os.BinderProxy@785f867)
05-12 13:35:47.577 D/ConnectivityService(  985): ConnectivityService NetworkRequestInfo binderDied(NetworkRequest [ TRACK_DEFAULT id=262, [ Capabilities: INTERNET&NOT_RESTRICTED&TRUSTED Unwanted:  Uid: 10047] ], android.os.BinderProxy@c645614)
05-12 13:35:47.577 D/ConnectivityService(  985): releasing NetworkRequest [ TRACK_DEFAULT id=262, [ Capabilities: INTERNET&NOT_RESTRICTED&TRUSTED Unwanted:  Uid: 10047] ] (release request)
05-12 13:35:47.577 I/ActivityManager(  985): Process com.baicizhan.dict:stat (pid 25330) has died: fore SVC 
05-12 13:35:47.577 I/am_proc_died(  985): [0,25330,com.baicizhan.dict:stat,0,9]
05-12 13:35:47.578 W/libprocessgroup(  985): kill(-25330, 9) failed: No such process
05-12 13:35:47.578 D/PhoneSwitcher( 2342): evaluating due to netReleased
05-12 13:35:47.580 I/Zygote  (  376): Process 25330 exited cleanly (0)
05-12 13:35:47.617 I/am_pss  (  985): [985,1000,system,154518528,103022592,9621504,265936896,1,0,84]
05-12 13:35:47.620 W/libprocessgroup(  985): kill(-25330, 9) failed: No such process
05-12 13:35:47.620 I/libprocessgroup(  985): Successfully killed process cgroup uid 10047 pid 25330 in 42ms
05-12 13:35:48.143 I/bt_stack(25021): [INFO:device.cc(1227)] c4:67:b5:39:cc:ea : HandlePlayPosUpdate
05-12 13:35:48.150 D/NewAvrcpTargetJni(25021): getCurrentPlayStatus
05-12 13:35:48.154 D/NewAvrcpNativeInterface(25021): getPlayStatus
05-12 13:35:48.169 I/bt_stack(25021): [INFO:device.cc(461)] c4:67:b5:39:cc:ea : PlaybackPosNotificationResponse: Queue next play position update
05-12 13:35:48.184 D/NewAvrcpTargetJni(25021): getCurrentPlayStatus
05-12 13:35:48.184 D/NewAvrcpNativeInterface(25021): getPlayStatus
05-12 13:35:48.189 I/bt_stack(25021): [INFO:device.cc(461)] c4:67:b5:39:cc:ea : PlaybackPosNotificationResponse: Queue next play position update
05-12 13:35:48.520 I/ActivityManager(  985): START u0 {flg=0x20000 cmp=com.netease.cloudmusic/.activity.PlayerActivity (has extras)} from uid 10168
05-12 13:35:48.522 I/am_create_activity(  985): [0,7007933,39,com.netease.cloudmusic/.activity.PlayerActivity,NULL,NULL,NULL,131072]
05-12 13:35:48.525 I/am_pause_activity(  985): [0,175403132,com.netease.cloudmusic/.activity.MainActivity,userLeaving=true]
05-12 13:35:48.543 I/am_on_paused_called(17786): [0,com.netease.cloudmusic.activity.MainActivity,performPause]
05-12 13:35:48.549 I/auditd  (  958): type=1400 audit(0.0:9961): avc: denied { append } for comm="qmuxd" path="/sys/power/wake_lock" dev="sysfs" ino=77 scontext=u:r:init:s0 tcontext=u:object_r:sysfs_wake_lock:s0 tclass=file permissive=1
05-12 13:35:48.549 I/qmuxd   (  958): type=1400 audit(0.0:9961): avc: denied { append } for path="/sys/power/wake_lock" dev="sysfs" ino=77 scontext=u:r:init:s0 tcontext=u:object_r:sysfs_wake_lock:s0 tclass=file permissive=1
05-12 13:35:48.550 I/am_restart_activity(  985): [0,7007933,39,com.netease.cloudmusic/.activity.PlayerActivity]
05-12 13:35:48.553 I/am_set_resumed_activity(  985): [0,com.netease.cloudmusic/.activity.PlayerActivity,minimalResumeActivityLocked]
05-12 13:35:48.560 W/ActivityThread(17786): handleWindowVisibility: no activity for token android.os.BinderProxy@9b2663a
05-12 13:35:48.561 I/sysui_count(  985): [window_time_0,230]
05-12 13:35:48.561 I/sysui_multi_action(  985): [757,803,799,window_time_0,802,230]
05-12 13:35:48.570 I/AppCompatDelegate(17786): The Activity's LayoutInflater already has a Factory installed so we can not install AppCompat's
05-12 13:35:48.730 I/am_on_create_called(17786): [0,com.netease.cloudmusic.activity.PlayerActivity,performCreate]
05-12 13:35:48.733 I/am_on_start_called(17786): [0,com.netease.cloudmusic.activity.PlayerActivity,handleStartActivity]
05-12 13:35:48.737 D/PlayService(17846): PlayerHandler,action:49,null,1,0
05-12 13:35:48.738 D/PlayerActivityBase(17786): onResume()
05-12 13:35:48.741 D/PlayService(17846): PlayerHandler,action:51,null,0,0
05-12 13:35:48.751 I/am_on_resume_called(17786): [0,com.netease.cloudmusic.activity.PlayerActivity,RESUME_ACTIVITY]
05-12 13:35:48.881 I/auditd  (  453): type=1400 audit(0.0:9964): avc: denied { ioctl } for comm="surfaceflinger" path="/dev/kgsl-3d0" dev="tmpfs" ino=1772 ioctlcmd=915 scontext=u:r:surfaceflinger:s0 tcontext=u:object_r:device:s0 tclass=chr_file permissive=1
05-12 13:35:48.881 I/surfaceflinger(  453): type=1400 audit(0.0:9964): avc: denied { ioctl } for path="/dev/kgsl-3d0" dev="tmpfs" ino=1772 ioctlcmd=915 scontext=u:r:surfaceflinger:s0 tcontext=u:object_r:device:s0 tclass=chr_file permissive=1
05-12 13:35:49.190 I/bt_stack(25021): [INFO:device.cc(1227)] c4:67:b5:39:cc:ea : HandlePlayPosUpdate
05-12 13:35:49.191 D/NewAvrcpTargetJni(25021): getCurrentPlayStatus
05-12 13:35:49.191 D/NewAvrcpNativeInterface(25021): getPlayStatus
05-12 13:35:49.201 I/bt_stack(25021): [INFO:device.cc(461)] c4:67:b5:39:cc:ea : PlaybackPosNotificationResponse: Queue next play position update
05-12 13:35:49.217 I/am_stop_activity(  985): [0,175403132,com.netease.cloudmusic/.activity.MainActivity]
05-12 13:35:49.220 D/NewAvrcpTargetJni(25021): getCurrentPlayStatus
05-12 13:35:49.220 D/NewAvrcpNativeInterface(25021): getPlayStatus
05-12 13:35:49.225 I/bt_stack(25021): [INFO:device.cc(461)] c4:67:b5:39:cc:ea : PlaybackPosNotificationResponse: Queue next play position update
05-12 13:35:49.335 I/am_on_stop_called(17786): [0,com.netease.cloudmusic.activity.MainActivity,STOP_ACTIVITY_ITEM]
05-12 13:35:50.226 I/bt_stack(25021): [INFO:device.cc(1227)] c4:67:b5:39:cc:ea : HandlePlayPosUpdate
05-12 13:35:50.226 D/NewAvrcpTargetJni(25021): getCurrentPlayStatus
05-12 13:35:50.226 D/NewAvrcpNativeInterface(25021): getPlayStatus
05-12 13:35:50.240 I/bt_stack(25021): [INFO:device.cc(461)] c4:67:b5:39:cc:ea : PlaybackPosNotificationResponse: Queue next play position update
05-12 13:35:50.255 D/NewAvrcpTargetJni(25021): getCurrentPlayStatus
05-12 13:35:50.256 D/NewAvrcpNativeInterface(25021): getPlayStatus
05-12 13:35:50.264 I/bt_stack(25021): [INFO:device.cc(461)] c4:67:b5:39:cc:ea : PlaybackPosNotificationResponse: Queue next play position update
05-12 13:35:50.571 I/MSM-irqbalance(  703): Decided to move IRQ215 from CPU2 to CPU3
05-12 13:35:51.265 I/bt_stack(25021): [INFO:device.cc(1227)] c4:67:b5:39:cc:ea : HandlePlayPosUpdate
05-12 13:35:51.269 D/NewAvrcpTargetJni(25021): getCurrentPlayStatus
05-12 13:35:51.269 D/NewAvrcpNativeInterface(25021): getPlayStatus
05-12 13:35:51.282 I/bt_stack(25021): [INFO:device.cc(461)] c4:67:b5:39:cc:ea : PlaybackPosNotificationResponse: Queue next play position update
05-12 13:35:51.289 D/NewAvrcpTargetJni(25021): getCurrentPlayStatus
05-12 13:35:51.289 D/NewAvrcpNativeInterface(25021): getPlayStatus
05-12 13:35:51.295 I/bt_stack(25021): [INFO:device.cc(461)] c4:67:b5:39:cc:ea : PlaybackPosNotificationResponse: Queue next play position update
05-12 13:35:52.296 I/bt_stack(25021): [INFO:device.cc(1227)] c4:67:b5:39:cc:ea : HandlePlayPosUpdate
05-12 13:35:52.296 D/NewAvrcpTargetJni(25021): getCurrentPlayStatus
05-12 13:35:52.296 D/NewAvrcpNativeInterface(25021): getPlayStatus
05-12 13:35:52.305 I/bt_stack(25021): [INFO:device.cc(461)] c4:67:b5:39:cc:ea : PlaybackPosNotificationResponse: Queue next play position update
05-12 13:35:52.319 D/NewAvrcpTargetJni(25021): getCurrentPlayStatus
05-12 13:35:52.319 D/NewAvrcpNativeInterface(25021): getPlayStatus
05-12 13:35:52.329 I/bt_stack(25021): [INFO:device.cc(461)] c4:67:b5:39:cc:ea : PlaybackPosNotificationResponse: Queue next play position update
