05-12 13:35:18.916 D/CloudMusicNativePlayer(17846): GetCurrentPos Fail Current State(3)
05-12 13:35:18.916 D/CloudMusicNativePlayer(17846): AudioStreamTask(9):Start.
05-12 13:35:18.916 D/CloudMusicNativePlayer(17846): Stream(9):Open.
05-12 13:35:18.916 D/CloudMusicNativePlayer(17846): Stream(9):Open Source.
05-12 13:35:18.916 D/CloudMusicNativePlayer(17846): Stream(9):Open Decoder.
05-12 13:35:18.916 D/CloudMusicNativePlayer(17846): source(9):Native Read Begin.
05-12 13:35:18.919 V/qcreverb(24163): 	Effect_command, ctxt 0xddeff300, cmd 2
05-12 13:35:18.919 V/qcreverb(24163): 	Reverb_setConfig, ctxt 0xddeff300
05-12 13:35:18.919 V/qcvirt  (24163): 	Effect_command, ctxt 0xdde6b200, cmd 2
05-12 13:35:18.919 V/qcvirt  (24163): 	Virtualizer_setConfig, ctxt 0xdde6b200
05-12 13:35:18.919 V/qcbassboost(24163): 	Effect_command: ctxt 0xe3112b00, cmd 2
05-12 13:35:18.919 V/qcbassboost(24163): 	BassBoost_setConfig: ctxt 0xe3112b00
05-12 13:35:18.922 V/NewAvrcpMediaPlayerWrapper(25021): onPlaybackStateChanged(): com.netease.cloudmusic : PlaybackState {state=3, position=0, buffered position=0, speed=1.0, updated=138193380, actions=822, custom actions=[], active item id=-1, error=null}
05-12 13:35:18.924 V/NewAvrcpMediaPlayerWrapper(25021): trySendMediaUpdate(): Metadata has been updated for com.netease.cloudmusic
05-12 13:35:18.924 D/NewAvrcpMediaPlayerList(25021): sendMediaUpdate
05-12 13:35:18.924 I/NewAvrcpMediaPlayerList(25021): sendMediaUpdate: Creating a one item queue for a player with no queue
05-12 13:35:18.924 D/NewAvrcpTargetService(25021): onMediaUpdated: track_changed=true state=true queue=true
05-12 13:35:18.924 D/NewAvrcpNativeInterface(25021): sendMediaUpdate: metadata=true playStatus=true queue=true
05-12 13:35:18.924 D/NewAvrcpTargetJni(25021): sendMediaUpdateNative
05-12 13:35:18.924 I/bt_stack(25021): [INFO:avrcp_service.cc(342)] virtual void bluetooth::avrcp::AvrcpService::SendMediaUpdate(bool, bool, bool) track_changed=1 :  play_state=1 :  queue=1
05-12 13:35:18.924 W/bt_stack(25021): [WARNING:device.cc(1192)] Device is not registered for now playing updates
05-12 13:35:18.924 I/bt_stack(25021): [INFO:device.cc(1227)] c4:67:b5:39:cc:ea : HandlePlayPosUpdate
05-12 13:35:18.924 D/NewAvrcpTargetJni(25021): getCurrentPlayStatus
05-12 13:35:18.924 D/NewAvrcpNativeInterface(25021): getPlayStatus
05-12 13:35:18.924 W/bt_stack(25021): [WARNING:device.cc(1167)] Device is not registered for track changed updates
05-12 13:35:18.925 D/NewAvrcpTargetJni(25021): getCurrentPlayStatus
05-12 13:35:18.925 I/bt_stack(25021): [INFO:device.cc(409)] c4:67:b5:39:cc:ea : PlaybackStatusNotificationResponse: Not sending notification due to no state update c4:67:b5:39:cc:ea
05-12 13:35:18.925 D/NewAvrcpNativeInterface(25021): getPlayStatus
05-12 13:35:18.926 D/CloudMusicNativePlayer(17846): source(9):Native Read:1310720 End.
05-12 13:35:18.927 I/bt_stack(25021): [INFO:device.cc(461)] c4:67:b5:39:cc:ea : PlaybackPosNotificationResponse: Queue next play position update
05-12 13:35:18.927 V/NewAvrcpMediaPlayerWrapper(25021): onMetadataChanged(): com.netease.cloudmusic : { mediaId="currsong" title="world.execute (me) ;" artist="Mili" album="" duration=211957 trackPosition=1/1 }
05-12 13:35:18.929 V/NewAvrcpMediaPlayerWrapper(25021): trySendMediaUpdate(): Metadata has been updated for com.netease.cloudmusic
05-12 13:35:18.929 D/NewAvrcpMediaPlayerList(25021): sendMediaUpdate
05-12 13:35:18.929 I/NewAvrcpMediaPlayerList(25021): sendMediaUpdate: Creating a one item queue for a player with no queue
05-12 13:35:18.929 V/qcreverb(24163): 	Effect_command, ctxt 0xddeff300, cmd 2
05-12 13:35:18.929 V/qcreverb(24163): 	Reverb_setConfig, ctxt 0xddeff300
05-12 13:35:18.929 V/qcvirt  (24163): 	Effect_command, ctxt 0xdde6b200, cmd 2
05-12 13:35:18.929 V/qcvirt  (24163): 	Virtualizer_setConfig, ctxt 0xdde6b200
05-12 13:35:18.929 V/qcbassboost(24163): 	Effect_command: ctxt 0xe3112b00, cmd 2
05-12 13:35:18.929 V/qcbassboost(24163): 	BassBoost_setConfig: ctxt 0xe3112b00
05-12 13:35:18.929 D/NewAvrcpTargetService(25021): onMediaUpdated: track_changed=false state=false queue=false
05-12 13:35:18.930 D/NewAvrcpNativeInterface(25021): sendMediaUpdate: metadata=false playStatus=false queue=false
05-12 13:35:18.930 D/NewAvrcpTargetJni(25021): sendMediaUpdateNative
05-12 13:35:18.930 I/bt_stack(25021): [INFO:avrcp_service.cc(342)] virtual void bluetooth::avrcp::AvrcpService::SendMediaUpdate(bool, bool, bool) track_changed=0 :  play_state=0 :  queue=0
05-12 13:35:18.938 D/NewAvrcpTargetJni(25021): getCurrentPlayStatus
05-12 13:35:18.938 D/NewAvrcpNativeInterface(25021): getPlayStatus
05-12 13:35:18.939 D/CloudMusicNativePlayer(17846): AVIOSeek:(0, 65536)
05-12 13:35:18.940 D/CloudMusicNativePlayer(17846): FFmpeg GetSize (5194779)!
05-12 13:35:18.940 D/CloudMusicNativePlayer(17846): AVIOSeek:(0, 65536)
05-12 13:35:18.940 I/bt_stack(25021): [INFO:device.cc(461)] c4:67:b5:39:cc:ea : PlaybackPosNotificationResponse: Queue next play position update
05-12 13:35:18.940 D/CloudMusicNativePlayer(17846): FFmpeg GetSize (5194779)!
05-12 13:35:18.944 D/CloudMusicNativePlayer(17846): AVIOSeek:(0, 65536)
05-12 13:35:18.944 D/CloudMusicNativePlayer(17846): FFmpeg GetSize (5194779)!
05-12 13:35:18.944 D/CloudMusicNativePlayer(17846): AVIOSeek:(0, 65536)
05-12 13:35:18.944 D/CloudMusicNativePlayer(17846): FFmpeg GetSize (5194779)!
05-12 13:35:18.944 D/CloudMusicNativePlayer(17846): AVIOSeek:(0, 65536)
05-12 13:35:18.944 D/CloudMusicNativePlayer(17846): FFmpeg GetSize (5194779)!
05-12 13:35:18.944 D/CloudMusicNativePlayer(17846): Decoder(9): Stream index:0, stream_type:1, duration:211.957550
05-12 13:35:18.944 D/CloudMusicNativePlayer(17846): Decoder(9): Stream index:1, stream_type:0, duration:211.957550
05-12 13:35:18.945 D/CloudMusicNativePlayer(17846): Decoder(9): Codec ID(86017) Code Info:Audio: mp3, 44100 Hz, stereo, s16p, 192 kb/s
05-12 13:35:18.945 D/CloudMusicNativePlayer(17846): Decoder(9): Pre Codec Open
05-12 13:35:18.945 D/CloudMusicNativePlayer(17846): format:mp3
05-12 13:35:18.945 D/CloudMusicNativePlayer(17846): support fast seek:1
05-12 13:35:18.945 D/CloudMusicNativePlayer(17846): Stream(9):Open Decoder End.
05-12 13:35:18.945 D/CloudMusicNativePlayer(17846): AudioStreamTask(9):Stream Wait Open
05-12 13:35:18.945 D/CloudMusicNativePlayer(17846): Player(9) Stream Open
05-12 13:35:18.945 D/CloudMusicNativePlayer(17846): Player(9) OpenDevice Begin
05-12 13:35:18.945 D/CloudMusicNativePlayer(17846): AudioTrack(9):Opened
05-12 13:35:18.945 D/CloudMusicNativePlayer(17846): AudioTrack(9): Device Flush
05-12 13:35:18.945 D/CloudMusicNativePlayer(17846): Player(9) OpenDevice Done (0)
05-12 13:35:18.945 D/CloudMusicNativePlayer(17846): SetStereoVolume(1.000000-1.000000)
05-12 13:35:18.945 D/CloudMusicNativePlayer(17846): AudioRenderTask(9): Run begin!
05-12 13:35:18.945 D/CloudMusicNativePlayer(17846): Player(9) Stream Open Done(0)
05-12 13:35:18.945 D/CloudMusicNativePlayer(17846): AudioRenderTask(9):Prepare!
05-12 13:35:18.945 D/CloudMusicNativePlayer(17846): PostNativeMsg: what:1, args:0, args2:0
05-12 13:35:18.945 D/CloudMusicNativePlayer(17846): AudioRenderTask(9):Prepare Finish!
05-12 13:35:18.945 D/CloudMusicNativePlayer(17846): AudioRenderTask(9):Device Init!
05-12 13:35:18.945 D/CloudMusicNativePlayer(17846): AudioRenderTask(9):Running 
05-12 13:35:18.946 D/CloudMusicNativePlayer(17846): AudioStreamTask(9):Stream Run.
05-12 13:35:18.946 D/CloudMusicNativePlayer(17846): Stream(9): Looping Run
05-12 13:35:18.946 D/CloudMusicNativePlayer(17846): Decoder(9): Not Audio Stream Packet!
05-12 13:35:18.946 D/CloudMusicNativePlayer(17846): PostNativeMsg End: what:1, args:0, args2:0
05-12 13:35:18.947 D/LocalPlayback(17846): >>>>onPrepared:com.netease.cloudmusic.module.player.NeteaseAudioPlayer@d207994,-2147483648
05-12 13:35:18.947 D/CloudMusicNativePlayer(17846): call func:jint audio::AudioPlayer_getAudioSessionId(JNIEnv*, jobject)
05-12 13:35:18.947 D/LocalPlayback(17846): >>>>configMediaPlayerState00:-2147483648,2,true,true
05-12 13:35:18.947 D/CloudMusicNativePlayer(17846): setVolume(1.000000-1.000000)
05-12 13:35:18.947 D/CloudMusicNativePlayer(17846): SetStereoVolume(1.000000-1.000000)
05-12 13:35:18.947 D/CloudMusicNativePlayer(17846): call func:jint audio::AudioPlayer_getPlayState(JNIEnv*, jobject)
05-12 13:35:18.947 D/LocalPlayback(17846): >>>>configMediaPlayerState:0,0,-2147483648
05-12 13:35:18.948 D/LocalPlayback(17846): >>>resumeInnerJust:com.netease.cloudmusic.module.player.NeteaseAudioPlayer@d207994,2
05-12 13:35:18.948 W/AudioManager(17846): Use of stream types is deprecated for operations other than volume control
05-12 13:35:18.948 W/AudioManager(17846): See the documentation of requestAudioFocus() for what to use instead with android.media.AudioAttributes to qualify your playback use case
05-12 13:35:18.948 I/MediaFocusControl(  985): requestAudioFocus() from uid/pid 10168/17846 clientId=android.media.AudioManager@e83e721com.netease.cloudmusic.module.player.b.b@6106f64 callingPack=com.netease.cloudmusic req=1 flags=0x0 sdk=22
05-12 13:35:18.949 D/LocalPlayback(17846): >>>tryToGetAudioFocus:2
05-12 13:35:18.950 D/CloudMusicNativePlayer(17846): call func:void audio::AudioPlayer_start(JNIEnv*, jobject)
05-12 13:35:18.950 D/CloudMusicNativePlayer(17846): Player Play!
05-12 13:35:18.950 D/CloudMusicNativePlayer(17846): Player Play finish!
05-12 13:35:18.950 D/CloudMusicNativePlayer(17846): DoPlay (5)!
05-12 13:35:18.950 D/CloudMusicNativePlayer(17846): AudioTrack(9): Play(1)
05-12 13:35:18.950 D/CloudMusicNativePlayer(17846): DoPlay Finish!
05-12 13:35:18.950 D/CloudMusicNativePlayer(17846): AudioQueue(9):Fill Wait (0.340658)
05-12 13:35:18.950 D/CloudMusicNativePlayer(17846): Enter Buffering<<<<<<<<<<<<<<<<<<<<<<<<<<<<<<<<<<<<<<<<<<<<<<<<<<<<
05-12 13:35:18.950 D/CloudMusicNativePlayer(17846): PostNativeMsg: what:200, args:701, args2:0
05-12 13:35:18.951 D/CloudMusicNativePlayer(17846): PostNativeMsg End: what:200, args:701, args2:0
05-12 13:35:18.961 V/qcreverb(24163): 	Effect_command, ctxt 0xddeff300, cmd 2
05-12 13:35:18.961 V/qcreverb(24163): 	Reverb_setConfig, ctxt 0xddeff300
05-12 13:35:18.961 V/qcvirt  (24163): 	Effect_command, ctxt 0xdde6b200, cmd 2
05-12 13:35:18.961 V/qcvirt  (24163): 	Virtualizer_setConfig, ctxt 0xdde6b200
05-12 13:35:18.961 V/qcbassboost(24163): 	Effect_command: ctxt 0xe3112b00, cmd 2
05-12 13:35:18.961 V/qcbassboost(24163): 	BassBoost_setConfig: ctxt 0xe3112b00
05-12 13:35:18.965 D/LocalPlayback(17846): >>>>onInfo MEDIA_INFO_BUFFERING_START:3
05-12 13:35:18.968 V/NewAvrcpMediaPlayerWrapper(25021): onPlaybackStateChanged(): com.netease.cloudmusic : PlaybackState {state=3, position=0, buffered position=0, speed=1.0, updated=138193429, actions=822, custom actions=[], active item id=-1, error=null}
05-12 13:35:18.968 W/NewAvrcpMediaPlayerWrapper(25021): onPlaybackStateChanged(): com.netease.cloudmusic tried to update with no new data
05-12 13:35:18.973 F/StreamHalLocal(24163): Local streams can not have effects
05-12 13:35:18.973 F/libc    (24163): Fatal signal 6 (SIGABRT), code -6 (SI_TKILL) in tid 24169 (ApmOutput), pid 24163 (audioserver)
05-12 13:35:18.994 D/CloudMusicNativePlayer(17846): AudioQueue(9):Fill Wait Done(3.005147)
05-12 13:35:18.994 D/CloudMusicNativePlayer(17846): Leave Buffering<<<<<<<<<<<<<<<<<<<<<<<<<<<<<<<<<<<<<<<<<<<<<<<<<<<<
05-12 13:35:18.995 D/CloudMusicNativePlayer(17846): AudioTrack(9): Play(0)
05-12 13:35:19.026 W/bt_btif (25021): poll timeout (10 ms)
05-12 13:35:19.027 W/bt_btif_a2dp_source(25021): btif_a2dp_source_read_callback: UNDERFLOW: ONLY READ 384 BYTES OUT OF 2688
05-12 13:35:19.027 W/a2dp_vendor_aptx_encoder(25021): a2dp_vendor_aptx_send_frames: underflow at PCM reading: read 384 bytes instead of 2688
05-12 13:35:19.039 I/crash_dump32(25266): obtaining output fd from tombstoned, type: kDebuggerdTombstone
05-12 13:35:19.040 I//system/bin/tombstoned(  551): received crash request for pid 24169
05-12 13:35:19.040 W/bt_btif (25021): poll timeout (10 ms)
05-12 13:35:19.040 W/bt_btif_a2dp_source(25021): btif_a2dp_source_read_callback: UNDERFLOW: ONLY READ 0 BYTES OUT OF 2688
05-12 13:35:19.040 W/a2dp_vendor_aptx_encoder(25021): a2dp_vendor_aptx_send_frames: underflow at PCM reading: read 0 bytes instead of 2688
05-12 13:35:19.040 I/crash_dump32(25266): performing dump of process 24163 (target tid = 24169)
05-12 13:35:19.052 F/DEBUG   (25266): *** *** *** *** *** *** *** *** *** *** *** *** *** *** *** ***
05-12 13:35:19.053 F/DEBUG   (25266): MoKee Version: 'MK90.0-icesky-202005090745-NIGHTLY'
05-12 13:35:19.053 F/DEBUG   (25266): Build fingerprint: 'SMARTISAN/icesky_msm8992/icesky_msm8992:5.1.1/LMY47V/1:user/release-keys'
05-12 13:35:19.053 F/DEBUG   (25266): Revision: '0'
05-12 13:35:19.053 F/DEBUG   (25266): ABI: 'arm'
05-12 13:35:19.053 F/DEBUG   (25266): pid: 24163, tid: 24169, name: ApmOutput  >>> /system/bin/audioserver <<<
05-12 13:35:19.053 F/DEBUG   (25266): signal 6 (SIGABRT), code -6 (SI_TKILL), fault addr --------
05-12 13:35:19.053 F/DEBUG   (25266): Abort message: 'Local streams can not have effects'
05-12 13:35:19.053 F/DEBUG   (25266):     r0  00000000  r1  00005e69  r2  00000006  r3  00000008
05-12 13:35:19.053 F/DEBUG   (25266):     r4  00005e63  r5  00005e69  r6  e517b2e4  r7  0000010c
05-12 13:35:19.053 F/DEBUG   (25266):     r8  00000001  r9  e3113280  r10 00000059  r11 00000004
05-12 13:35:19.053 F/DEBUG   (25266):     ip  00000005  sp  e517b2d0  lr  e6f6aee9  pc  e6f62d3a
05-12 13:35:19.054 W/bt_btif (25021): poll timeout (10 ms)
05-12 13:35:19.054 W/bt_btif_a2dp_source(25021): btif_a2dp_source_read_callback: UNDERFLOW: ONLY READ 0 BYTES OUT OF 2688
05-12 13:35:19.054 W/a2dp_vendor_aptx_encoder(25021): a2dp_vendor_aptx_send_frames: underflow at PCM reading: read 0 bytes instead of 2688
05-12 13:35:19.068 W/bt_btif (25021): poll timeout (10 ms)
05-12 13:35:19.068 W/bt_btif_a2dp_source(25021): btif_a2dp_source_read_callback: UNDERFLOW: ONLY READ 0 BYTES OUT OF 2688
05-12 13:35:19.068 W/a2dp_vendor_aptx_encoder(25021): a2dp_vendor_aptx_send_frames: underflow at PCM reading: read 0 bytes instead of 2688
05-12 13:35:19.083 W/bt_btif (25021): poll timeout (10 ms)
05-12 13:35:19.083 W/bt_btif_a2dp_source(25021): btif_a2dp_source_read_callback: UNDERFLOW: ONLY READ 0 BYTES OUT OF 2688
05-12 13:35:19.083 W/a2dp_vendor_aptx_encoder(25021): a2dp_vendor_aptx_send_frames: underflow at PCM reading: read 0 bytes instead of 2688
05-12 13:35:19.086 F/DEBUG   (25266): 
05-12 13:35:19.086 F/DEBUG   (25266): backtrace:
05-12 13:35:19.086 F/DEBUG   (25266):     #00 pc 0001cd3a  /system/lib/libc.so (abort+58)
05-12 13:35:19.086 F/DEBUG   (25266):     #01 pc 00006ccd  /system/lib/liblog.so (__android_log_assert+156)
05-12 13:35:19.086 F/DEBUG   (25266):     #02 pc 00010169  /system/lib/libaudiohal@2.0.so (android::StreamHalLocal::removeEffect(android::sp<android::EffectHalInterface>)+12)
05-12 13:35:19.086 F/DEBUG   (25266):     #03 pc 0001017d  /system/lib/libaudiohal@2.0.so (_ZTv0_n52_N7android14StreamHalLocal12removeEffectENS_2spINS_18EffectHalInterfaceEEE+2)
05-12 13:35:19.086 F/DEBUG   (25266):     #04 pc 00035fcd  /system/lib/libaudioflinger.so (android::AudioFlinger::EffectModule::remove_effect_from_hal_l()+96)
05-12 13:35:19.086 F/DEBUG   (25266):     #05 pc 00034e7d  /system/lib/libaudioflinger.so (android::AudioFlinger::EffectModule::release_l()+12)
05-12 13:35:19.086 F/DEBUG   (25266):     #06 pc 0003803f  /system/lib/libaudioflinger.so (android::AudioFlinger::EffectChain::removeEffect_l(android::sp<android::AudioFlinger::EffectModule> const&, bool)+102)
05-12 13:35:19.087 F/DEBUG   (25266):     #07 pc 0001bc59  /system/lib/libaudioflinger.so (android::AudioFlinger::ThreadBase::removeEffect_l(android::sp<android::AudioFlinger::EffectModule> const&, bool)+80)
05-12 13:35:19.087 F/DEBUG   (25266):     #08 pc 0001bba3  /system/lib/libaudioflinger.so (android::AudioFlinger::ThreadBase::disconnectEffectHandle(android::AudioFlinger::EffectHandle*, bool)+134)
05-12 13:35:19.087 F/DEBUG   (25266):     #09 pc 0003709d  /system/lib/libaudioflinger.so (android::AudioFlinger::EffectHandle::disconnect(bool)+176)
05-12 13:35:19.087 F/DEBUG   (25266):     #10 pc 0002706b  /system/lib/libaudioclient.so (android::AudioEffect::~AudioEffect()+66)
05-12 13:35:19.087 F/DEBUG   (25266):     #11 pc 000271bb  /system/lib/libaudioclient.so (android::AudioEffect::~AudioEffect()+2)
05-12 13:35:19.087 F/DEBUG   (25266):     #12 pc 0000983b  /system/lib/libutils.so (android::RefBase::decStrong(void const*) const+66)
05-12 13:35:19.087 F/DEBUG   (25266):     #13 pc 0000ab1f  /system/lib/libaudiopolicyservice.so (android::Vector<android::sp<android::AudioPolicyService::AudioCommandThread::AudioCommand>>::do_destroy(void*, unsigned int) const+16)
05-12 13:35:19.087 F/DEBUG   (25266):     #14 pc 0000dda1  /system/lib/libutils.so (android::VectorImpl::_shrink(unsigned int, unsigned int)+428)
05-12 13:35:19.087 F/DEBUG   (25266):     #15 pc 0000bb03  /system/lib/libaudiopolicyservice.so (android::AudioPolicyEffects::releaseOutputSessionEffects(int, audio_stream_type_t, audio_session_t)+170)
05-12 13:35:19.087 F/DEBUG   (25266):     #16 pc 0000cbed  /system/lib/libaudiopolicyservice.so (android::AudioPolicyService::doStopOutput(int, audio_stream_type_t, audio_session_t)+64)
05-12 13:35:19.087 F/DEBUG   (25266):     #17 pc 00008ee7  /system/lib/libaudiopolicyservice.so (android::AudioPolicyService::AudioCommandThread::threadLoop()+426)
05-12 13:35:19.087 F/DEBUG   (25266):     #18 pc 0000c087  /system/lib/libutils.so (android::Thread::_threadLoop(void*)+166)
05-12 13:35:19.087 F/DEBUG   (25266):     #19 pc 00064099  /system/lib/libc.so (__pthread_start(void*)+22)
05-12 13:35:19.087 F/DEBUG   (25266):     #20 pc 0001defd  /system/lib/libc.so (__start_thread+24)
05-12 13:35:19.096 W/bt_btif (25021): poll timeout (10 ms)
05-12 13:35:19.096 W/bt_btif_a2dp_source(25021): btif_a2dp_source_read_callback: UNDERFLOW: ONLY READ 0 BYTES OUT OF 2688
05-12 13:35:19.096 W/a2dp_vendor_aptx_encoder(25021): a2dp_vendor_aptx_send_frames: underflow at PCM reading: read 0 bytes instead of 2688
05-12 13:35:19.110 W/bt_btif (25021): poll timeout (10 ms)
05-12 13:35:19.110 W/bt_btif_a2dp_source(25021): btif_a2dp_source_read_callback: UNDERFLOW: ONLY READ 0 BYTES OUT OF 2688
05-12 13:35:19.110 W/a2dp_vendor_aptx_encoder(25021): a2dp_vendor_aptx_send_frames: underflow at PCM reading: read 0 bytes instead of 2688
05-12 13:35:19.124 W/bt_btif (25021): poll timeout (10 ms)
05-12 13:35:19.124 W/bt_btif_a2dp_source(25021): btif_a2dp_source_read_callback: UNDERFLOW: ONLY READ 0 BYTES OUT OF 2688
05-12 13:35:19.124 W/a2dp_vendor_aptx_encoder(25021): a2dp_vendor_aptx_send_frames: underflow at PCM reading: read 0 bytes instead of 2688
05-12 13:35:19.139 W/bt_btif (25021): poll timeout (10 ms)
05-12 13:35:19.139 W/bt_btif_a2dp_source(25021): btif_a2dp_source_read_callback: UNDERFLOW: ONLY READ 0 BYTES OUT OF 2688
05-12 13:35:19.139 W/a2dp_vendor_aptx_encoder(25021): a2dp_vendor_aptx_send_frames: underflow at PCM reading: read 0 bytes instead of 2688
05-12 13:35:19.153 W/bt_btif (25021): poll timeout (10 ms)
05-12 13:35:19.153 W/bt_btif_a2dp_source(25021): btif_a2dp_source_read_callback: UNDERFLOW: ONLY READ 0 BYTES OUT OF 2688
05-12 13:35:19.153 W/a2dp_vendor_aptx_encoder(25021): a2dp_vendor_aptx_send_frames: underflow at PCM reading: read 0 bytes instead of 2688
05-12 13:35:19.166 W/bt_btif (25021): poll timeout (10 ms)
05-12 13:35:19.166 W/bt_btif_a2dp_source(25021): btif_a2dp_source_read_callback: UNDERFLOW: ONLY READ 0 BYTES OUT OF 2688
05-12 13:35:19.166 W/a2dp_vendor_aptx_encoder(25021): a2dp_vendor_aptx_send_frames: underflow at PCM reading: read 0 bytes instead of 2688
05-12 13:35:19.181 W/bt_btif (25021): poll timeout (10 ms)
05-12 13:35:19.181 W/bt_btif_a2dp_source(25021): btif_a2dp_source_read_callback: UNDERFLOW: ONLY READ 0 BYTES OUT OF 2688
05-12 13:35:19.181 W/a2dp_vendor_aptx_encoder(25021): a2dp_vendor_aptx_send_frames: underflow at PCM reading: read 0 bytes instead of 2688
05-12 13:35:19.194 W/bt_btif (25021): poll timeout (10 ms)
05-12 13:35:19.194 W/bt_btif_a2dp_source(25021): btif_a2dp_source_read_callback: UNDERFLOW: ONLY READ 0 BYTES OUT OF 2688
05-12 13:35:19.194 W/a2dp_vendor_aptx_encoder(25021): a2dp_vendor_aptx_send_frames: underflow at PCM reading: read 0 bytes instead of 2688
05-12 13:35:19.205 W/NativeCrashListener(  985): Couldn't find ProcessRecord for pid 24163
05-12 13:35:19.206 E/crash_dump32(25266): AM data write failed: Broken pipe
05-12 13:35:19.206 E//system/bin/tombstoned(  551): Tombstone written to: /data/tombstones/tombstone_36
05-12 13:35:19.208 W/bt_btif (25021): poll timeout (10 ms)
05-12 13:35:19.208 W/bt_btif_a2dp_source(25021): btif_a2dp_source_read_callback: UNDERFLOW: ONLY READ 0 BYTES OUT OF 2688
05-12 13:35:19.208 W/a2dp_vendor_aptx_encoder(25021): a2dp_vendor_aptx_send_frames: underflow at PCM reading: read 0 bytes instead of 2688
05-12 13:35:19.217 I/BootReceiver(  985): Copying /data/tombstones/tombstone_36 to DropBox (SYSTEM_TOMBSTONE)
05-12 13:35:19.222 W/bt_btif (25021): poll timeout (10 ms)
05-12 13:35:19.222 W/bt_btif_a2dp_source(25021): btif_a2dp_source_read_callback: UNDERFLOW: ONLY READ 0 BYTES OUT OF 2688
05-12 13:35:19.222 W/a2dp_vendor_aptx_encoder(25021): a2dp_vendor_aptx_send_frames: underflow at PCM reading: read 0 bytes instead of 2688
05-12 13:34:38.174 I/chatty  (    0): uid=0(root) logd identical 4 lines
05-12 13:35:10.203 W/        (    0): PWM device already freed
05-12 13:35:19.221 I/init    (    0): Untracked pid 25266 exited with status 0
05-12 13:35:19.229 I/init    (    0): Untracked pid 25268 exited with status 0
05-12 13:35:19.237 W/bt_btif (25021): poll timeout (10 ms)
05-12 13:35:19.237 W/bt_btif_a2dp_source(25021): btif_a2dp_source_read_callback: UNDERFLOW: ONLY READ 0 BYTES OUT OF 2688
05-12 13:35:19.237 W/a2dp_vendor_aptx_encoder(25021): a2dp_vendor_aptx_send_frames: underflow at PCM reading: read 0 bytes instead of 2688
05-12 13:35:19.250 W/bt_btif (25021): poll timeout (10 ms)
05-12 13:35:19.251 W/bt_btif_a2dp_source(25021): btif_a2dp_source_read_callback: UNDERFLOW: ONLY READ 0 BYTES OUT OF 2688
05-12 13:35:19.251 W/a2dp_vendor_aptx_encoder(25021): a2dp_vendor_aptx_send_frames: underflow at PCM reading: read 0 bytes instead of 2688
05-12 13:35:19.254 I/dropbox_file_copy(  985): [/data/tombstones/tombstone_36,65536,SYSTEM_TOMBSTONE]
05-12 13:35:19.257 W/BroadcastQueue(  985): Background execution not allowed: receiving Intent { act=android.intent.action.DROPBOX_ENTRY_ADDED flg=0x10 (has extras) } to com.google.android.gms/.stats.service.DropBoxEntryAddedReceiver
05-12 13:35:19.258 W/BroadcastQueue(  985): Background execution not allowed: receiving Intent { act=android.intent.action.DROPBOX_ENTRY_ADDED flg=0x10 (has extras) } to com.google.android.gms/.chimera.GmsIntentOperationService$PersistentTrustedReceiver
05-12 13:35:19.258 I/commit_sys_config_file(  985): [log-files,4]
05-12 13:35:19.259 I/init    (    0): Service 'audioserver' (pid 24163) received signal 6
05-12 13:35:19.259 I/init    (    0): Sending signal 9 to service 'audioserver' (pid 24163) process group...
05-12 13:35:19.260 I/libprocessgroup(    0): Successfully killed process cgroup uid 1041 pid 24163 in 0ms
05-12 13:35:19.260 I/init    (    0): Command 'restart vendor.audio-hal-2-0' action=onrestart (<Service 'audioserver' onrestart>:1) took 0ms and failed: service vendor.audio-hal-2-0 not found
05-12 13:35:19.260 I/init    (    0): Command 'restart audio-hal-2-0' action=onrestart (<Service 'audioserver' onrestart>:2) took 0ms and failed: service audio-hal-2-0 not found
05-12 13:35:19.260 E/destroy_all_cal_blocks(    0): unmap_cal failed, cal type 2, ret = -22!
05-12 13:35:19.260 E/destroy_all_cal_blocks(    0): unmap_cal failed, cal type 3, ret = -22!
05-12 13:35:19.260 E/destroy_all_cal_blocks(    0): unmap_cal failed, cal type 4, ret = -22!
05-12 13:35:19.260 E/destroy_all_cal_blocks(    0): unmap_cal failed, cal type 5, ret = -22!
05-12 13:35:19.259 W/bt_btif (25021): poll : channel detached remotely
05-12 13:35:19.259 W/bt_btif (25021): btif_a2dp_recv_ctrl_data: CTRL CH DETACHED
05-12 13:35:19.259 W/bt_btif (25021): btif_a2dp_ctrl_cb: A2DP-CTRL-CHANNEL EVENT UIPC_CLOSE_EVT
05-12 13:35:19.259 W/bt_btif (25021): poll : channel detached remotely
05-12 13:35:19.259 W/bt_btif_a2dp_source(25021): btif_a2dp_source_read_callback: UNDERFLOW: ONLY READ 0 BYTES OUT OF 2688
05-12 13:35:19.259 W/a2dp_vendor_aptx_encoder(25021): a2dp_vendor_aptx_send_frames: underflow at PCM reading: read 0 bytes instead of 2688
05-12 13:35:19.259 W/bt_btif (25021): btif_a2dp_data_cb: BTIF MEDIA (A2DP-DATA) EVENT UIPC_CLOSE_EVT
05-12 13:35:19.259 W/bt_btif (25021): btif_a2dp_command_ack: ## a2dp ack : A2DP_CTRL_CMD_NONE, status 0 ##
05-12 13:35:19.259 E/bt_btif (25021): btif_a2dp_command_ack: warning : no command pending, ignore ack
05-12 13:35:19.259 I/btif_av (25021): btif_av_stream_stop peer 00:00:00:00:00:00
05-12 13:35:19.260 I/btif_av (25021): virtual bool BtifAvStateMachine::StateStarted::ProcessEvent(uint32_t, void *): Peer c4:67:b5:39:cc:ea : event=BTIF_AV_STOP_STREAM_REQ_EVT(0x1c) flags=0x0(None)
05-12 13:35:19.260 I/bt_btif_a2dp(25021): btif_a2dp_on_stopped: ## ON A2DP STOPPED ## p_av_suspend=0x0
05-12 13:35:19.260 I/bt_btif_a2dp_source(25021): btif_a2dp_source_on_stopped: state=STATE_RUNNING
05-12 13:35:19.260 I/bt_btif_a2dp_source(25021): btif_a2dp_source_audio_tx_flush_req: state=STATE_RUNNING
05-12 13:35:19.260 I/bt_btif_a2dp_source(25021): btif_a2dp_source_stop_audio_req: state=STATE_RUNNING
05-12 13:35:19.260 I/bt_btif_a2dp_source(25021): btif_a2dp_source_audio_tx_flush_event: state=STATE_RUNNING
05-12 13:35:19.260 I/bt_bta_av(25021): BTA_AvStop: handle=65 suspend=true
05-12 13:35:19.260 D/a2dp_vendor_aptx_encoder(25021): aptx_init_framing_params: sleep_time_ns = 14000000
05-12 13:35:19.260 I/bt_btif_a2dp_source(25021): btif_a2dp_source_audio_tx_stop_event: media_alarm is running, streaming true state=STATE_RUNNING
05-12 13:35:19.260 E/bt_btif (25021): bta_av_str_stopped: peer c4:67:b5:39:cc:ea handle:65 audio_open_cnt:1, p_data 0x70a03e74e8 start:1
05-12 13:35:19.260 E/bt_btif (25021): UIPC_Read : channel 1 closed
05-12 13:35:19.260 W/bt_btif (25021): bta_dm_rm_cback:2, status:6
05-12 13:35:19.260 W/bt_btif (25021): btif_a2dp_command_ack: ## a2dp ack : A2DP_CTRL_CMD_NONE, status 0 ##
05-12 13:35:19.260 E/bt_btif (25021): btif_a2dp_command_ack: warning : no command pending, ignore ack
05-12 13:35:19.260 D/a2dp_vendor_aptx_encoder(25021): aptx_init_framing_params: sleep_time_ns = 14000000
05-12 13:35:19.263 I/init    (    0): starting service 'audioserver'...
05-12 13:35:19.264 W/AudioEffect( 3220): IEffect died
05-12 13:35:19.265 W/AudioEffects-JNI( 3220): EVENT_ERROR
05-12 13:35:19.265 W/IAudioTrack(17846): start() error: Broken pipe
05-12 13:35:19.265 W/AudioTrack(17846): dead IAudioTrack, PCM, creating a new one from start()
05-12 13:35:19.265 W/AudioSystem(  985): AudioFlinger server died!
05-12 13:35:19.265 W/AudioSystem(  985): AudioPolicyService server died!
05-12 13:35:19.265 W/AudioEffect( 3220): IEffect died
05-12 13:35:19.265 W/AudioEffects-JNI( 3220): EVENT_ERROR
05-12 13:35:19.265 W/AudioSystem(  985): AudioPolicyService server died!
05-12 13:35:19.265 W/AudioSystem(  985): AudioFlinger server died!
05-12 13:35:19.265 W/AudioSystem(  985): AudioPolicyService server died!
05-12 13:35:19.265 W/AudioSystem(  985): AudioPolicyService server died!
05-12 13:35:19.265 W/AudioSystem(  985): AudioFlinger server died!
05-12 13:35:19.265 W/AudioSystem(  985): AudioPolicyService server died!
05-12 13:35:19.265 W/AudioSystem(  985): AudioPolicyService server died!
05-12 13:35:19.265 W/AudioEffect( 3220): IEffect died
05-12 13:35:19.265 W/AudioSystem(  985): AudioFlinger server died!
05-12 13:35:19.265 W/AudioEffects-JNI( 3220): EVENT_ERROR
05-12 13:35:19.265 W/AudioSystem(  985): AudioFlinger server died!
05-12 13:35:19.265 W/AudioSystem(  985): AudioFlinger server died!
05-12 13:35:19.265 W/AudioEffect( 3220): IEffect died
05-12 13:35:19.265 W/AudioEffects-JNI( 3220): EVENT_ERROR
05-12 13:35:19.265 W/AudioSystem( 2042): AudioFlinger server died!
05-12 13:35:19.265 W/AudioSystem( 3220): AudioFlinger server died!
05-12 13:35:19.265 W/AudioSystem( 2042): AudioPolicyService server died!
05-12 13:35:19.265 W/AudioSystem(  511): AudioFlinger server died!
05-12 13:35:19.265 W/AudioSystem( 3220): AudioPolicyService server died!
05-12 13:35:19.265 W/AudioSystem(25021): AudioFlinger server died!
05-12 13:35:19.265 W/AudioSystem(  511): AudioPolicyService server died!
05-12 13:35:19.265 I/ServiceManager(  343): service 'media.sound_trigger_hw' died
05-12 13:35:19.265 W/AudioSystem(25021): AudioPolicyService server died!
05-12 13:35:19.265 I/ServiceManager(  343): service 'media.audio_flinger' died
05-12 13:35:19.265 I/ServiceManager(  343): service 'media.audio_policy' died
05-12 13:35:19.265 V/MediaRouterService(  985): restoreBluetoothA2dp(true)
05-12 13:35:19.265 W/AudioSystem(17846): AudioPolicyService server died!
05-12 13:35:19.265 W/AudioSystem(17786): AudioFlinger server died!
05-12 13:35:19.266 I/ServiceManager(17846): Waiting for service 'media.audio_flinger' on '/dev/binder'...
05-12 13:35:19.266 E/AudioService(  985): Audioserver died.
05-12 13:35:19.266 I/ServiceManager(  985): Waiting for service 'media.audio_policy' on '/dev/binder'...
05-12 13:35:19.266 I/ServiceManager( 3220): Waiting for service 'media.audio_policy' on '/dev/binder'...
05-12 13:35:19.266 I/ServiceManager(25021): Waiting for service 'media.audio_policy' on '/dev/binder'...
05-12 13:35:19.315 W/bt_btif (25021): bta_dm_rm_cback:2, status:6
05-12 13:35:19.315 I/btif_av (25021): virtual bool BtifAvStateMachine::StateStarted::ProcessEvent(uint32_t, void *): Peer c4:67:b5:39:cc:ea : event=BTA_AV_SUSPEND_EVT(0xf) status=0 initiator=1 flags=0x1(LOCAL_SUSPEND_PENDING)
05-12 13:35:19.315 I/bt_btif_a2dp(25021): btif_a2dp_on_suspended: ## ON A2DP SUSPENDED ## p_av_suspend=0x70a0214878
05-12 13:35:19.315 I/bt_btif_a2dp_source(25021): btif_a2dp_source_on_suspended: state=STATE_RUNNING
05-12 13:35:19.315 I/bt_btif_a2dp_source(25021): btif_a2dp_source_stop_audio_req: state=STATE_RUNNING
05-12 13:35:19.315 I/btif_av (25021): btif_report_audio_state: peer_address=c4:67:b5:39:cc:ea state=1
05-12 13:35:19.315 I/bt_btif_a2dp_source(25021): btif_a2dp_source_audio_tx_stop_event: media_alarm is not running, streaming false state=STATE_RUNNING
05-12 13:35:19.315 E/bt_btif (25021): UIPC_Read : channel 1 closed
05-12 13:35:19.315 W/bt_btif (25021): btif_a2dp_command_ack: ## a2dp ack : A2DP_CTRL_CMD_NONE, status 0 ##
05-12 13:35:19.315 E/bt_btif (25021): btif_a2dp_command_ack: warning : no command pending, ignore ack
05-12 13:35:19.315 D/a2dp_vendor_aptx_encoder(25021): aptx_init_framing_params: sleep_time_ns = 14000000
05-12 13:35:19.317 I/BluetoothA2dpServiceJni(25021): bta2dp_audio_state_callback
05-12 13:35:19.317 D/A2dpNativeInterface(25021): onAudioStateChanged: A2dpStackEvent {type:EVENT_TYPE_AUDIO_STATE_CHANGED, device:C4:67:B5:39:CC:EA, value1:STOPPED}
05-12 13:35:19.317 D/A2dpStateMachine(25021): handleMessage: E msg.what=101
05-12 13:35:19.317 D/A2dpStateMachine(25021): processMsg: Connected
05-12 13:35:19.317 D/A2dpStateMachine(25021): Connected process message(C4:67:B5:39:CC:EA): STACK_EVENT
05-12 13:35:19.317 D/A2dpStateMachine(25021): Connected: stack event: A2dpStackEvent {type:EVENT_TYPE_AUDIO_STATE_CHANGED, device:C4:67:B5:39:CC:EA, value1:STOPPED}
05-12 13:35:19.318 I/A2dpStateMachine(25021): Connected: stopped playing: C4:67:B5:39:CC:EA
05-12 13:35:19.318 D/A2dpStateMachine(25021): A2DP Playing state : device: C4:67:B5:39:CC:EA State:PLAYING->NOT_PLAYING
05-12 13:35:19.318 D/A2dpStateMachine(25021): handleMessage: X
05-12 13:35:19.525 I/FastMixerState(25269): sMaxFastTracks = 8
05-12 13:35:19.526 V/MediaUtils(25269): physMem: 2979049472
05-12 13:35:19.526 V/MediaUtils(25269): requested limit: 536870912
05-12 13:35:19.526 V/MediaUtils(25269): actual limit: 536870912
05-12 13:35:19.526 V/MediaUtils(25269): original limits: 4294967295/4294967295
05-12 13:35:19.526 V/MediaUtils(25269): new limits: 536870912/4294967295
05-12 13:35:19.527 I/audioserver(25269): ServiceManager: 0xf5a9c100
05-12 13:35:19.528 I/snet_event_log(  344): [121035042,-1,]
05-12 13:35:19.528 W/hwservicemanager(  344): getTransport: Cannot find entry android.hardware.audio@4.0::IDevicesFactory/default in either framework or device manifest.
05-12 13:35:19.530 D/vndksupport(25269): Loading /vendor/lib/hw/android.hardware.audio@2.0-impl.so from current namespace instead of sphal namespace.
05-12 13:35:19.531 I/init    (    0): Received control message 'interface_start' for 'android.hardware.audio@4.0::IDevicesFactory/default' from pid: 344 (/system/bin/hwservicemanager)
05-12 13:35:19.531 E/init    (    0): Could not find service hosting interface android.hardware.audio@4.0::IDevicesFactory/default
05-12 13:35:19.532 D/vndksupport(25269): Loading /vendor/lib/hw/android.hardware.audio@2.0-impl.so from current namespace instead of sphal namespace.
05-12 13:35:19.533 W/hwservicemanager(  344): getTransport: Cannot find entry android.hardware.audio@2.0::IDevicesFactory/msd in either framework or device manifest.
05-12 13:35:19.534 D/vndksupport(25269): Loading /vendor/lib/hw/android.hardware.audio@2.0-impl.so from current namespace instead of sphal namespace.
05-12 13:35:19.535 D/vndksupport(25269): Loading /vendor/lib/hw/android.hardware.audio.effect@4.0-impl.so from current namespace instead of sphal namespace.
05-12 13:35:19.535 I/init    (    0): Received control message 'interface_start' for 'android.hardware.audio@2.0::IDevicesFactory/msd' from pid: 344 (/system/bin/hwservicemanager)
05-12 13:35:19.535 E/init    (    0): Could not find service hosting interface android.hardware.audio@2.0::IDevicesFactory/msd
05-12 13:35:19.539 D/vndksupport(25269): Loading /vendor/lib/hw/android.hardware.audio.effect@4.0-impl.so from current namespace instead of sphal namespace.
05-12 13:35:19.540 I/AudioFlinger(25269): Using default 3000 mSec as standby time.
05-12 13:35:19.545 E/APM::Serializer(25269): deserialize: Could not parse /odm/etc/audio_policy_configuration.xml document.
05-12 13:35:19.545 E/APM::Serializer(25269): deserialize: Could not parse /vendor/etc/audio/audio_policy_configuration.xml document.
05-12 13:35:19.555 D/vndksupport(25269): Loading /vendor/lib/hw/audio.primary.msm8992.so from current namespace instead of sphal namespace.
05-12 13:35:19.558 D/audio_hw_primary(25269): adev_open: enter
05-12 13:35:19.580 W/hardware_info(25269): update_hardware_info_8994: Not an 8994 device
05-12 13:35:19.771 E/AudioService(  985): Audioserver started.
05-12 13:35:19.908 E/        (    0): msm_qti_pp_get_rms_value_control, back not active to query rms be_idx:3
05-12 13:35:19.911 E/        (    0): msm_pcm_volume_ctl_get substream runtime not found
05-12 13:35:19.921 E/audio_route(25269): Control 'MultiMedia4 Mixer MI2S_TX' doesn't exist - skipping
05-12 13:35:19.921 E/audio_route(25269): Control 'MultiMedia7 Mixer MI2S_TX' doesn't exist - skipping
05-12 13:35:19.921 E/audio_route(25269): Control 'MultiMedia10 Mixer MI2S_TX' doesn't exist - skipping
05-12 13:35:19.921 E/audio_route(25269): Control 'MultiMedia11 Mixer MI2S_TX' doesn't exist - skipping
05-12 13:35:19.921 E/audio_route(25269): Control 'MultiMedia12 Mixer MI2S_TX' doesn't exist - skipping
05-12 13:35:19.921 E/audio_route(25269): Control 'MultiMedia13 Mixer MI2S_TX' doesn't exist - skipping
05-12 13:35:19.921 E/audio_route(25269): Control 'MultiMedia14 Mixer MI2S_TX' doesn't exist - skipping
05-12 13:35:19.921 E/audio_route(25269): Control 'MultiMedia15 Mixer MI2S_TX' doesn't exist - skipping
05-12 13:35:19.921 E/audio_route(25269): Control 'MultiMedia16 Mixer MI2S_TX' doesn't exist - skipping
05-12 13:35:19.932 E/audio_route(25269): Control 'RX4 DSM MUX' doesn't exist - skipping
05-12 13:35:19.932 E/audio_route(25269): Control 'RX6 DSM MUX' doesn't exist - skipping
05-12 13:35:19.934 E/audio_route(25269): Control 'AFE_PCM_RX Port Mixer PRI_MI2S_TX' doesn't exist - skipping
05-12 13:35:19.936 E/audio_route(25269): Control 'SLIMBUS_0_RX Audio Mixer MultiMedia3' already exists in path 'audio-ull-playback speaker-and-headphones'
05-12 13:35:19.940 I/bt_stack(25021): [INFO:device.cc(1227)] c4:67:b5:39:cc:ea : HandlePlayPosUpdate
05-12 13:35:19.940 D/NewAvrcpTargetJni(25021): getCurrentPlayStatus
05-12 13:35:19.941 D/NewAvrcpNativeInterface(25021): getPlayStatus
05-12 13:35:19.941 E/audio_route(25269): Control 'MultiMedia8 Mixer SEC_AUX_PCM_UL_TX' doesn't exist - skipping
05-12 13:35:19.942 E/audio_route(25269): Control 'MultiMedia5 Mixer SEC_AUX_PCM_UL_TX' doesn't exist - skipping
05-12 13:35:19.942 E/audio_route(25269): Control 'MultiMedia5 Mixer PRI_MI2S_TX' doesn't exist - skipping
05-12 13:35:19.942 I/bt_stack(25021): [INFO:device.cc(461)] c4:67:b5:39:cc:ea : PlaybackPosNotificationResponse: Queue next play position update
05-12 13:35:19.958 D/NewAvrcpTargetJni(25021): getCurrentPlayStatus
05-12 13:35:19.958 D/NewAvrcpNativeInterface(25021): getPlayStatus
05-12 13:35:19.960 I/bt_stack(25021): [INFO:device.cc(461)] c4:67:b5:39:cc:ea : PlaybackPosNotificationResponse: Queue next play position update
05-12 13:35:19.966 D/msm8974_platform(25269): platform_init: Opened sound card:0
05-12 13:35:19.539 I/chatty  (  344): uid=1000(system) hwservicemanage identical 11 lines
05-12 13:35:19.539 I/snet_event_log(  344): [121035042,-1,]
05-12 13:35:19.965 I/auditd  (25269): type=1400 audit(0.0:9926): avc: denied { read } for comm="audioserver" name="hw_platform" dev="sysfs" ino=20358 scontext=u:r:audioserver:s0 tcontext=u:object_r:sysfs:s0 tclass=file permissive=1
05-12 13:35:19.965 I/audioserver(25269): type=1400 audit(0.0:9926): avc: denied { read } for name="hw_platform" dev="sysfs" ino=20358 scontext=u:r:audioserver:s0 tcontext=u:object_r:sysfs:s0 tclass=file permissive=1
05-12 13:35:19.965 I/auditd  (25269): type=1400 audit(0.0:9927): avc: denied { open } for comm="audioserver" path="/sys/devices/soc0/hw_platform" dev="sysfs" ino=20358 scontext=u:r:audioserver:s0 tcontext=u:object_r:sysfs:s0 tclass=file permissive=1
05-12 13:35:19.965 I/audioserver(25269): type=1400 audit(0.0:9927): avc: denied { open } for path="/sys/devices/soc0/hw_platform" dev="sysfs" ino=20358 scontext=u:r:audioserver:s0 tcontext=u:object_r:sysfs:s0 tclass=file permissive=1
05-12 13:35:19.965 I/auditd  (25269): type=1400 audit(0.0:9928): avc: denied { getattr } for comm="audioserver" path="/sys/devices/soc0/hw_platform" dev="sysfs" ino=20358 scontext=u:r:audioserver:s0 tcontext=u:object_r:sysfs:s0 tclass=file permissive=1
05-12 13:35:19.965 I/audioserver(25269): type=1400 audit(0.0:9928): avc: denied { getattr } for path="/sys/devices/soc0/hw_platform" dev="sysfs" ino=20358 scontext=u:r:audioserver:s0 tcontext=u:object_r:sysfs:s0 tclass=file permissive=1
05-12 13:35:19.970 D/ACDB-LOADER(25269): ACDB -> Load file: /etc/acdbdata/MTP/MTP_Speaker_cal.acdb
05-12 13:35:19.970 D/ACDB-LOADER(25269): ACDB -> Load file: /etc/acdbdata/MTP/MTP_Global_cal.acdb
05-12 13:35:19.970 D/ACDB-LOADER(25269): ACDB -> Load file: /etc/acdbdata/MTP/MTP_General_cal.acdb
05-12 13:35:19.970 D/ACDB-LOADER(25269): ACDB -> Load file: /etc/acdbdata/MTP/MTP_Bluetooth_cal.acdb
05-12 13:35:19.970 D/ACDB-LOADER(25269): ACDB -> Load file: /etc/acdbdata/MTP/MTP_Handset_cal.acdb
05-12 13:35:19.970 D/ACDB-LOADER(25269): ACDB -> Load file: /etc/acdbdata/MTP/MTP_Hdmi_cal.acdb
05-12 13:35:19.970 D/ACDB-LOADER(25269): ACDB -> Load file: /etc/acdbdata/MTP/MTP_Headset_cal.acdb
05-12 13:35:19.970 D/ACDB-LOADER(25269): ACDB -> ACDB_CMD_INITIALIZE_V2
05-12 13:35:19.971 D/        (25269): [ACDB Command]->SW Minor/Major/Revision version info for /etc/acdbdata/MTP/MTP_Speaker_cal.acdb
05-12 13:35:19.971 D/        (25269): [ACDB Command]->ACDB Sw Major = 5, ACDB Sw Minor = 0, ACDB Sw Revision = 4
05-12 13:35:19.971 D/        (25269): [ACDB Command]->ACDB File Major = 4, ACDB File Minor = 2, ACDB File Revision = 1
05-12 13:35:19.971 D/        (25269): [ACDB Command]->SW Minor/Major/Revision version info for /etc/acdbdata/MTP/MTP_Global_cal.acdb
05-12 13:35:19.971 D/        (25269): [ACDB Command]->ACDB Sw Major = 5, ACDB Sw Minor = 0, ACDB Sw Revision = 4
05-12 13:35:19.971 D/        (25269): [ACDB Command]->ACDB File Major = 4, ACDB File Minor = 2, ACDB File Revision = 1
05-12 13:35:19.971 D/        (25269): [ACDB Command]->SW Minor/Major/Revision version info for /etc/acdbdata/MTP/MTP_General_cal.acdb
05-12 13:35:19.971 D/        (25269): [ACDB Command]->ACDB Sw Major = 5, ACDB Sw Minor = 0, ACDB Sw Revision = 4
05-12 13:35:19.971 D/        (25269): [ACDB Command]->ACDB File Major = 4, ACDB File Minor = 2, ACDB File Revision = 1
05-12 13:35:19.971 D/        (25269): [ACDB Command]->SW Minor/Major/Revision version info for /etc/acdbdata/MTP/MTP_Bluetooth_cal.acdb
05-12 13:35:19.971 D/        (25269): [ACDB Command]->ACDB Sw Major = 5, ACDB Sw Minor = 0, ACDB Sw Revision = 4
05-12 13:35:19.971 D/        (25269): [ACDB Command]->ACDB File Major = 4, ACDB File Minor = 2, ACDB File Revision = 1
05-12 13:35:19.972 D/        (25269): [ACDB Command]->SW Minor/Major/Revision version info for /etc/acdbdata/MTP/MTP_Handset_cal.acdb
05-12 13:35:19.972 D/        (25269): [ACDB Command]->ACDB Sw Major = 5, ACDB Sw Minor = 0, ACDB Sw Revision = 4
05-12 13:35:19.972 D/        (25269): [ACDB Command]->ACDB File Major = 4, ACDB File Minor = 2, ACDB File Revision = 1
05-12 13:35:19.972 D/        (25269): [ACDB Command]->SW Minor/Major/Revision version info for /etc/acdbdata/MTP/MTP_Hdmi_cal.acdb
05-12 13:35:19.972 D/        (25269): [ACDB Command]->ACDB Sw Major = 5, ACDB Sw Minor = 0, ACDB Sw Revision = 4
05-12 13:35:19.972 D/        (25269): [ACDB Command]->ACDB File Major = 4, ACDB File Minor = 2, ACDB File Revision = 1
05-12 13:35:19.973 D/        (25269): [ACDB Command]->SW Minor/Major/Revision version info for /etc/acdbdata/MTP/MTP_Headset_cal.acdb
05-12 13:35:19.973 D/        (25269): [ACDB Command]->ACDB Sw Major = 5, ACDB Sw Minor = 0, ACDB Sw Revision = 4
05-12 13:35:19.973 D/        (25269): [ACDB Command]->ACDB File Major = 4, ACDB File Minor = 2, ACDB File Revision = 1
05-12 13:35:19.973 D/ACDB-LOADER(25269): ACDB -> ACPH INIT
05-12 13:35:19.973 D/        (25269): [ACPH]->Online service registered with ACPH
05-12 13:35:19.973 E/Diag_Lib(25269):  Diag_LSM_Init: Failed to open handle to diag driver, error = 13
05-12 13:35:19.973 E/Diag_Lib(25269):  diagpkt_tbl_reg: Registration failed.
05-12 13:35:19.973 D/        (25269): [ACPH]->ACPH init success
05-12 13:35:19.973 D/ACDB-LOADER(25269): ACDB -> RTAC INIT
05-12 13:35:19.973 D/        (25269): [ACPH]->DSP RTC service registered with ACPH
05-12 13:35:19.973 D/ACDB-LOADER(25269): ACDB -> MCS, FTS INIT
05-12 13:35:19.974 D/        (25269): [ACPH]->MCS RTC service registered with ACPH
05-12 13:35:19.969 I/auditd  (25269): type=1400 audit(0.0:9929): avc: denied { read write } for comm="audioserver" name="msm_audio_cal" dev="tmpfs" ino=10908 scontext=u:r:audioserver:s0 tcontext=u:object_r:device:s0 tclass=chr_file permissive=1
05-12 13:35:19.974 D/        (25269): [ACPH]->FTS RTC service registered with ACPH
05-12 13:35:19.969 I/audioserver(25269): type=1400 audit(0.0:9929): avc: denied { read write } for name="msm_audio_cal" dev="tmpfs" ino=10908 scontext=u:r:audioserver:s0 tcontext=u:object_r:device:s0 tclass=chr_file permissive=1
05-12 13:35:19.974 D/ACDB-LOADER(25269): ACDB -> ADIE RTAC INIT
05-12 13:35:19.974 D/        (25269): [ACPH]->ADIE RTC service registered with ACPH
05-12 13:35:19.974 D/ACDB-LOADER(25269): ACDB -> ACDB_CMD_GET_VOC_PROC_DYNAMIC_TABLE_SIZE
05-12 13:35:19.974 D/        (25269): Invalid AV file. It doesnt contain LUT for tblid 00000017 
05-12 13:35:19.974 D/        (25269): Failed to fetch the Table in ACDB files Table-ID 00000017 
05-12 13:35:19.974 D/ACDB-LOADER(25269): ACDB -> send_meta_info, lic 0
05-12 13:35:19.974 D/        (25269): Couldnt find the key 00000000 
05-12 13:35:19.969 I/auditd  (25269): type=1400 audit(0.0:9930): avc: denied { open } for comm="audioserver" path="/dev/msm_audio_cal" dev="tmpfs" ino=10908 scontext=u:r:audioserver:s0 tcontext=u:object_r:device:s0 tclass=chr_file permissive=1
05-12 13:35:19.969 I/audioserver(25269): type=1400 audit(0.0:9930): avc: denied { open } for path="/dev/msm_audio_cal" dev="tmpfs" ino=10908 scontext=u:r:audioserver:s0 tcontext=u:object_r:device:s0 tclass=chr_file permissive=1
05-12 13:35:19.974 D/        (25269): Output from GetMetaInfoSize command : 0
05-12 13:35:19.969 I/auditd  (25269): type=1400 audit(0.0:9931): avc: denied { ioctl } for comm="audioserver" path="/dev/msm_audio_cal" dev="tmpfs" ino=10908 ioctlcmd=61c8 scontext=u:r:audioserver:s0 tcontext=u:object_r:device:s0 tclass=chr_file permissive=1
05-12 13:35:19.969 I/audioserver(25269): type=1400 audit(0.0:9931): avc: denied { ioctl } for path="/dev/msm_audio_cal" dev="tmpfs" ino=10908 ioctlcmd=61c8 scontext=u:r:audioserver:s0 tcontext=u:object_r:device:s0 tclass=chr_file permissive=1
05-12 13:35:19.979 D/ACDB-LOADER(25269): ACDB -> send_adm_custom_topology
05-12 13:35:19.979 D/ACDB-LOADER(25269): ACDB -> ACDB_CMD_GET_AUDIO_COPP_TOPOLOGIES
05-12 13:35:19.979 D/ACDB-LOADER(25269): ACDB -> AUDIO_SET_ADM_CUSTOM_TOPOLOGY
05-12 13:35:19.979 D/ACDB-LOADER(25269): ACDB -> send_asm_custom_topology
05-12 13:35:19.979 D/ACDB-LOADER(25269): ACDB -> ACDB_CMD_GET_AUDIO_POPP_TOPOLOGIES
05-12 13:35:19.979 D/ACDB-LOADER(25269): ACDB -> AUDIO_SET_ASM_CUSTOM_TOPOLOGY
05-12 13:35:19.979 D/ACDB-LOADER(25269): ACDB -> send_meta_info Enter
05-12 13:35:19.979 E/ACDB-LOADER(25269): Fail to allocate memory for metainfo
05-12 13:35:19.980 D/ACDB-LOADER(25269): ACDB -> send_meta_info failed
05-12 13:35:19.980 D/ACDB-LOADER(25269): ACDB -> init done!
05-12 13:35:19.981 D/audio_hw_ssr(25269): audio_extn_ssr_update_enabled: surround sound recording is not supported
05-12 13:35:19.981 D/audio_hw_spkr_prot(25269): audio_extn_spkr_prot_init: Initialize speaker protection module
05-12 13:35:19.981 D/audio_hw_spkr_prot(25269): audio_extn_spkr_prot_init: Speaker protection disabled
05-12 13:35:19.981 E/DAP_HAL (25269): dap_hal_set_hw_info: dmid=0
05-12 13:35:19.981 E/DAP_HAL (25269):  key 00x
05-12 13:35:19.981 D/msm8974_platform(25269): hw_util_open Opening device /dev/snd/hwC0D1000
05-12 13:35:19.981 D/msm8974_platform(25269): hw_util_open success
05-12 13:35:19.981 D/ACDB-LOADER(25269): ACDB -> ACDB_CMD_GET_ANC_SETTING
05-12 13:35:19.981 I/chatty  (25269): uid=1041(audioserver) /system/bin/audioserver identical 7 lines
05-12 13:35:19.981 D/ACDB-LOADER(25269): ACDB -> ACDB_CMD_GET_ANC_SETTING
05-12 13:35:19.981 D/msm8974_platform(25269): send_codec_cal cal sent for anc_cal
05-12 13:35:19.981 E/ACDB-LOADER(25269): ACDB -> send_codec_cal
05-12 13:35:19.981 E/ACDB-LOADER(25269): ACDB -> ACDB_CMD_GET_CODEC_CAL_DATA
05-12 13:35:19.981 D/msm8974_platform(25269): send_codec_cal cal sent for mad_cal
05-12 13:35:19.981 D/ACDB-LOADER(25269): send mbhc data
05-12 13:35:19.981 D/ACDB-LOADER(25269): ACDB -> MBHC ACDB_PID_GENERAL_CONFIG
05-12 13:35:19.981 D/ACDB-LOADER(25269): ACDB -> MBHC ACDB_PID_PLUG_REMOVAL_DETECTION
05-12 13:35:19.981 D/ACDB-LOADER(25269): ACDB -> MBHC ACDB_PID_PLUG_TYPE_DETECTION
05-12 13:35:19.981 D/ACDB-LOADER(25269): ACDB -> MBHC ACDB_PID_BUTTON_PRESS_DETECTION
05-12 13:35:19.981 D/ACDB-LOADER(25269): ACDB -> MBHC ACDB_PID_IMPEDANCE_DETECTION
05-12 13:35:19.982 D/msm8974_platform(25269): send_codec_cal cal sent for mbhc_cal
05-12 13:35:19.913 I/chatty  (    0): uid=0(root) logd identical 4 lines
05-12 13:35:19.916 E/        (    0): msm_pcm_volume_ctl_get substream runtime not found
05-12 13:30:36.596 I/        (    0): msm8994_pri_mi2s_snd_shutdown Primary MI2S Clock is Disabled
05-12 13:35:19.981 E/core_set_license(    0): Invalid cal block to send
05-12 13:35:19.984 E/audio_hw_primary(25269): adev_open: tfa9890_init called
05-12 13:35:20.001 I/auditd  (25269): type=1400 audit(0.0:9932): avc: denied { read write } for comm="audioserver" name="i2c-5" dev="tmpfs" ino=10893 scontext=u:r:audioserver:s0 tcontext=u:object_r:i2c_device:s0 tclass=chr_file permissive=1
05-12 13:35:20.001 I/audioserver(25269): type=1400 audit(0.0:9932): avc: denied { read write } for name="i2c-5" dev="tmpfs" ino=10893 scontext=u:r:audioserver:s0 tcontext=u:object_r:i2c_device:s0 tclass=chr_file permissive=1
05-12 13:35:20.004 E/        (25269): init_if_firsttime:253 retval
05-12 13:35:20.004 E/        (25269): init_I2C:59 retval
05-12 13:35:20.004 E/        (25269): init_I2C:69 retval
05-12 13:35:20.004 E/        (25269): lxScriboRegister:468 retval
05-12 13:35:20.004 E/        (25269): lxScriboRegister:475 retval
05-12 13:35:20.004 E/        (25269): lxScriboRegister:481 retval
05-12 13:35:20.004 E/        (25269): lxScriboRegister:500 retval
05-12 13:35:20.004 E/        (25269): lxI2cInit:109 devname = /dev/i2c-5
05-12 13:35:20.004 E/        (25269): lxI2cInit:117 devname = /dev/i2c-5
05-12 13:35:20.004 E/        (25269): lxI2cInit:119 devname = /dev/i2c-5
05-12 13:35:20.004 W/audit   (    0): audit_lost=3639 audit_rate_limit=5 audit_backlog_limit=64
05-12 13:35:20.004 E/audit   (    0): rate limit exceeded
05-12 13:35:20.267 I/ServiceManager( 3220): Waiting for service 'media.audio_policy' on '/dev/binder'...
05-12 13:35:20.268 I/ServiceManager(25021): Waiting for service 'media.audio_policy' on '/dev/binder'...
05-12 13:35:20.268 I/ServiceManager(  985): Waiting for service 'media.audio_policy' on '/dev/binder'...
05-12 13:35:20.269 W/AudioSystem(17846): AudioFlinger server died!
05-12 13:35:20.269 I/chatty  (17846): uid=10168(com.netease.cloudmusic) Binder:17846_2 identical 3 lines
05-12 13:35:20.269 W/AudioSystem(17846): AudioFlinger server died!
05-12 13:35:20.509 W/DeviceHAL(25269): Error from HAL Device in function get_master_volume: Function not implemented
