05-12 13:35:21.286 W/bt_btif (25021): btif_a2dp_recv_ctrl_data: a2dp-ctrl-cmd : A2DP_CTRL_GET_OUTPUT_AUDIO_CONFIG DONE
05-12 13:35:21.286 I/bt_a2dp_hw(25269): a2dp_read_output_audio_config: got output codec config (update_stream_config=true): sample_rate=0x2 bits_per_sample=0x1 channel_mode=0x2
05-12 13:35:21.286 I/bt_a2dp_hw(25269): a2dp_read_output_audio_config: got output codec capability: sample_rate=0x3 bits_per_sample=0x1 channel_mode=0x2
05-12 13:35:21.286 I/bt_a2dp_hw(25269): adev_open_output_stream: Output stream config: format=0x1 sample_rate=48000 channel_mask=0x3 buffer_sz=7680
05-12 13:35:21.301 I/DiracAPI(25269): Dirac_create: DiracObj (EEBB1940) created with conf: 'USECASE_INTERNAL_POWERSOUND'
05-12 13:35:21.302 I/DiracAPI(25269): Dirac_create: DiracObj (EEB0F4D0) created with conf: 'USECASE_INTERNAL_POWERSOUND'
05-12 13:35:21.302 I/DiracAPI(25269): (EEBB1940): Prepared with conf: 'USECASE_INTERNAL_POWERSOUND' 
05-12 13:35:21.302 I/DiracAPI(25269):  preset: 'default' 
05-12 13:35:21.302 I/DiracAPI(25269):  samplerate: 44100 
05-12 13:35:21.302 I/DiracAPI(25269):  nChannelsIn: 2 
05-12 13:35:21.302 I/DiracAPI(25269):  maxFrames: 2000 
05-12 13:35:21.302 I/DiracAPI(25269):  inFmt/outFmt: 1/1
05-12 13:35:21.303 I/DiracAPI(25269): (EEB0F4D0): Prepared with conf: 'USECASE_INTERNAL_POWERSOUND' 
05-12 13:35:21.303 I/DiracAPI(25269):  preset: 'default' 
05-12 13:35:21.303 I/DiracAPI(25269):  samplerate: 48000 
05-12 13:35:21.303 I/DiracAPI(25269):  nChannelsIn: 2 
05-12 13:35:21.303 I/DiracAPI(25269):  maxFrames: 2000 
05-12 13:35:21.303 I/DiracAPI(25269):  inFmt/outFmt: 1/1
05-12 13:35:21.320 I/DiracAPI(25269): Dirac_create: DiracObj (EEAC64E0) created with conf: 'USECASE_INTERNAL_POWERSOUND'
05-12 13:35:21.321 I/DiracAPI(25269): (EEAC64E0): Prepared with conf: 'USECASE_INTERNAL_POWERSOUND' 
05-12 13:35:21.321 I/DiracAPI(25269):  preset: 'default' 
05-12 13:35:21.321 I/DiracAPI(25269):  samplerate: 44100 
05-12 13:35:21.321 I/DiracAPI(25269):  nChannelsIn: 2 
05-12 13:35:21.321 I/DiracAPI(25269):  maxFrames: 2000 
05-12 13:35:21.321 I/DiracAPI(25269):  inFmt/outFmt: 1/1
05-12 13:35:21.321 I/DiracAPI(25269): Dirac_create: DiracObj (EEA30070) created with conf: 'USECASE_INTERNAL_POWERSOUND'
05-12 13:35:21.323 I/DiracAPI(25269): (EEA30070): Prepared with conf: 'USECASE_INTERNAL_POWERSOUND' 
05-12 13:35:21.323 I/DiracAPI(25269):  preset: 'default' 
05-12 13:35:21.323 I/DiracAPI(25269):  samplerate: 48000 
05-12 13:35:21.323 I/DiracAPI(25269):  nChannelsIn: 2 
05-12 13:35:21.323 I/DiracAPI(25269):  maxFrames: 2000 
05-12 13:35:21.323 I/DiracAPI(25269):  inFmt/outFmt: 1/1
05-12 13:35:21.338 I/DiracAPI(25269): Dirac_create: DiracObj (EE697080) created with conf: 'USECASE_INTERNAL_POWERSOUND'
05-12 13:35:21.340 I/DiracAPI(25269): (EE697080): Prepared with conf: 'USECASE_INTERNAL_POWERSOUND' 
05-12 13:35:21.340 I/DiracAPI(25269):  preset: 'default' 
05-12 13:35:21.340 I/DiracAPI(25269):  samplerate: 44100 
05-12 13:35:21.340 I/DiracAPI(25269):  nChannelsIn: 2 
05-12 13:35:21.340 I/DiracAPI(25269):  maxFrames: 2000 
05-12 13:35:21.340 I/DiracAPI(25269):  inFmt/outFmt: 1/1
05-12 13:35:21.340 I/DiracAPI(25269): Dirac_create: DiracObj (EE604C10) created with conf: 'USECASE_INTERNAL_POWERSOUND'
05-12 13:35:21.342 I/DiracAPI(25269): (EE604C10): Prepared with conf: 'USECASE_INTERNAL_POWERSOUND' 
05-12 13:35:21.342 I/DiracAPI(25269):  preset: 'default' 
05-12 13:35:21.342 I/DiracAPI(25269):  samplerate: 48000 
05-12 13:35:21.342 I/DiracAPI(25269):  nChannelsIn: 2 
05-12 13:35:21.342 I/DiracAPI(25269):  maxFrames: 2000 
05-12 13:35:21.342 I/DiracAPI(25269):  inFmt/outFmt: 1/1
05-12 13:35:21.358 I/DiracAPI(25269): Dirac_create: DiracObj (EE5B8C20) created with conf: 'USECASE_INTERNAL_POWERSOUND'
05-12 13:35:21.359 I/DiracAPI(25269): (EE5B8C20): Prepared with conf: 'USECASE_INTERNAL_POWERSOUND' 
05-12 13:35:21.359 I/DiracAPI(25269):  preset: 'default' 
05-12 13:35:21.359 I/DiracAPI(25269):  samplerate: 44100 
05-12 13:35:21.359 I/DiracAPI(25269):  nChannelsIn: 2 
05-12 13:35:21.359 I/DiracAPI(25269):  maxFrames: 2000 
05-12 13:35:21.359 I/DiracAPI(25269):  inFmt/outFmt: 1/1
05-12 13:35:21.360 I/DiracAPI(25269): Dirac_create: DiracObj (EE51D7B0) created with conf: 'USECASE_INTERNAL_POWERSOUND'
05-12 13:35:21.361 I/DiracAPI(25269): (EE51D7B0): Prepared with conf: 'USECASE_INTERNAL_POWERSOUND' 
05-12 13:35:21.361 I/DiracAPI(25269):  preset: 'default' 
05-12 13:35:21.361 I/DiracAPI(25269):  samplerate: 48000 
05-12 13:35:21.361 I/DiracAPI(25269):  nChannelsIn: 2 
05-12 13:35:21.361 I/DiracAPI(25269):  maxFrames: 2000 
05-12 13:35:21.361 I/DiracAPI(25269):  inFmt/outFmt: 1/1
05-12 13:35:21.377 I/DiracAPI(25269): Dirac_create: DiracObj (EE1847C0) created with conf: 'USECASE_INTERNAL_POWERSOUND'
05-12 13:35:21.378 I/DiracAPI(25269): (EE1847C0): Prepared with conf: 'USECASE_INTERNAL_POWERSOUND' 
05-12 13:35:21.378 I/DiracAPI(25269):  preset: 'default' 
05-12 13:35:21.378 I/DiracAPI(25269):  samplerate: 44100 
05-12 13:35:21.378 I/DiracAPI(25269):  nChannelsIn: 2 
05-12 13:35:21.378 I/DiracAPI(25269):  maxFrames: 2000 
05-12 13:35:21.378 I/DiracAPI(25269):  inFmt/outFmt: 1/1
05-12 13:35:21.379 I/DiracAPI(25269): Dirac_create: DiracObj (EE25E350) created with conf: 'USECASE_INTERNAL_POWERSOUND'
05-12 13:35:21.380 I/DiracAPI(25269): (EE25E350): Prepared with conf: 'USECASE_INTERNAL_POWERSOUND' 
05-12 13:35:21.380 I/DiracAPI(25269):  preset: 'default' 
05-12 13:35:21.380 I/DiracAPI(25269):  samplerate: 48000 
05-12 13:35:21.380 I/DiracAPI(25269):  nChannelsIn: 2 
05-12 13:35:21.380 I/DiracAPI(25269):  maxFrames: 2000 
05-12 13:35:21.380 I/DiracAPI(25269):  inFmt/outFmt: 1/1
05-12 13:35:21.396 I/DiracAPI(25269): Dirac_create: DiracObj (EDFB6360) created with conf: 'USECASE_INTERNAL_POWERSOUND'
05-12 13:35:21.397 I/DiracAPI(25269): (EDFB6360): Prepared with conf: 'USECASE_INTERNAL_POWERSOUND' 
05-12 13:35:21.397 I/DiracAPI(25269):  preset: 'default' 
05-12 13:35:21.397 I/DiracAPI(25269):  samplerate: 44100 
05-12 13:35:21.397 I/DiracAPI(25269):  nChannelsIn: 2 
05-12 13:35:21.397 I/DiracAPI(25269):  maxFrames: 2000 
05-12 13:35:21.397 I/DiracAPI(25269):  inFmt/outFmt: 1/1
05-12 13:35:21.398 I/DiracAPI(25269): Dirac_create: DiracObj (EDF1BEF0) created with conf: 'USECASE_INTERNAL_POWERSOUND'
05-12 13:35:21.399 I/DiracAPI(25269): (EDF1BEF0): Prepared with conf: 'USECASE_INTERNAL_POWERSOUND' 
05-12 13:35:21.399 I/DiracAPI(25269):  preset: 'default' 
05-12 13:35:21.399 I/DiracAPI(25269):  samplerate: 48000 
05-12 13:35:21.399 I/DiracAPI(25269):  nChannelsIn: 2 
05-12 13:35:21.399 I/DiracAPI(25269):  maxFrames: 2000 
05-12 13:35:21.399 I/DiracAPI(25269):  inFmt/outFmt: 1/1
05-12 13:35:21.415 I/DiracAPI(25269): Dirac_create: DiracObj (EDEDAF00) created with conf: 'USECASE_INTERNAL_POWERSOUND'
05-12 13:35:21.416 I/DiracAPI(25269): (EDEDAF00): Prepared with conf: 'USECASE_INTERNAL_POWERSOUND' 
05-12 13:35:21.416 I/DiracAPI(25269):  preset: 'default' 
05-12 13:35:21.416 I/DiracAPI(25269):  samplerate: 44100 
05-12 13:35:21.416 I/DiracAPI(25269):  nChannelsIn: 2 
05-12 13:35:21.416 I/DiracAPI(25269):  maxFrames: 2000 
05-12 13:35:21.416 I/DiracAPI(25269):  inFmt/outFmt: 1/1
05-12 13:35:21.417 I/DiracAPI(25269): Dirac_create: DiracObj (EDE49A90) created with conf: 'USECASE_INTERNAL_POWERSOUND'
05-12 13:35:21.419 I/DiracAPI(25269): (EDE49A90): Prepared with conf: 'USECASE_INTERNAL_POWERSOUND' 
05-12 13:35:21.419 I/DiracAPI(25269):  preset: 'default' 
05-12 13:35:21.419 I/DiracAPI(25269):  samplerate: 48000 
05-12 13:35:21.419 I/DiracAPI(25269):  nChannelsIn: 2 
05-12 13:35:21.419 I/DiracAPI(25269):  maxFrames: 2000 
05-12 13:35:21.419 I/DiracAPI(25269):  inFmt/outFmt: 1/1
05-12 13:35:21.434 I/DiracAPI(25269): Dirac_create: DiracObj (EDB90AA0) created with conf: 'USECASE_INTERNAL_POWERSOUND'
05-12 13:35:21.435 I/DiracAPI(25269): (EDB90AA0): Prepared with conf: 'USECASE_INTERNAL_POWERSOUND' 
05-12 13:35:21.435 I/DiracAPI(25269):  preset: 'default' 
05-12 13:35:21.435 I/DiracAPI(25269):  samplerate: 44100 
05-12 13:35:21.435 I/DiracAPI(25269):  nChannelsIn: 2 
05-12 13:35:21.435 I/DiracAPI(25269):  maxFrames: 2000 
05-12 13:35:21.435 I/DiracAPI(25269):  inFmt/outFmt: 1/1
05-12 13:35:21.436 I/DiracAPI(25269): Dirac_create: DiracObj (EDC75630) created with conf: 'USECASE_INTERNAL_POWERSOUND'
05-12 13:35:21.438 I/DiracAPI(25269): (EDC75630): Prepared with conf: 'USECASE_INTERNAL_POWERSOUND' 
05-12 13:35:21.438 I/DiracAPI(25269):  preset: 'default' 
05-12 13:35:21.438 I/DiracAPI(25269):  samplerate: 48000 
05-12 13:35:21.438 I/DiracAPI(25269):  nChannelsIn: 2 
05-12 13:35:21.438 I/DiracAPI(25269):  maxFrames: 2000 
05-12 13:35:21.438 I/DiracAPI(25269):  inFmt/outFmt: 1/1
05-12 13:35:21.453 I/DiracAPI(25269): Dirac_create: DiracObj (ED9C3640) created with conf: 'USECASE_INTERNAL_POWERSOUND'
05-12 13:35:21.454 I/DiracAPI(25269): (ED9C3640): Prepared with conf: 'USECASE_INTERNAL_POWERSOUND' 
05-12 13:35:21.454 I/DiracAPI(25269):  preset: 'default' 
05-12 13:35:21.454 I/DiracAPI(25269):  samplerate: 44100 
05-12 13:35:21.454 I/DiracAPI(25269):  nChannelsIn: 2 
05-12 13:35:21.454 I/DiracAPI(25269):  maxFrames: 2000 
05-12 13:35:21.454 I/DiracAPI(25269):  inFmt/outFmt: 1/1
05-12 13:35:21.456 I/DiracAPI(25269): Dirac_create: DiracObj (ED9281D0) created with conf: 'USECASE_INTERNAL_POWERSOUND'
05-12 13:35:21.457 I/DiracAPI(25269): (ED9281D0): Prepared with conf: 'USECASE_INTERNAL_POWERSOUND' 
05-12 13:35:21.457 I/DiracAPI(25269):  preset: 'default' 
05-12 13:35:21.457 I/DiracAPI(25269):  samplerate: 48000 
05-12 13:35:21.457 I/DiracAPI(25269):  nChannelsIn: 2 
05-12 13:35:21.457 I/DiracAPI(25269):  maxFrames: 2000 
05-12 13:35:21.457 I/DiracAPI(25269):  inFmt/outFmt: 1/1
05-12 13:35:21.472 I/DiracAPI(25269): Dirac_create: DiracObj (ED7171E0) created with conf: 'USECASE_INTERNAL_POWERSOUND'
05-12 13:35:21.474 I/DiracAPI(25269): (ED7171E0): Prepared with conf: 'USECASE_INTERNAL_POWERSOUND' 
05-12 13:35:21.474 I/DiracAPI(25269):  preset: 'default' 
05-12 13:35:21.474 I/DiracAPI(25269):  samplerate: 44100 
05-12 13:35:21.474 I/DiracAPI(25269):  nChannelsIn: 2 
05-12 13:35:21.474 I/DiracAPI(25269):  maxFrames: 2000 
05-12 13:35:21.474 I/DiracAPI(25269):  inFmt/outFmt: 1/1
05-12 13:35:21.475 I/DiracAPI(25269): Dirac_create: DiracObj (ED663D70) created with conf: 'USECASE_INTERNAL_POWERSOUND'
05-12 13:35:21.476 I/DiracAPI(25269): (ED663D70): Prepared with conf: 'USECASE_INTERNAL_POWERSOUND' 
05-12 13:35:21.476 I/DiracAPI(25269):  preset: 'default' 
05-12 13:35:21.476 I/DiracAPI(25269):  samplerate: 48000 
05-12 13:35:21.476 I/DiracAPI(25269):  nChannelsIn: 2 
05-12 13:35:21.476 I/DiracAPI(25269):  maxFrames: 2000 
05-12 13:35:21.476 I/DiracAPI(25269):  inFmt/outFmt: 1/1
05-12 13:35:21.491 I/DiracAPI(25269): Dirac_create: DiracObj (ED3CBD80) created with conf: 'USECASE_INTERNAL_POWERSOUND'
05-12 13:35:21.493 I/DiracAPI(25269): (ED3CBD80): Prepared with conf: 'USECASE_INTERNAL_POWERSOUND' 
05-12 13:35:21.493 I/DiracAPI(25269):  preset: 'default' 
05-12 13:35:21.493 I/DiracAPI(25269):  samplerate: 44100 
05-12 13:35:21.493 I/DiracAPI(25269):  nChannelsIn: 2 
05-12 13:35:21.493 I/DiracAPI(25269):  maxFrames: 2000 
05-12 13:35:21.493 I/DiracAPI(25269):  inFmt/outFmt: 1/1
05-12 13:35:21.494 I/DiracAPI(25269): Dirac_create: DiracObj (ED419910) created with conf: 'USECASE_INTERNAL_POWERSOUND'
05-12 13:35:21.495 I/DiracAPI(25269): (ED419910): Prepared with conf: 'USECASE_INTERNAL_POWERSOUND' 
05-12 13:35:21.495 I/DiracAPI(25269):  preset: 'default' 
05-12 13:35:21.495 I/DiracAPI(25269):  samplerate: 48000 
05-12 13:35:21.495 I/DiracAPI(25269):  nChannelsIn: 2 
05-12 13:35:21.495 I/DiracAPI(25269):  maxFrames: 2000 
05-12 13:35:21.495 I/DiracAPI(25269):  inFmt/outFmt: 1/1
05-12 13:35:21.510 I/DiracAPI(25269): Dirac_create: DiracObj (ED2F2920) created with conf: 'USECASE_INTERNAL_POWERSOUND'
05-12 13:35:21.512 I/DiracAPI(25269): (ED2F2920): Prepared with conf: 'USECASE_INTERNAL_POWERSOUND' 
05-12 13:35:21.512 I/DiracAPI(25269):  preset: 'default' 
05-12 13:35:21.512 I/DiracAPI(25269):  samplerate: 44100 
05-12 13:35:21.512 I/DiracAPI(25269):  nChannelsIn: 2 
05-12 13:35:21.512 I/DiracAPI(25269):  maxFrames: 2000 
05-12 13:35:21.512 I/DiracAPI(25269):  inFmt/outFmt: 1/1
05-12 13:35:21.513 I/DiracAPI(25269): Dirac_create: DiracObj (ED1574B0) created with conf: 'USECASE_INTERNAL_POWERSOUND'
05-12 13:35:21.514 I/DiracAPI(25269): (ED1574B0): Prepared with conf: 'USECASE_INTERNAL_POWERSOUND' 
05-12 13:35:21.514 I/DiracAPI(25269):  preset: 'default' 
05-12 13:35:21.514 I/DiracAPI(25269):  samplerate: 48000 
05-12 13:35:21.514 I/DiracAPI(25269):  nChannelsIn: 2 
05-12 13:35:21.514 I/DiracAPI(25269):  maxFrames: 2000 
05-12 13:35:21.514 I/DiracAPI(25269):  inFmt/outFmt: 1/1
05-12 13:35:21.530 I/DiracAPI(25269): Dirac_create: DiracObj (ECEB14C0) created with conf: 'USECASE_INTERNAL_POWERSOUND'
05-12 13:35:21.531 I/DiracAPI(25269): (ECEB14C0): Prepared with conf: 'USECASE_INTERNAL_POWERSOUND' 
05-12 13:35:21.531 I/DiracAPI(25269):  preset: 'default' 
05-12 13:35:21.531 I/DiracAPI(25269):  samplerate: 44100 
05-12 13:35:21.531 I/DiracAPI(25269):  nChannelsIn: 2 
05-12 13:35:21.531 I/DiracAPI(25269):  maxFrames: 2000 
05-12 13:35:21.531 I/DiracAPI(25269):  inFmt/outFmt: 1/1
05-12 13:35:21.532 I/DiracAPI(25269): Dirac_create: DiracObj (ECE0B050) created with conf: 'USECASE_INTERNAL_POWERSOUND'
05-12 13:35:21.533 I/DiracAPI(25269): (ECE0B050): Prepared with conf: 'USECASE_INTERNAL_POWERSOUND' 
05-12 13:35:21.533 I/DiracAPI(25269):  preset: 'default' 
05-12 13:35:21.533 I/DiracAPI(25269):  samplerate: 48000 
05-12 13:35:21.533 I/DiracAPI(25269):  nChannelsIn: 2 
05-12 13:35:21.533 I/DiracAPI(25269):  maxFrames: 2000 
05-12 13:35:21.533 I/DiracAPI(25269):  inFmt/outFmt: 1/1
05-12 13:35:21.537 I/AudioFlinger(25269): HAL output buffer size 960 frames, normal sink buffer size 960 frames
05-12 13:35:21.538 I/AudioFlinger(25269): AudioFlinger's thread 0xecc83840 tid=25309 ready to run
05-12 13:35:21.538 W/AudioFlinger(25269): no wake lock to update, system not ready yet
05-12 13:35:21.538 I/bt_a2dp_hw(25269): suspend_audio_datapath: state 3
05-12 13:35:21.538 W/bt_btif (25021): btif_a2dp_recv_ctrl_data: a2dp-ctrl-cmd : A2DP_CTRL_CMD_SUSPEND
05-12 13:35:21.538 I/btif_av (25021): btif_av_stream_started_ready: Peer c4:67:b5:39:cc:ea : state=2 flags=0x0(None) ready=0
05-12 13:35:21.539 W/bt_btif (25021): btif_a2dp_command_ack: ## a2dp ack : A2DP_CTRL_CMD_SUSPEND, status 0 ##
05-12 13:35:21.539 W/bt_btif (25021): btif_a2dp_recv_ctrl_data: a2dp-ctrl-cmd : A2DP_CTRL_CMD_SUSPEND DONE
05-12 13:35:21.542 I/bt_a2dp_hw(25269): skt_disconnect: fd -1
05-12 13:35:21.542 W/AudioFlinger(25269): no wake lock to update, system not ready yet
05-12 13:35:21.542 I/bt_a2dp_hw(25269): out_set_parameters: state 5 kvpairs a2dp_sink_address=C4:67:B5:39:CC:EA
05-12 13:35:21.543 I/hash_map_utils(25269): key: 'a2dp_sink_address' value: 'C4:67:B5:39:CC:EA'
05-12 13:35:21.544 W/bt_btif (25021): btif_a2dp_recv_ctrl_data: a2dp-ctrl-cmd : A2DP_CTRL_GET_OUTPUT_AUDIO_CONFIG
05-12 13:35:21.544 W/bt_btif (25021): btif_a2dp_command_ack: ## a2dp ack : A2DP_CTRL_GET_OUTPUT_AUDIO_CONFIG, status 0 ##
05-12 13:35:21.544 W/bt_btif (25021): btif_a2dp_recv_ctrl_data: a2dp-ctrl-cmd : A2DP_CTRL_GET_OUTPUT_AUDIO_CONFIG DONE
05-12 13:35:21.544 I/bt_a2dp_hw(25269): a2dp_read_output_audio_config: got output codec config (update_stream_config=false): sample_rate=0x2 bits_per_sample=0x1 channel_mode=0x2
05-12 13:35:21.544 I/bt_a2dp_hw(25269): a2dp_read_output_audio_config: got output codec capability: sample_rate=0x3 bits_per_sample=0x1 channel_mode=0x2
05-12 13:35:21.544 I/bt_a2dp_hw(25269): out_get_parameters: get parameters result = sup_formats=AUDIO_FORMAT_PCM_16_BIT;
05-12 13:35:21.545 W/bt_btif (25021): btif_a2dp_recv_ctrl_data: a2dp-ctrl-cmd : A2DP_CTRL_GET_OUTPUT_AUDIO_CONFIG
05-12 13:35:21.545 W/bt_btif (25021): btif_a2dp_command_ack: ## a2dp ack : A2DP_CTRL_GET_OUTPUT_AUDIO_CONFIG, status 0 ##
05-12 13:35:21.545 W/bt_btif (25021): btif_a2dp_recv_ctrl_data: a2dp-ctrl-cmd : A2DP_CTRL_GET_OUTPUT_AUDIO_CONFIG DONE
05-12 13:35:21.545 I/bt_a2dp_hw(25269): a2dp_read_output_audio_config: got output codec config (update_stream_config=false): sample_rate=0x2 bits_per_sample=0x1 channel_mode=0x2
05-12 13:35:21.545 I/bt_a2dp_hw(25269): a2dp_read_output_audio_config: got output codec capability: sample_rate=0x3 bits_per_sample=0x1 channel_mode=0x2
05-12 13:35:21.545 I/bt_a2dp_hw(25269): out_get_parameters: get parameters result = sup_sampling_rates=44100|48000;
05-12 13:35:21.545 W/bt_btif (25021): btif_a2dp_recv_ctrl_data: a2dp-ctrl-cmd : A2DP_CTRL_GET_OUTPUT_AUDIO_CONFIG
05-12 13:35:21.546 W/bt_btif (25021): btif_a2dp_command_ack: ## a2dp ack : A2DP_CTRL_GET_OUTPUT_AUDIO_CONFIG, status 0 ##
05-12 13:35:21.546 W/bt_btif (25021): btif_a2dp_recv_ctrl_data: a2dp-ctrl-cmd : A2DP_CTRL_GET_OUTPUT_AUDIO_CONFIG DONE
05-12 13:35:21.546 I/bt_a2dp_hw(25269): a2dp_read_output_audio_config: got output codec config (update_stream_config=false): sample_rate=0x2 bits_per_sample=0x1 channel_mode=0x2
05-12 13:35:21.546 I/bt_a2dp_hw(25269): a2dp_read_output_audio_config: got output codec capability: sample_rate=0x3 bits_per_sample=0x1 channel_mode=0x2
05-12 13:35:21.546 I/bt_a2dp_hw(25269): out_get_parameters: get parameters result = sup_channels=AUDIO_CHANNEL_OUT_STEREO;
05-12 13:35:21.547 I/bt_a2dp_hw(25269): out_set_parameters: state 5 kvpairs closing=true
05-12 13:35:21.547 I/hash_map_utils(25269): key: 'closing' value: 'true'
05-12 13:35:21.548 I/bt_a2dp_hw(25269): out_set_parameters: state 2 kvpairs exiting=1
05-12 13:35:21.548 I/hash_map_utils(25269): key: 'exiting' value: '1'
05-12 13:35:21.548 I/bt_a2dp_hw(25269): adev_close_output_stream: adev_close_output_stream: state 2
05-12 13:35:21.549 I/bt_a2dp_hw(25269): adev_close_output_stream: closing output (state 2)
05-12 13:35:21.549 I/bt_a2dp_hw(25269): stop_audio_datapath: state 2
05-12 13:35:21.549 W/bt_btif (25021): btif_a2dp_recv_ctrl_data: a2dp-ctrl-cmd : A2DP_CTRL_CMD_STOP
05-12 13:35:21.549 W/bt_btif (25021): btif_a2dp_command_ack: ## a2dp ack : A2DP_CTRL_CMD_STOP, status 0 ##
05-12 13:35:21.549 W/bt_btif (25021): btif_a2dp_recv_ctrl_data: a2dp-ctrl-cmd : A2DP_CTRL_CMD_STOP DONE
05-12 13:35:21.549 I/bt_a2dp_hw(25269): skt_disconnect: fd -1
05-12 13:35:21.549 I/bt_a2dp_hw(25269): skt_disconnect: fd 35
05-12 13:35:21.549 W/bt_btif (25021): poll : channel detached remotely
05-12 13:35:21.549 W/bt_btif (25021): btif_a2dp_recv_ctrl_data: CTRL CH DETACHED
05-12 13:35:21.549 W/bt_btif (25021): btif_a2dp_ctrl_cb: A2DP-CTRL-CHANNEL EVENT UIPC_CLOSE_EVT
05-12 13:35:21.550 I/AudioFlinger(25269): openOutput() this 0xf5abe000, module 18 Device 0x80, SamplingRate 48000, Format 0x000001, Channels 0x3, flags 0
05-12 13:35:21.550 I/bt_a2dp_hw(25269): adev_open_output_stream: opening output
05-12 13:35:21.550 I/bt_a2dp_hw(25269): a2dp_command: starting up or recovering from previous error: command=A2DP_CTRL_GET_OUTPUT_AUDIO_CONFIG
05-12 13:35:21.550 I/bt_a2dp_hw(25269): skt_connect: connect to /data/misc/bluedroid/.a2dp_ctrl (sz 256)
05-12 13:35:21.551 W/bt_btif (25021): btif_a2dp_ctrl_cb: A2DP-CTRL-CHANNEL EVENT UIPC_OPEN_EVT
05-12 13:35:21.551 I/bt_a2dp_hw(25269): skt_connect: connected to stack fd = 35
05-12 13:35:21.551 I/DiracAPI(25269): Dirac_create: DiracObj (ECD39C60) created with conf: 'USECASE_INTERNAL_POWERSOUND'
05-12 13:35:21.552 W/bt_btif (25021): btif_a2dp_recv_ctrl_data: a2dp-ctrl-cmd : A2DP_CTRL_CMD_CHECK_READY
05-12 13:35:21.552 I/btif_av (25021): btif_av_stream_ready: Peer c4:67:b5:39:cc:ea : state=2, flags=0x0(None)
05-12 13:35:21.552 W/bt_btif (25021): btif_a2dp_command_ack: ## a2dp ack : A2DP_CTRL_CMD_CHECK_READY, status 0 ##
05-12 13:35:21.552 W/bt_btif (25021): btif_a2dp_recv_ctrl_data: a2dp-ctrl-cmd : A2DP_CTRL_CMD_CHECK_READY DONE
05-12 13:35:21.552 W/bt_btif (25021): btif_a2dp_recv_ctrl_data: a2dp-ctrl-cmd : A2DP_CTRL_GET_OUTPUT_AUDIO_CONFIG
05-12 13:35:21.552 W/bt_btif (25021): btif_a2dp_command_ack: ## a2dp ack : A2DP_CTRL_GET_OUTPUT_AUDIO_CONFIG, status 0 ##
05-12 13:35:21.552 W/bt_btif (25021): btif_a2dp_recv_ctrl_data: a2dp-ctrl-cmd : A2DP_CTRL_GET_OUTPUT_AUDIO_CONFIG DONE
05-12 13:35:21.552 I/bt_a2dp_hw(25269): a2dp_read_output_audio_config: got output codec config (update_stream_config=true): sample_rate=0x2 bits_per_sample=0x1 channel_mode=0x2
05-12 13:35:21.552 I/bt_a2dp_hw(25269): a2dp_read_output_audio_config: got output codec capability: sample_rate=0x3 bits_per_sample=0x1 channel_mode=0x2
05-12 13:35:21.553 W/bt_btif (25021): btif_a2dp_recv_ctrl_data: a2dp-ctrl-cmd : A2DP_CTRL_SET_OUTPUT_AUDIO_CONFIG
05-12 13:35:21.553 W/bt_btif (25021): btif_a2dp_command_ack: ## a2dp ack : A2DP_CTRL_SET_OUTPUT_AUDIO_CONFIG, status 0 ##
05-12 13:35:21.553 I/DiracAPI(25269): (ECD39C60): Prepared with conf: 'USECASE_INTERNAL_POWERSOUND' 
05-12 13:35:21.553 I/DiracAPI(25269):  preset: 'default' 
05-12 13:35:21.553 I/DiracAPI(25269):  samplerate: 48000 
05-12 13:35:21.553 I/DiracAPI(25269):  nChannelsIn: 2 
05-12 13:35:21.553 I/DiracAPI(25269):  maxFrames: 2000 
05-12 13:35:21.553 I/DiracAPI(25269):  inFmt/outFmt: 1/1
05-12 13:35:21.553 I/bt_btif_a2dp_source(25021): btif_a2dp_source_feeding_update_req: state=STATE_RUNNING
05-12 13:35:21.553 W/bt_btif (25021): btif_a2dp_recv_ctrl_data: a2dp-ctrl-cmd : A2DP_CTRL_SET_OUTPUT_AUDIO_CONFIG DONE
05-12 13:35:21.553 I/bt_btif_a2dp_source(25021): btif_a2dp_source_audio_feeding_update_event: state=STATE_RUNNING
05-12 13:35:21.553 I/bt_a2dp_hw(25269): a2dp_write_output_audio_config: sent output codec config: sample_rate=0x2 bits_per_sample=0x1 channel_mode=0x2
05-12 13:35:21.553 D/a2dp_vendor_aptx_encoder(25021): a2dp_vendor_aptx_encoder_update: sample_rate=48000 bits_per_sample=16 channel_count=2
05-12 13:35:21.554 D/a2dp_vendor_aptx_encoder(25021): aptx_init_framing_params: sleep_time_ns = 14000000
05-12 13:35:21.554 W/bt_btif (25021): btif_a2dp_recv_ctrl_data: a2dp-ctrl-cmd : A2DP_CTRL_GET_OUTPUT_AUDIO_CONFIG
05-12 13:35:21.554 W/bt_btif (25021): btif_a2dp_command_ack: ## a2dp ack : A2DP_CTRL_GET_OUTPUT_AUDIO_CONFIG, status 0 ##
05-12 13:35:21.554 W/bt_btif (25021): btif_a2dp_recv_ctrl_data: a2dp-ctrl-cmd : A2DP_CTRL_GET_OUTPUT_AUDIO_CONFIG DONE
05-12 13:35:21.554 I/bt_a2dp_hw(25269): a2dp_read_output_audio_config: got output codec config (update_stream_config=true): sample_rate=0x2 bits_per_sample=0x1 channel_mode=0x2
05-12 13:35:21.554 I/bt_a2dp_hw(25269): a2dp_read_output_audio_config: got output codec capability: sample_rate=0x3 bits_per_sample=0x1 channel_mode=0x2
05-12 13:35:21.554 I/bt_a2dp_hw(25269): adev_open_output_stream: Output stream config: format=0x1 sample_rate=48000 channel_mask=0x3 buffer_sz=7680
05-12 13:35:21.804 I/AudioFlinger(25269): HAL output buffer size 960 frames, normal sink buffer size 960 frames
05-12 13:35:21.805 I/AudioFlinger(25269): AudioFlinger's thread 0xeca83940 tid=25310 ready to run
05-12 13:35:21.805 W/AudioFlinger(25269): no wake lock to update, system not ready yet
05-12 13:35:21.805 I/bt_a2dp_hw(25269): suspend_audio_datapath: state 3
05-12 13:35:21.806 W/bt_btif (25021): btif_a2dp_recv_ctrl_data: a2dp-ctrl-cmd : A2DP_CTRL_CMD_SUSPEND
05-12 13:35:21.806 I/btif_av (25021): btif_av_stream_started_ready: Peer c4:67:b5:39:cc:ea : state=2 flags=0x0(None) ready=0
05-12 13:35:21.806 W/bt_btif (25021): btif_a2dp_command_ack: ## a2dp ack : A2DP_CTRL_CMD_SUSPEND, status 0 ##
05-12 13:35:21.806 W/bt_btif (25021): btif_a2dp_recv_ctrl_data: a2dp-ctrl-cmd : A2DP_CTRL_CMD_SUSPEND DONE
05-12 13:35:21.807 I/bt_a2dp_hw(25269): skt_disconnect: fd -1
05-12 13:35:21.808 W/AudioFlinger(25269): no wake lock to update, system not ready yet
05-12 13:35:21.813 W/AudioFlinger(25269): moveEffectChain_l() effect chain for session 0 not on source thread 0xf2103ec0
05-12 13:35:21.814 I/AudioFlinger(25269): HAL output buffer size 960 frames, normal sink buffer size 960 frames
05-12 13:35:21.815 I/AudioFlinger(25269): AudioFlinger's thread 0xeca03d40 tid=25311 ready to run
05-12 13:35:21.815 W/AudioFlinger(25269): no wake lock to update, system not ready yet
05-12 13:35:21.815 W/AudioFlinger(25269): no wake lock to update, system not ready yet
05-12 13:35:21.826 D/AudioPolicyManagerCustom(25269): setDeviceConnectionStateInt() device: 0x80000008, state 1, address C4:67:B5:39:CC:EA name Libratone Q ADAPT On Ear
05-12 13:35:21.827 D/audio_hw_primary(25269): adev_set_parameters: enter: C4:67:B5:39:CC:EA=;connect=-2147483640
05-12 13:35:21.827 D/audio_hw_extn(25269): audio_extn_set_anc_parameters: anc_enabled:0
05-12 13:35:21.827 I/bt_a2dp_hw(25269): adev_set_parameters: state 5
05-12 13:35:21.828 I/bt_a2dp_hw(25269): out_set_parameters: state 5 kvpairs C4:67:B5:39:CC:EA=;connect=-2147483640
05-12 13:35:21.828 I/hash_map_utils(25269): key: 'connect' value: '-2147483640'
05-12 13:35:21.828 I/hash_map_utils(25269): key: 'C4:67:B5:39:CC:EA' value: ''
05-12 13:35:21.829 D/audio_hw_primary(25269): adev_open_input_stream: enter: sample_rate(48000) channel_mask(0xc) devices(0x80000008)        stream_handle(0xf5ac3e60) io_handle(46) source(1)
05-12 13:35:21.830 I/AudioFlinger(25269): AudioFlinger's thread 0xec883640 tid=25312 ready to run
05-12 13:35:21.830 D/audio_hw_primary(25269): in_standby: enter: stream (0xf5ac3e60) usecase(15: audio-record)
05-12 13:35:21.830 W/AudioFlinger(25269): no wake lock to update, system not ready yet
05-12 13:35:21.830 D/audio_hw_primary(25269): in_set_parameters: enter: kvpairs=C4:67:B5:39:CC:EA=
05-12 13:35:21.830 D/audio_hw_primary(25269): in_standby: enter: stream (0xf5ac3e60) usecase(15: audio-record)
05-12 13:35:21.831 W/AudioFlinger(25269): no wake lock to update, system not ready yet
05-12 13:35:21.831 D/audio_hw_primary(25269): adev_close_input_stream: enter:stream_handle(0xf5ac3e60)
05-12 13:35:21.831 D/audio_hw_primary(25269): in_standby: enter: stream (0xf5ac3e60) usecase(15: audio-record)
05-12 13:35:21.833 D/AudioPolicyManagerCustom(25269): setPhoneState() state 0
05-12 13:35:21.833 W/APM::AudioPolicyEngine(25269): setPhoneState() setting same state 0
05-12 13:35:21.833 W/AudioPolicyManagerCustom(25269): setPhoneState() invalid or same state 0
05-12 13:35:21.834 D/PermissionCache(25269): checking android.permission.MODIFY_AUDIO_ROUTING for uid=1000 => granted (538 us)
05-12 13:35:21.834 D/AudioPolicyManagerCustom(25269): setForceUse() usage 0, config 0, mPhoneState 0
05-12 13:35:21.834 D/AudioPolicyManagerCustom(25269): setForceUse() usage 2, config 0, mPhoneState 0
05-12 13:35:21.835 D/BluetoothActiveDeviceManager(25021): onAudioDevicesAdded
05-12 13:35:21.835 D/BluetoothActiveDeviceManager(25021): Audio device added: Libratone Q ADAPT On Ear type: 7
05-12 13:35:21.835 D/BluetoothActiveDeviceManager(25021): Audio device added: Libratone Q ADAPT On Ear type: 8
05-12 13:35:21.835 D/BluetoothActiveDeviceManager(25021): Audio device added: Libratone Q ADAPT On Ear type: 7
05-12 13:35:21.835 D/AudioPolicyManagerCustom(25269): setForceUse() usage 4, config 0, mPhoneState 0
05-12 13:35:21.835 D/NewAvrcpVolumeManager(25021): onAudioDevicesAdded: size: 3
05-12 13:35:21.835 D/NewAvrcpVolumeManager(25021): onAudioDevicesAdded: address=C4:67:B5:39:CC:EA
05-12 13:35:21.835 D/NewAvrcpVolumeManager(25021): onAudioDevicesAdded: address=C4:67:B5:39:CC:EA
05-12 13:35:21.836 D/NewAvrcpVolumeManager(25021): switchVolumeDevice: Set Absolute volume support to true
05-12 13:35:21.836 D/NewAvrcpVolumeManager(25021): getVolume: Returning volume 4
05-12 13:35:21.836 D/NewAvrcpVolumeManager(25021): switchVolumeDevice: savedVolume=4
05-12 13:35:21.836 I/NewAvrcpVolumeManager(25021): switchVolumeDevice: Updating device volume: avrcpVolume=33
05-12 13:35:21.836 D/NewAvrcpNativeInterface(25021): sendVolumeChanged: volume=33
05-12 13:35:21.836 D/NewAvrcpTargetJni(25021): sendVolumeChangedNative
05-12 13:35:21.840 I/Telecom (  985): WiredHeadsetManager: ACTION_HEADSET_PLUG event, plugged in: false, : WHC.oADR@AUs
05-12 13:35:21.841 D/AudioFx-AudioOutputChangeListener( 3220): onAudioOutputChanged id: 19 type: 8 name: Libratone Q ADAPT On Ear address: C4:67:B5:39:CC:EA [android.media.AudioDeviceInfo@32]
05-12 13:35:21.842 I/Telecom (  985): WiredHeadsetManager: ACTION_HEADSET_PLUG event, plugged in: false, : WHC.oADA@AUw
05-12 13:35:21.851 D/AudioPolicyManagerCustom(25269): setForceUse() usage 1, config 0, mPhoneState 0
05-12 13:35:21.851 D/AudioPolicyManagerCustom(25269): setForceUse() usage 3, config 8, mPhoneState 0
05-12 13:35:21.855 I/AudioFlinger(25269): systemReady
05-12 13:35:21.855 D/audio_hw_primary(25269): adev_set_parameters: enter: restarting=false
05-12 13:35:21.855 D/audio_hw_extn(25269): audio_extn_set_anc_parameters: anc_enabled:0
05-12 13:35:21.855 I/bt_a2dp_hw(25269): adev_set_parameters: state 5
05-12 13:35:21.855 I/bt_a2dp_hw(25269): out_set_parameters: state 5 kvpairs restarting=false
05-12 13:35:21.855 I/hash_map_utils(25269): key: 'restarting' value: 'false'
05-12 13:35:21.857 D/AudioPolicyManagerCustom(25269): setForceUse() usage 7, config 0, mPhoneState 0
05-12 13:35:21.857 D/AudioPolicyManagerCustom(25269): setForceUse() usage 6, config 0, mPhoneState 0
05-12 13:35:21.959 W/AudioFlinger(25269): createTrack_l(): mismatch between requested flags (00000008) and output flags (00000000)
05-12 13:35:21.959 D/AudioFlinger(25269): Client defaulted notificationFrames to 11025 for frameCount 33075
05-12 13:35:21.973 W/AshmemAllocator(  425): ashmem_create_region(7680) returning hidl_memory(0x775342c100, 7680)
05-12 13:35:21.990 W/AshmemAllocator(  425): ashmem_create_region(7680) returning hidl_memory(0x775342c100, 7680)
05-12 13:35:21.990 E/se.dirac.effect(25269): check_config: bad parameter: bufferProvider
05-12 13:35:21.991 W/EffectHAL(25269): Effect 0xecb47080 command SET_CONFIG returned status: Invalid argument
05-12 13:35:21.991 E/se.dirac.effect(25269): check_config: bad parameter: bufferProvider
05-12 13:35:21.991 W/EffectHAL(25269): Effect 0xecb47080 command SET_CONFIG returned status: Invalid argument
05-12 13:35:21.991 E/AudioFlinger::EffectModule(25269): configure failed -22 with int16_t (as well as float)
05-12 13:35:21.991 I/bt_a2dp_hw(25269): out_set_parameters: state 5 kvpairs a2dp_sink_address=C4:67:B5:39:CC:EA;routing=128
05-12 13:35:21.991 I/hash_map_utils(25269): key: 'routing' value: '128'
05-12 13:35:21.991 I/hash_map_utils(25269): key: 'a2dp_sink_address' value: 'C4:67:B5:39:CC:EA'
05-12 13:35:22.000 E/AudioFlinger(25269): no wake lock to update, but system ready!
05-12 13:35:22.001 D/CloudMusicNativePlayer(17846): AudioTrack(9): Played
05-12 13:35:22.001 D/CloudMusicNativePlayer(17846): PostNativeMsg: what:200, args:702, args2:0
05-12 13:35:22.001 I/bt_a2dp_hw(25269): start_audio_datapath: state 5
05-12 13:35:22.001 W/AudioTrack(17846): dead IAudioTrack, PCM, creating a new one from obtainBuffer()
05-12 13:35:22.001 W/bt_btif (25021): btif_a2dp_recv_ctrl_data: a2dp-ctrl-cmd : A2DP_CTRL_CMD_START
05-12 13:35:22.001 I/btif_av (25021): btif_av_stream_ready: Peer c4:67:b5:39:cc:ea : state=2, flags=0x0(None)
05-12 13:35:22.002 I/btif_av (25021): btif_av_stream_start
05-12 13:35:22.002 W/bt_btif (25021): btif_a2dp_recv_ctrl_data: a2dp-ctrl-cmd : A2DP_CTRL_CMD_START DONE
05-12 13:35:22.002 I/btif_av (25021): virtual bool BtifAvStateMachine::StateOpened::ProcessEvent(uint32_t, void *): Peer c4:67:b5:39:cc:ea : event=BTIF_AV_START_STREAM_REQ_EVT(0x1b) flags=0x0(None)
05-12 13:35:22.002 I/bt_bta_av(25021): BTA_AvStart: handle=65
05-12 13:35:22.002 I/bt_bta_av(25021): bta_av_do_start: peer c4:67:b5:39:cc:ea sco_occupied:false role:0x0 started:false wait:0x0
05-12 13:35:22.002 W/bt_btif (25021): bta_dm_rm_cback:2, status:7
05-12 13:35:22.002 D/CloudMusicNativePlayer(17846): PostNativeMsg End: what:200, args:702, args2:0
05-12 13:35:22.002 I/bt_bta_av(25021): bta_av_do_start: peer c4:67:b5:39:cc:ea start requested: sco_occupied:false role:0x10 started:false wait:0x0
05-12 13:35:22.003 D/LocalPlayback(17846): >>>>onInfo MEDIA_INFO_BUFFERING_END:6
05-12 13:35:22.004 W/AudioFlinger(25269): createTrack_l(): mismatch between requested flags (00000008) and output flags (00000000)
05-12 13:35:22.004 D/AudioFlinger(25269): Client defaulted notificationFrames to 11025 for frameCount 33075
05-12 13:35:22.007 D/CloudMusicNativePlayer(17846): AudioTrack(9): reset base time_line(0)
05-12 13:35:22.023 I/bt_bta_av(25021): bta_av_start_ok: peer c4:67:b5:39:cc:ea handle:65 wait:0x0 role:0x10 local_tsep:0
05-12 13:35:22.023 I/bt_bta_av(25021): bta_av_link_role_ok: peer c4:67:b5:39:cc:ea hndl:0x41 role:1 conn_audio:0x1 bits:1 features:0x865b
05-12 13:35:22.023 W/bt_btif (25021): bta_dm_rm_cback:2, status:0
05-12 13:35:22.023 W/bt_btif (25021): bta_dm_rm_cback:2, status:7
05-12 13:35:22.023 I/btif_av (25021): virtual bool BtifAvStateMachine::StateOpened::ProcessEvent(uint32_t, void *): Peer c4:67:b5:39:cc:ea : event=BTA_AV_START_EVT(0x4) status=0 suspending=0 initiator=1 flags=0x4(PENDING_START)
05-12 13:35:22.023 I/bt_btif_a2dp(25021): btif_a2dp_on_started: ## ON A2DP STARTED ## peer c4:67:b5:39:cc:ea pending_start:true p_av_start:0x70a02d5ca8
05-12 13:35:22.023 I/bt_btif_a2dp(25021): btif_a2dp_on_started: peer c4:67:b5:39:cc:ea pending_start:true status:0 suspending:false initiator:true
05-12 13:35:22.023 W/bt_btif (25021): btif_a2dp_command_ack: ## a2dp ack : A2DP_CTRL_CMD_START, status 0 ##
05-12 13:35:22.023 I/btif_av (25021): btif_report_audio_state: peer_address=c4:67:b5:39:cc:ea state=2
05-12 13:35:22.023 I/bt_a2dp_hw(25269): skt_connect: connect to /data/misc/bluedroid/.a2dp_data (sz 7680)
05-12 13:35:22.023 I/bt_a2dp_hw(25269): skt_connect: connected to stack fd = 40
05-12 13:35:22.023 W/bt_btif (25021): btif_a2dp_data_cb: BTIF MEDIA (A2DP-DATA) EVENT UIPC_OPEN_EVT
05-12 13:35:22.024 I/bt_btif_a2dp_source(25021): btif_a2dp_source_start_audio_req: state=STATE_RUNNING
05-12 13:35:22.024 I/bt_btif_a2dp_source(25021): btif_a2dp_source_audio_tx_start_event: media_alarm is not running, streaming false state=STATE_RUNNING
05-12 13:35:22.024 D/a2dp_vendor_aptx_encoder(25021): aptx_init_framing_params: sleep_time_ns = 14000000
05-12 13:35:22.025 E/AudioFlinger(25269): no wake lock to update, but system ready!
05-12 13:35:22.027 I/BluetoothA2dpServiceJni(25021): bta2dp_audio_state_callback
05-12 13:35:22.028 D/A2dpNativeInterface(25021): onAudioStateChanged: A2dpStackEvent {type:EVENT_TYPE_AUDIO_STATE_CHANGED, device:C4:67:B5:39:CC:EA, value1:STARTED}
05-12 13:35:22.029 D/A2dpStateMachine(25021): handleMessage: E msg.what=101
05-12 13:35:22.029 D/A2dpStateMachine(25021): processMsg: Connected
05-12 13:35:22.029 D/A2dpStateMachine(25021): Connected process message(C4:67:B5:39:CC:EA): STACK_EVENT
05-12 13:35:22.029 D/A2dpStateMachine(25021): Connected: stack event: A2dpStackEvent {type:EVENT_TYPE_AUDIO_STATE_CHANGED, device:C4:67:B5:39:CC:EA, value1:STARTED}
05-12 13:35:22.029 I/A2dpStateMachine(25021): Connected: started playing: C4:67:B5:39:CC:EA
05-12 13:35:22.029 D/A2dpStateMachine(25021): A2DP Playing state : device: C4:67:B5:39:CC:EA State:NOT_PLAYING->PLAYING
05-12 13:35:22.030 D/A2dpStateMachine(25021): handleMessage: X
05-12 13:35:22.033 V/NewAvrcpMediaPlayerWrapper(25021): onPlaybackStateChanged(): com.netease.cloudmusic : PlaybackState {state=3, position=20, buffered position=0, speed=1.0, updated=138196491, actions=822, custom actions=[], active item id=-1, error=null}
05-12 13:35:22.042 V/NewAvrcpMediaPlayerWrapper(25021): trySendMediaUpdate(): Metadata has been updated for com.netease.cloudmusic
05-12 13:35:22.042 D/NewAvrcpMediaPlayerList(25021): sendMediaUpdate
05-12 13:35:22.042 I/NewAvrcpMediaPlayerList(25021): sendMediaUpdate: Creating a one item queue for a player with no queue
05-12 13:35:22.042 D/NewAvrcpTargetService(25021): onMediaUpdated: track_changed=false state=true queue=false
05-12 13:35:22.042 D/NewAvrcpNativeInterface(25021): sendMediaUpdate: metadata=false playStatus=true queue=false
05-12 13:35:22.042 D/NewAvrcpTargetJni(25021): sendMediaUpdateNative
05-12 13:35:22.042 I/bt_stack(25021): [INFO:avrcp_service.cc(342)] virtual void bluetooth::avrcp::AvrcpService::SendMediaUpdate(bool, bool, bool) track_changed=0 :  play_state=1 :  queue=0
05-12 13:35:22.043 I/bt_stack(25021): [INFO:device.cc(1227)] c4:67:b5:39:cc:ea : HandlePlayPosUpdate
05-12 13:35:22.043 D/NewAvrcpTargetJni(25021): getCurrentPlayStatus
05-12 13:35:22.043 D/NewAvrcpNativeInterface(25021): getPlayStatus
05-12 13:35:22.047 I/bt_stack(25021): [INFO:device.cc(409)] c4:67:b5:39:cc:ea : PlaybackStatusNotificationResponse: Not sending notification due to no state update c4:67:b5:39:cc:ea
05-12 13:35:22.047 D/NewAvrcpTargetJni(25021): getCurrentPlayStatus
05-12 13:35:22.047 D/NewAvrcpNativeInterface(25021): getPlayStatus
05-12 13:35:22.051 I/bt_stack(25021): [INFO:device.cc(461)] c4:67:b5:39:cc:ea : PlaybackPosNotificationResponse: Queue next play position update
05-12 13:35:22.064 D/NewAvrcpTargetJni(25021): getCurrentPlayStatus
05-12 13:35:22.064 D/NewAvrcpNativeInterface(25021): getPlayStatus
05-12 13:35:22.069 I/bt_stack(25021): [INFO:device.cc(461)] c4:67:b5:39:cc:ea : PlaybackPosNotificationResponse: Queue next play position update
05-12 13:35:22.263 E/AudioFlinger(25269): no wake lock to update, but system ready!
05-12 13:35:23.069 I/bt_stack(25021): [INFO:device.cc(1227)] c4:67:b5:39:cc:ea : HandlePlayPosUpdate
05-12 13:35:23.070 D/NewAvrcpTargetJni(25021): getCurrentPlayStatus
05-12 13:35:23.070 D/NewAvrcpNativeInterface(25021): getPlayStatus
05-12 13:35:23.089 I/bt_stack(25021): [INFO:device.cc(461)] c4:67:b5:39:cc:ea : PlaybackPosNotificationResponse: Queue next play position update
05-12 13:35:23.100 D/NewAvrcpTargetJni(25021): getCurrentPlayStatus
05-12 13:35:23.100 D/NewAvrcpNativeInterface(25021): getPlayStatus
05-12 13:35:23.113 I/bt_stack(25021): [INFO:device.cc(461)] c4:67:b5:39:cc:ea : PlaybackPosNotificationResponse: Queue next play position update
05-12 13:35:24.114 I/bt_stack(25021): [INFO:device.cc(1227)] c4:67:b5:39:cc:ea : HandlePlayPosUpdate
05-12 13:35:24.115 D/NewAvrcpTargetJni(25021): getCurrentPlayStatus
05-12 13:35:24.115 D/NewAvrcpNativeInterface(25021): getPlayStatus
05-12 13:35:24.131 I/bt_stack(25021): [INFO:device.cc(461)] c4:67:b5:39:cc:ea : PlaybackPosNotificationResponse: Queue next play position update
05-12 13:35:24.141 D/NewAvrcpTargetJni(25021): getCurrentPlayStatus
05-12 13:35:24.142 D/NewAvrcpNativeInterface(25021): getPlayStatus
05-12 13:35:24.149 I/bt_stack(25021): [INFO:device.cc(461)] c4:67:b5:39:cc:ea : PlaybackPosNotificationResponse: Queue next play position update
05-12 13:35:25.150 I/bt_stack(25021): [INFO:device.cc(1227)] c4:67:b5:39:cc:ea : HandlePlayPosUpdate
05-12 13:35:25.151 D/NewAvrcpTargetJni(25021): getCurrentPlayStatus
05-12 13:35:25.151 D/NewAvrcpNativeInterface(25021): getPlayStatus
05-12 13:35:25.171 I/bt_stack(25021): [INFO:device.cc(461)] c4:67:b5:39:cc:ea : PlaybackPosNotificationResponse: Queue next play position update
05-12 13:35:25.185 D/NewAvrcpTargetJni(25021): getCurrentPlayStatus
05-12 13:35:25.185 D/NewAvrcpNativeInterface(25021): getPlayStatus
05-12 13:35:25.195 I/bt_stack(25021): [INFO:device.cc(461)] c4:67:b5:39:cc:ea : PlaybackPosNotificationResponse: Queue next play position update
05-12 13:35:21.985 I/chatty  (  344): uid=1000(system) hwservicemanage identical 10 lines
05-12 13:35:21.987 I/snet_event_log(  344): [121035042,-1,]
05-12 13:35:25.229 I/auditd  (25313): type=1400 audit(0.0:9939): avc: denied { ioctl } for comm="sensors.qcom" path="/dev/sensors" dev="tmpfs" ino=10900 ioctlcmd=6403 scontext=u:r:init:s0 tcontext=u:object_r:device:s0 tclass=chr_file permissive=1
05-12 13:35:25.229 I/sensors.qcom(25313): type=1400 audit(0.0:9939): avc: denied { ioctl } for path="/dev/sensors" dev="tmpfs" ino=10900 ioctlcmd=6403 scontext=u:r:init:s0 tcontext=u:object_r:device:s0 tclass=chr_file permissive=1
05-12 13:35:25.570 I/MSM-irqbalance(  703): Decided to move IRQ271 from CPU1 to CPU2
05-12 13:35:26.195 I/bt_stack(25021): [INFO:device.cc(1227)] c4:67:b5:39:cc:ea : HandlePlayPosUpdate
05-12 13:35:26.199 D/NewAvrcpTargetJni(25021): getCurrentPlayStatus
05-12 13:35:26.200 D/NewAvrcpNativeInterface(25021): getPlayStatus
05-12 13:35:26.221 I/bt_stack(25021): [INFO:device.cc(461)] c4:67:b5:39:cc:ea : PlaybackPosNotificationResponse: Queue next play position update
05-12 13:35:26.231 D/NewAvrcpTargetJni(25021): getCurrentPlayStatus
05-12 13:35:26.231 D/NewAvrcpNativeInterface(25021): getPlayStatus
05-12 13:35:26.236 I/bt_stack(25021): [INFO:device.cc(461)] c4:67:b5:39:cc:ea : PlaybackPosNotificationResponse: Queue next play position update
05-12 13:35:26.365 I/auditd  ( 2900): type=1400 audit(0.0:9940): avc: denied { read } for comm="sensors.qcom" scontext=u:r:init:s0 tcontext=u:r:init:s0 tclass=socket permissive=1
05-12 13:35:26.365 I/sensors.qcom( 2900): type=1400 audit(0.0:9940): avc: denied { read } for scontext=u:r:init:s0 tcontext=u:r:init:s0 tclass=socket permissive=1
05-12 13:35:27.237 I/bt_stack(25021): [INFO:device.cc(1227)] c4:67:b5:39:cc:ea : HandlePlayPosUpdate
05-12 13:35:27.238 D/NewAvrcpTargetJni(25021): getCurrentPlayStatus
05-12 13:35:27.238 D/NewAvrcpNativeInterface(25021): getPlayStatus
05-12 13:35:27.258 I/bt_stack(25021): [INFO:device.cc(461)] c4:67:b5:39:cc:ea : PlaybackPosNotificationResponse: Queue next play position update
05-12 13:35:27.271 D/NewAvrcpTargetJni(25021): getCurrentPlayStatus
05-12 13:35:27.271 D/NewAvrcpNativeInterface(25021): getPlayStatus
05-12 13:35:27.279 I/bt_stack(25021): [INFO:device.cc(461)] c4:67:b5:39:cc:ea : PlaybackPosNotificationResponse: Queue next play position update
05-12 13:35:28.280 I/bt_stack(25021): [INFO:device.cc(1227)] c4:67:b5:39:cc:ea : HandlePlayPosUpdate
05-12 13:35:28.281 D/NewAvrcpTargetJni(25021): getCurrentPlayStatus
05-12 13:35:28.281 D/NewAvrcpNativeInterface(25021): getPlayStatus
05-12 13:35:28.303 I/bt_stack(25021): [INFO:device.cc(461)] c4:67:b5:39:cc:ea : PlaybackPosNotificationResponse: Queue next play position update
05-12 13:35:28.320 D/NewAvrcpTargetJni(25021): getCurrentPlayStatus
05-12 13:35:28.320 D/NewAvrcpNativeInterface(25021): getPlayStatus
05-12 13:35:28.325 I/bt_stack(25021): [INFO:device.cc(461)] c4:67:b5:39:cc:ea : PlaybackPosNotificationResponse: Queue next play position update
05-12 13:35:29.326 I/bt_stack(25021): [INFO:device.cc(1227)] c4:67:b5:39:cc:ea : HandlePlayPosUpdate
05-12 13:35:29.327 D/NewAvrcpTargetJni(25021): getCurrentPlayStatus
05-12 13:35:29.327 D/NewAvrcpNativeInterface(25021): getPlayStatus
05-12 13:35:29.349 I/bt_stack(25021): [INFO:device.cc(461)] c4:67:b5:39:cc:ea : PlaybackPosNotificationResponse: Queue next play position update
05-12 13:35:29.363 D/NewAvrcpTargetJni(25021): getCurrentPlayStatus
05-12 13:35:29.363 D/NewAvrcpNativeInterface(25021): getPlayStatus
05-12 13:35:29.370 I/bt_stack(25021): [INFO:device.cc(461)] c4:67:b5:39:cc:ea : PlaybackPosNotificationResponse: Queue next play position update
05-12 13:35:30.371 I/bt_stack(25021): [INFO:device.cc(1227)] c4:67:b5:39:cc:ea : HandlePlayPosUpdate
05-12 13:35:30.372 D/NewAvrcpTargetJni(25021): getCurrentPlayStatus
05-12 13:35:30.372 D/NewAvrcpNativeInterface(25021): getPlayStatus
05-12 13:35:30.399 I/bt_stack(25021): [INFO:device.cc(461)] c4:67:b5:39:cc:ea : PlaybackPosNotificationResponse: Queue next play position update
05-12 13:35:30.414 D/NewAvrcpTargetJni(25021): getCurrentPlayStatus
05-12 13:35:30.414 D/NewAvrcpNativeInterface(25021): getPlayStatus
05-12 13:35:30.419 I/bt_stack(25021): [INFO:device.cc(461)] c4:67:b5:39:cc:ea : PlaybackPosNotificationResponse: Queue next play position update
05-12 13:35:31.420 I/bt_stack(25021): [INFO:device.cc(1227)] c4:67:b5:39:cc:ea : HandlePlayPosUpdate
05-12 13:35:31.422 D/NewAvrcpTargetJni(25021): getCurrentPlayStatus
05-12 13:35:31.422 D/NewAvrcpNativeInterface(25021): getPlayStatus
05-12 13:35:31.441 I/bt_stack(25021): [INFO:device.cc(461)] c4:67:b5:39:cc:ea : PlaybackPosNotificationResponse: Queue next play position update
05-12 13:35:31.456 D/NewAvrcpTargetJni(25021): getCurrentPlayStatus
05-12 13:35:31.456 D/NewAvrcpNativeInterface(25021): getPlayStatus
05-12 13:35:31.463 I/bt_stack(25021): [INFO:device.cc(461)] c4:67:b5:39:cc:ea : PlaybackPosNotificationResponse: Queue next play position update
05-12 13:35:32.463 I/bt_stack(25021): [INFO:device.cc(1227)] c4:67:b5:39:cc:ea : HandlePlayPosUpdate
05-12 13:35:32.464 D/NewAvrcpTargetJni(25021): getCurrentPlayStatus
05-12 13:35:32.464 D/NewAvrcpNativeInterface(25021): getPlayStatus
05-12 13:35:32.485 I/bt_stack(25021): [INFO:device.cc(461)] c4:67:b5:39:cc:ea : PlaybackPosNotificationResponse: Queue next play position update
05-12 13:35:32.497 D/NewAvrcpTargetJni(25021): getCurrentPlayStatus
05-12 13:35:32.498 D/NewAvrcpNativeInterface(25021): getPlayStatus
05-12 13:35:32.503 I/bt_stack(25021): [INFO:device.cc(461)] c4:67:b5:39:cc:ea : PlaybackPosNotificationResponse: Queue next play position update
05-12 13:35:33.505 I/bt_stack(25021): [INFO:device.cc(1227)] c4:67:b5:39:cc:ea : HandlePlayPosUpdate
05-12 13:35:33.505 D/NewAvrcpTargetJni(25021): getCurrentPlayStatus
05-12 13:35:33.506 D/NewAvrcpNativeInterface(25021): getPlayStatus
05-12 13:35:33.528 I/bt_stack(25021): [INFO:device.cc(461)] c4:67:b5:39:cc:ea : PlaybackPosNotificationResponse: Queue next play position update
05-12 13:35:33.537 D/NewAvrcpTargetJni(25021): getCurrentPlayStatus
05-12 13:35:33.537 D/NewAvrcpNativeInterface(25021): getPlayStatus
05-12 13:35:33.542 I/bt_stack(25021): [INFO:device.cc(461)] c4:67:b5:39:cc:ea : PlaybackPosNotificationResponse: Queue next play position update
05-12 13:35:34.543 I/bt_stack(25021): [INFO:device.cc(1227)] c4:67:b5:39:cc:ea : HandlePlayPosUpdate
05-12 13:35:34.544 D/NewAvrcpTargetJni(25021): getCurrentPlayStatus
05-12 13:35:34.544 D/NewAvrcpNativeInterface(25021): getPlayStatus
05-12 13:35:34.564 I/bt_stack(25021): [INFO:device.cc(461)] c4:67:b5:39:cc:ea : PlaybackPosNotificationResponse: Queue next play position update
05-12 13:35:34.573 D/NewAvrcpTargetJni(25021): getCurrentPlayStatus
05-12 13:35:34.574 D/NewAvrcpNativeInterface(25021): getPlayStatus
05-12 13:35:34.579 I/bt_stack(25021): [INFO:device.cc(461)] c4:67:b5:39:cc:ea : PlaybackPosNotificationResponse: Queue next play position update
05-12 13:35:34.793 D/ImsManager( 2342): Connector: getImsService
05-12 13:35:34.796 I/ImsManager( 2342): Creating ImsService
05-12 13:35:34.803 W/MmTelFeatureConnection( 2342): create: binder is null! Slot Id: 0
05-12 13:35:34.804 E/ImsManager( 2342): Connector: Retrying getting ImsService...
05-12 13:35:34.805 D/ImsManager( 2342): Connector: getImsService
05-12 13:35:34.805 I/ImsManager( 2342): Creating ImsService
05-12 13:35:34.810 W/MmTelFeatureConnection( 2342): create: binder is null! Slot Id: 0
05-12 13:35:34.811 E/ImsManager( 2342): Connector: Retrying getting ImsService...
05-12 13:35:35.229 I/auditd  (25314): type=1400 audit(0.0:9941): avc: denied { write } for comm="sensors.qcom" scontext=u:r:init:s0 tcontext=u:r:init:s0 tclass=socket permissive=1
05-12 13:35:35.229 I/sensors.qcom(25314): type=1400 audit(0.0:9941): avc: denied { write } for scontext=u:r:init:s0 tcontext=u:r:init:s0 tclass=socket permissive=1
05-12 13:35:35.579 I/bt_stack(25021): [INFO:device.cc(1227)] c4:67:b5:39:cc:ea : HandlePlayPosUpdate
05-12 13:35:35.581 D/NewAvrcpTargetJni(25021): getCurrentPlayStatus
05-12 13:35:35.581 D/NewAvrcpNativeInterface(25021): getPlayStatus
05-12 13:35:35.607 I/bt_stack(25021): [INFO:device.cc(461)] c4:67:b5:39:cc:ea : PlaybackPosNotificationResponse: Queue next play position update
05-12 13:35:35.617 D/NewAvrcpTargetJni(25021): getCurrentPlayStatus
05-12 13:35:35.618 D/NewAvrcpNativeInterface(25021): getPlayStatus
05-12 13:35:35.631 I/bt_stack(25021): [INFO:device.cc(461)] c4:67:b5:39:cc:ea : PlaybackPosNotificationResponse: Queue next play position update
05-12 13:35:36.632 I/bt_stack(25021): [INFO:device.cc(1227)] c4:67:b5:39:cc:ea : HandlePlayPosUpdate
05-12 13:35:36.633 D/NewAvrcpTargetJni(25021): getCurrentPlayStatus
05-12 13:35:36.633 D/NewAvrcpNativeInterface(25021): getPlayStatus
05-12 13:35:36.652 I/bt_stack(25021): [INFO:device.cc(461)] c4:67:b5:39:cc:ea : PlaybackPosNotificationResponse: Queue next play position update
05-12 13:35:36.660 D/NewAvrcpTargetJni(25021): getCurrentPlayStatus
05-12 13:35:36.660 D/NewAvrcpNativeInterface(25021): getPlayStatus
05-12 13:35:36.668 I/bt_stack(25021): [INFO:device.cc(461)] c4:67:b5:39:cc:ea : PlaybackPosNotificationResponse: Queue next play position update
05-12 13:35:37.669 I/bt_stack(25021): [INFO:device.cc(1227)] c4:67:b5:39:cc:ea : HandlePlayPosUpdate
05-12 13:35:37.669 D/NewAvrcpTargetJni(25021): getCurrentPlayStatus
05-12 13:35:37.669 D/NewAvrcpNativeInterface(25021): getPlayStatus
05-12 13:35:37.689 I/bt_stack(25021): [INFO:device.cc(461)] c4:67:b5:39:cc:ea : PlaybackPosNotificationResponse: Queue next play position update
05-12 13:35:37.703 D/NewAvrcpTargetJni(25021): getCurrentPlayStatus
05-12 13:35:37.703 D/NewAvrcpNativeInterface(25021): getPlayStatus
05-12 13:35:37.713 I/bt_stack(25021): [INFO:device.cc(461)] c4:67:b5:39:cc:ea : PlaybackPosNotificationResponse: Queue next play position update
05-12 13:35:38.177 I/auditd  (  426): type=1400 audit(0.0:9942): avc: denied { read } for comm="healthd" name="present" dev="sysfs" ino=20166 scontext=u:r:healthd:s0 tcontext=u:object_r:sysfs:s0 tclass=file permissive=1
05-12 13:35:38.177 I/healthd (  426): type=1400 audit(0.0:9942): avc: denied { read } for name="present" dev="sysfs" ino=20166 scontext=u:r:healthd:s0 tcontext=u:object_r:sysfs:s0 tclass=file permissive=1
05-12 13:35:38.177 I/auditd  (  426): type=1400 audit(0.0:9943): avc: denied { open } for comm="healthd" path="/sys/devices/soc.0/qpnp-smbcharger-17/power_supply/battery/present" dev="sysfs" ino=20166 scontext=u:r:healthd:s0 tcontext=u:object_r:sysfs:s0 tclass=file permissive=1
