05-12 13:35:20.509 W/DeviceHAL(25269): Error from HAL Device in function set_master_volume: Function not implemented
05-12 13:35:20.510 W/DeviceHAL(25269): Error from HAL Device in function set_master_mute: Function not implemented
05-12 13:35:20.510 I/AudioFlinger(25269): loadHwModule() Loaded primary audio interface, handle 10
05-12 13:35:20.510 I/AudioFlinger(25269): openOutput() this 0xf5abe000, module 10 Device 0x2, SamplingRate 48000, Format 0x000001, Channels 0x3, flags 0x6
05-12 13:35:20.510 D/audio_hw_primary(25269): adev_open_output_stream: enter: sample_rate(48000) channel_mask(0x3) devices(0x2) flags(0x6)        stream_handle(0xf2c35000)
05-12 13:35:20.510 D/audio_hw_primary(25269): adev_open_output_stream: Stream (0xf2c35000) picks up usecase (low-latency-playback)
05-12 13:35:20.511 I/AudioFlinger(25269): HAL output buffer size 240 frames, normal sink buffer size 960 frames
05-12 13:35:20.512 I/snet_event_log(  344): [121035042,-1,]
05-12 13:35:20.517 D/vndksupport(25269): Loading /vendor/lib/hw/android.hardware.audio.effect@4.0-impl.so from current namespace instead of sphal namespace.
05-12 13:35:20.528 D/vndksupport(25269): Loading /vendor/lib/hw/android.hardware.audio.effect@4.0-impl.so from current namespace instead of sphal namespace.
05-12 13:35:20.535 E/EffectsConfig(25269): Could not parse effect configuration in any of the default locations.
05-12 13:35:20.535 E/EffectsFactoryConfigLoader(25269): Failed to parse XML configuration file
05-12 13:35:20.535 W/EffectsFactory(25269): Failed to load XML effect configuration, fallback to .conf
05-12 13:35:20.557 I/MSM-irqbalance(  703): Decided to move IRQ195 from CPU0 to CPU2
05-12 13:35:20.574 I/DiracAPI(25269): ConfigurationManager: Using custom configuration file '/system/vendor/etc/diracmobile.config'
05-12 13:35:20.928 E/DiracAPI(25269): checkVersion: Minor version of Library is different
05-12 13:35:20.928 I/chatty  (25269): uid=1041(audioserver) /system/bin/audioserver identical 3 lines
05-12 13:35:20.928 E/DiracAPI(25269): checkVersion: Minor version of Library is different
05-12 13:35:20.928 I/DiracAPI(25269): ParseConfigurationData: Configuration created by 
05-12 13:35:20.928 I/DiracAPI(25269): '    Project             : 151203_Smartisan_T2_AAC_Lim_PS1_Mod' 
05-12 13:35:20.928 I/DiracAPI(25269): '    At                  : 3 Dec 2015 15:11:56' 
05-12 13:35:20.928 I/DiracAPI(25269): '    With API version    : 2.0.5' 
05-12 13:35:20.928 I/DiracAPI(25269): '    Library version     : 1.1.6' 
05-12 13:35:20.928 I/DiracAPI(25269): '    Configurator version: 1.1.6' 
05-12 13:35:20.928 I/DiracAPI(25269): '    Revision            : 7929' 
05-12 13:35:20.928 I/DiracAPI(25269): ==== Library Info:             
05-12 13:35:20.928 I/DiracAPI(25269): '    API version         : 2.0.5' 
05-12 13:35:20.928 I/DiracAPI(25269): '    Library version     : 1.2.1' 
05-12 13:35:20.928 I/DiracAPI(25269): '    Revision            : 8079' 
05-12 13:35:20.928 W/DiracAPI(25269): No cached entry found for index 1, creating a temporary for decoding info.
05-12 13:35:20.947 W/DiracAPI(25269): No cached entry found for index 0, creating a temporary for decoding info.
05-12 13:35:20.952 W/EffectsFactoryConfigLoader(25269): Error querying effect 7d1580bd-297f-4683-9239-e475b6d1d69f on lib offload_bundle
05-12 13:35:20.952 I/BufferProvider(25269): found effect "Multichannel Downmix To Stereo" from The Android Open Source Project
05-12 13:35:20.952 I/AudioFlinger(25269): Using module 10 as the primary audio interface
05-12 13:35:20.952 I/AudioFlinger(25269): AudioFlinger's thread 0xf2103ec0 tid=25298 ready to run
05-12 13:35:20.952 W/AudioFlinger(25269): no wake lock to update, system not ready yet
05-12 13:35:20.958 I/ServiceManager(25269): Waiting for service 'media.audio_policy' on '/dev/binder'...
05-12 13:35:20.961 I/bt_stack(25021): [INFO:device.cc(1227)] c4:67:b5:39:cc:ea : HandlePlayPosUpdate
05-12 13:35:20.961 D/NewAvrcpTargetJni(25021): getCurrentPlayStatus
05-12 13:35:20.961 D/NewAvrcpNativeInterface(25021): getPlayStatus
05-12 13:35:20.962 I/DiracAPI(25269): Dirac_create: DiracObj (F2B8FFB0) created with conf: 'USECASE_EXTERNAL_HEADSET'
05-12 13:35:20.962 I/DiracAPI(25269): (F2B8FFB0): Prepared with conf: 'USECASE_EXTERNAL_HEADSET' 
05-12 13:35:20.962 I/DiracAPI(25269):  preset: 'default' 
05-12 13:35:20.962 I/DiracAPI(25269):  samplerate: 44100 
05-12 13:35:20.962 I/DiracAPI(25269):  nChannelsIn: 2 
05-12 13:35:20.962 I/DiracAPI(25269):  maxFrames: 2000 
05-12 13:35:20.962 I/DiracAPI(25269):  inFmt/outFmt: 1/1
05-12 13:35:20.962 I/bt_stack(25021): [INFO:device.cc(461)] c4:67:b5:39:cc:ea : PlaybackPosNotificationResponse: Queue next play position update
05-12 13:35:20.965 I/DiracAPI(25269): Dirac_create: DiracObj (F2167030) created with conf: 'USECASE_EXTERNAL_HEADSET'
05-12 13:35:20.965 I/DiracAPI(25269): (F2167030): Prepared with conf: 'USECASE_EXTERNAL_HEADSET' 
05-12 13:35:20.965 I/DiracAPI(25269):  preset: 'default' 
05-12 13:35:20.965 I/DiracAPI(25269):  samplerate: 48000 
05-12 13:35:20.965 I/DiracAPI(25269):  nChannelsIn: 2 
05-12 13:35:20.965 I/DiracAPI(25269):  maxFrames: 2000 
05-12 13:35:20.965 I/DiracAPI(25269):  inFmt/outFmt: 1/1
05-12 13:35:20.969 D/audio_hw_primary(25269): out_standby: enter: stream (0xf2c35000) usecase(1: low-latency-playback)
05-12 13:35:20.969 D/audio_hw_primary(25269): out_standby: mutex unlock out->lock
05-12 13:35:20.969 W/AudioFlinger(25269): no wake lock to update, system not ready yet
05-12 13:35:20.971 D/PermissionCache(25269): checking android.permission.MODIFY_AUDIO_SETTINGS for uid=1000 => granted (862 us)
05-12 13:35:20.971 D/audio_hw_primary(25269): adev_set_parameters: enter: restarting=true
05-12 13:35:20.971 D/audio_hw_extn(25269): audio_extn_set_anc_parameters: anc_enabled:0
05-12 13:35:20.973 I/DiracAPI(25269): Dirac_create: DiracObj (F0FC4DB0) created with conf: 'USECASE_EXTERNAL_HEADSET'
05-12 13:35:20.973 I/DiracAPI(25269): Dirac_create: DiracObj (F2167FC0) created with conf: 'USECASE_EXTERNAL_HEADSET'
05-12 13:35:20.973 I/DiracAPI(25269): (F2167FC0): Prepared with conf: 'USECASE_EXTERNAL_HEADSET' 
05-12 13:35:20.973 I/DiracAPI(25269):  preset: 'default' 
05-12 13:35:20.973 I/DiracAPI(25269):  samplerate: 48000 
05-12 13:35:20.973 I/DiracAPI(25269):  nChannelsIn: 2 
05-12 13:35:20.973 I/DiracAPI(25269):  maxFrames: 2000 
05-12 13:35:20.973 I/DiracAPI(25269):  inFmt/outFmt: 1/1
05-12 13:35:20.973 I/DiracAPI(25269): (F0FC4DB0): Prepared with conf: 'USECASE_EXTERNAL_HEADSET' 
05-12 13:35:20.973 I/DiracAPI(25269):  preset: 'default' 
05-12 13:35:20.973 I/DiracAPI(25269):  samplerate: 44100 
05-12 13:35:20.973 I/DiracAPI(25269):  nChannelsIn: 2 
05-12 13:35:20.973 I/DiracAPI(25269):  maxFrames: 2000 
05-12 13:35:20.973 I/DiracAPI(25269):  inFmt/outFmt: 1/1
05-12 13:35:20.973 D/AudioFlinger(25269): isLowRamDevice:false totalMemory:2979049472 mClientSharedHeapSize:8388608
05-12 13:35:20.974 W/AudioFlinger(25269): moveEffects() bad srcOutput 0
05-12 13:35:20.974 D/audio_hw_primary(25269): out_set_parameters: enter: usecase(1: low-latency-playback) kvpairs: routing=2, device: 2
05-12 13:35:20.974 D/audio_hw_extn(25269): audio_extn_set_anc_parameters: anc_enabled:0
05-12 13:35:20.975 I/AudioFlinger(25269): openOutput() this 0xf5abe000, module 10 Device 0x2, SamplingRate 48000, Format 0x000001, Channels 0x3, flags 0x104
05-12 13:35:20.975 D/audio_hw_primary(25269): adev_open_output_stream: enter: sample_rate(48000) channel_mask(0x3) devices(0x2) flags(0x104)        stream_handle(0xf2c35780)
05-12 13:35:20.975 D/audio_hw_primary(25269): adev_open_output_stream: Stream (0xf2c35780) picks up usecase (low-latency-playback)
05-12 13:35:20.975 I/AudioFlinger(25269): HAL output buffer size 240 frames, normal sink buffer size 960 frames
05-12 13:35:20.984 D/NewAvrcpTargetJni(25021): getCurrentPlayStatus
05-12 13:35:20.985 D/NewAvrcpNativeInterface(25021): getPlayStatus
05-12 13:35:20.986 I/bt_stack(25021): [INFO:device.cc(461)] c4:67:b5:39:cc:ea : PlaybackPosNotificationResponse: Queue next play position update
05-12 13:35:20.987 I/DiracAPI(25269): Dirac_create: DiracObj (F1C7FF90) created with conf: 'USECASE_EXTERNAL_HEADSET'
05-12 13:35:20.989 I/DiracAPI(25269): (F1C7FF90): Prepared with conf: 'USECASE_EXTERNAL_HEADSET' 
05-12 13:35:20.989 I/DiracAPI(25269):  preset: 'default' 
05-12 13:35:20.989 I/DiracAPI(25269):  samplerate: 48000 
05-12 13:35:20.989 I/DiracAPI(25269):  nChannelsIn: 2 
05-12 13:35:20.989 I/DiracAPI(25269):  maxFrames: 2000 
05-12 13:35:20.989 I/DiracAPI(25269):  inFmt/outFmt: 1/1
05-12 13:35:20.990 I/DiracAPI(25269): Dirac_create: DiracObj (F0EECBF0) created with conf: 'USECASE_EXTERNAL_HEADSET'
05-12 13:35:20.990 I/DiracAPI(25269): (F0EECBF0): Prepared with conf: 'USECASE_EXTERNAL_HEADSET' 
05-12 13:35:20.990 I/DiracAPI(25269):  preset: 'default' 
05-12 13:35:20.990 I/DiracAPI(25269):  samplerate: 44100 
05-12 13:35:20.990 I/DiracAPI(25269):  nChannelsIn: 2 
05-12 13:35:20.990 I/DiracAPI(25269):  maxFrames: 2000 
05-12 13:35:20.990 I/DiracAPI(25269):  inFmt/outFmt: 1/1
05-12 13:35:20.994 I/DiracAPI(25269): Dirac_create: DiracObj (F0DE5DD0) created with conf: 'USECASE_EXTERNAL_HEADSET'
05-12 13:35:20.994 I/DiracAPI(25269): (F0DE5DD0): Prepared with conf: 'USECASE_EXTERNAL_HEADSET' 
05-12 13:35:20.994 I/DiracAPI(25269):  preset: 'default' 
05-12 13:35:20.994 I/DiracAPI(25269):  samplerate: 48000 
05-12 13:35:20.994 I/DiracAPI(25269):  nChannelsIn: 2 
05-12 13:35:20.994 I/DiracAPI(25269):  maxFrames: 2000 
05-12 13:35:20.994 I/DiracAPI(25269):  inFmt/outFmt: 1/1
05-12 13:35:20.994 I/DiracAPI(25269): Dirac_create: DiracObj (F2BC9730) created with conf: 'USECASE_EXTERNAL_HEADSET'
05-12 13:35:20.994 I/DiracAPI(25269): (F2BC9730): Prepared with conf: 'USECASE_EXTERNAL_HEADSET' 
05-12 13:35:20.994 I/DiracAPI(25269):  preset: 'default' 
05-12 13:35:20.994 I/DiracAPI(25269):  samplerate: 44100 
05-12 13:35:20.994 I/DiracAPI(25269):  nChannelsIn: 2 
05-12 13:35:20.994 I/DiracAPI(25269):  maxFrames: 2000 
05-12 13:35:20.994 I/DiracAPI(25269):  inFmt/outFmt: 1/1
05-12 13:35:20.995 I/AudioFlinger(25269): AudioFlinger's thread 0xf0d83600 tid=25301 ready to run
05-12 13:35:20.996 W/AudioFlinger(25269): no wake lock to update, system not ready yet
05-12 13:35:20.996 D/audio_hw_primary(25269): out_set_parameters: enter: usecase(1: low-latency-playback) kvpairs: routing=2, device: 2
05-12 13:35:20.996 D/audio_hw_primary(25269): out_standby: enter: stream (0xf2c35780) usecase(1: low-latency-playback)
05-12 13:35:20.996 D/audio_hw_primary(25269): out_standby: mutex unlock out->lock
05-12 13:35:20.997 I/AudioFlinger(25269): openOutput() this 0xf5abe000, module 10 Device 0x2, SamplingRate 48000, Format 0x000001, Channels 0x3, flags 0x8
05-12 13:35:20.997 D/audio_hw_primary(25269): adev_open_output_stream: enter: sample_rate(48000) channel_mask(0x3) devices(0x2) flags(0x8)        stream_handle(0xf2c35600)
05-12 13:35:20.997 E/audio_hw_primary(25269): adev_open_output_stream: Primary output is already opened
05-12 13:35:20.997 D/audio_hw_primary(25269): adev_open_output_stream: exit: ret -17
05-12 13:35:20.997 W/DeviceHAL(25269): Error from HAL Device in function open_output_stream: File exists
05-12 13:35:20.997 I/AudioHwDevice(25269): openOutputStream(), HAL returned sampleRate 48000, Format 0x1, channelMask 0x3, status -61
05-12 13:35:20.997 W/APM_AudioPolicyManager(25269): Cannot open output stream for device 00000002 on hw module primary
05-12 13:35:20.997 I/AudioFlinger(25269): openOutput() this 0xf5abe000, module 10 Device 0x10000, SamplingRate 48000, Format 0x000001, Channels 0x3, flags 0
05-12 13:35:20.997 D/audio_hw_primary(25269): adev_open_output_stream: enter: sample_rate(48000) channel_mask(0x3) devices(0x10000) flags(0)        stream_handle(0xf2c35600)
05-12 13:35:20.997 D/audio_hw_primary(25269): adev_open_output_stream: Stream (0xf2c35600) picks up usecase (afe-proxy-playback)
05-12 13:35:20.997 I/AudioFlinger(25269): HAL output buffer size 768 frames, normal sink buffer size 1152 frames
05-12 13:35:21.007 I/DiracAPI(25269): Dirac_create: DiracObj (F0A2B130) created with conf: 'USECASE_EXTERNAL_HEADSET'
05-12 13:35:21.008 I/AudioFlinger(25269): AudioFlinger's thread 0xf09abac0 tid=25303 ready to run
05-12 13:35:21.008 W/AudioFlinger(25269): no wake lock to update, system not ready yet
05-12 13:35:21.008 D/audio_hw_primary(25269): out_standby: enter: stream (0xf2c35600) usecase(36: afe-proxy-playback)
05-12 13:35:21.008 D/audio_hw_primary(25269): out_standby: mutex unlock out->lock
05-12 13:35:21.008 I/DiracAPI(25269): Dirac_create: DiracObj (F09FCF40) created with conf: 'USECASE_EXTERNAL_HEADSET'
05-12 13:35:21.009 W/AudioFlinger(25269): no wake lock to update, system not ready yet
05-12 13:35:21.009 I/DiracAPI(25269): (F09FCF40): Prepared with conf: 'USECASE_EXTERNAL_HEADSET' 
05-12 13:35:21.009 I/DiracAPI(25269):  preset: 'default' 
05-12 13:35:21.009 I/DiracAPI(25269):  samplerate: 48000 
05-12 13:35:21.009 I/DiracAPI(25269):  nChannelsIn: 2 
05-12 13:35:21.009 I/DiracAPI(25269):  maxFrames: 2000 
05-12 13:35:21.009 I/DiracAPI(25269):  inFmt/outFmt: 1/1
05-12 13:35:21.009 D/audio_hw_primary(25269): out_set_parameters: enter: usecase(36: afe-proxy-playback) kvpairs: routing=65536, device: 65536
05-12 13:35:21.009 I/DiracAPI(25269): (F0A2B130): Prepared with conf: 'USECASE_EXTERNAL_HEADSET' 
05-12 13:35:21.009 I/DiracAPI(25269):  preset: 'default' 
05-12 13:35:21.009 I/DiracAPI(25269):  samplerate: 44100 
05-12 13:35:21.009 I/DiracAPI(25269):  nChannelsIn: 2 
05-12 13:35:21.009 I/DiracAPI(25269):  maxFrames: 2000 
05-12 13:35:21.009 I/DiracAPI(25269):  inFmt/outFmt: 1/1
05-12 13:35:21.009 D/audio_hw_primary(25269): adev_open_input_stream: enter: sample_rate(48000) channel_mask(0xc) devices(0x80002000)        stream_handle(0xf5ac3e60) io_handle(14) source(1)
05-12 13:35:21.010 E/audio_hw_extn(25269): audio_extn_perf_lock_init: Perf lock handles Success 
05-12 13:35:21.011 I/AudioFlinger(25269): AudioFlinger's thread 0xf0583d00 tid=25304 ready to run
05-12 13:35:21.011 D/audio_hw_primary(25269): in_standby: enter: stream (0xf5ac3e60) usecase(15: audio-record)
05-12 13:35:21.011 W/AudioFlinger(25269): no wake lock to update, system not ready yet
05-12 13:35:21.012 D/audio_hw_primary(25269): in_standby: enter: stream (0xf5ac3e60) usecase(15: audio-record)
05-12 13:35:21.013 I/DiracAPI(25269): Dirac_create: DiracObj (F051A5F0) created with conf: 'USECASE_EXTERNAL_HEADSET'
05-12 13:35:21.013 I/DiracAPI(25269): (F051A5F0): Prepared with conf: 'USECASE_EXTERNAL_HEADSET' 
05-12 13:35:21.013 I/DiracAPI(25269):  preset: 'default' 
05-12 13:35:21.013 I/DiracAPI(25269):  samplerate: 44100 
05-12 13:35:21.013 I/DiracAPI(25269):  nChannelsIn: 2 
05-12 13:35:21.013 I/DiracAPI(25269):  maxFrames: 2000 
05-12 13:35:21.013 I/DiracAPI(25269):  inFmt/outFmt: 1/1
05-12 13:35:21.013 I/DiracAPI(25269): Dirac_create: DiracObj (F05F96D0) created with conf: 'USECASE_EXTERNAL_HEADSET'
05-12 13:35:21.013 I/DiracAPI(25269): (F05F96D0): Prepared with conf: 'USECASE_EXTERNAL_HEADSET' 
05-12 13:35:21.013 I/DiracAPI(25269):  preset: 'default' 
05-12 13:35:21.013 I/DiracAPI(25269):  samplerate: 48000 
05-12 13:35:21.013 I/DiracAPI(25269):  nChannelsIn: 2 
05-12 13:35:21.013 I/DiracAPI(25269):  maxFrames: 2000 
05-12 13:35:21.013 I/DiracAPI(25269):  inFmt/outFmt: 1/1
05-12 13:35:21.015 I/DiracAPI(25269): Dirac_create: DiracObj (F052D970) created with conf: 'USECASE_EXTERNAL_HEADSET'
05-12 13:35:21.015 I/DiracAPI(25269): (F052D970): Prepared with conf: 'USECASE_EXTERNAL_HEADSET' 
05-12 13:35:21.015 I/DiracAPI(25269):  preset: 'default' 
05-12 13:35:21.015 I/DiracAPI(25269):  samplerate: 44100 
05-12 13:35:21.015 I/DiracAPI(25269):  nChannelsIn: 2 
05-12 13:35:21.015 I/DiracAPI(25269):  maxFrames: 2000 
05-12 13:35:21.015 I/DiracAPI(25269):  inFmt/outFmt: 1/1
05-12 13:35:21.015 W/AudioFlinger(25269): no wake lock to update, system not ready yet
05-12 13:35:21.016 D/audio_hw_primary(25269): adev_close_input_stream: enter:stream_handle(0xf5ac3e60)
05-12 13:35:21.016 D/audio_hw_primary(25269): in_standby: enter: stream (0xf5ac3e60) usecase(15: audio-record)
05-12 13:35:21.017 D/audio_hw_primary(25269): adev_open_input_stream: enter: sample_rate(48000) channel_mask(0x17000c) devices(0x80000004)        stream_handle(0xf5ac3e60) io_handle(22) source(1)
05-12 13:35:21.018 E/AudioFlinger(25269): not enough memory for pipe buffer size=49152; roHeap=0xf05f9d90, pipeMemory=0x0, pipeBuffer=0x0; roHeapSize: 16384
05-12 13:35:21.022 I/DiracAPI(25269): Dirac_create: DiracObj (F057F9F0) created with conf: 'USECASE_EXTERNAL_HEADSET'
05-12 13:35:21.023 I/DiracAPI(25269): Dirac_create: DiracObj (F03AA320) created with conf: 'USECASE_EXTERNAL_HEADSET'
05-12 13:35:21.023 I/DiracAPI(25269): (F03AA320): Prepared with conf: 'USECASE_EXTERNAL_HEADSET' 
05-12 13:35:21.023 I/DiracAPI(25269):  preset: 'default' 
05-12 13:35:21.023 I/DiracAPI(25269):  samplerate: 48000 
05-12 13:35:21.023 I/DiracAPI(25269):  nChannelsIn: 2 
05-12 13:35:21.023 I/DiracAPI(25269):  maxFrames: 2000 
05-12 13:35:21.023 I/DiracAPI(25269):  inFmt/outFmt: 1/1
05-12 13:35:21.024 I/DiracAPI(25269): (F057F9F0): Prepared with conf: 'USECASE_EXTERNAL_HEADSET' 
05-12 13:35:21.024 I/DiracAPI(25269):  preset: 'default' 
05-12 13:35:21.024 I/DiracAPI(25269):  samplerate: 44100 
05-12 13:35:21.024 I/DiracAPI(25269):  nChannelsIn: 2 
05-12 13:35:21.024 I/DiracAPI(25269):  maxFrames: 2000 
05-12 13:35:21.024 I/DiracAPI(25269):  inFmt/outFmt: 1/1
05-12 13:35:21.025 I/DiracAPI(25269): Dirac_create: DiracObj (F02D5160) created with conf: 'USECASE_EXTERNAL_HEADSET'
05-12 13:35:21.025 I/DiracAPI(25269): (F02D5160): Prepared with conf: 'USECASE_EXTERNAL_HEADSET' 
05-12 13:35:21.025 I/DiracAPI(25269):  preset: 'default' 
05-12 13:35:21.025 I/DiracAPI(25269):  samplerate: 48000 
05-12 13:35:21.025 I/DiracAPI(25269):  nChannelsIn: 2 
05-12 13:35:21.025 I/DiracAPI(25269):  maxFrames: 2000 
05-12 13:35:21.025 I/DiracAPI(25269):  inFmt/outFmt: 1/1
05-12 13:35:21.027 I/DiracAPI(25269): Dirac_create: DiracObj (F02D5FA0) created with conf: 'USECASE_EXTERNAL_HEADSET'
05-12 13:35:21.027 I/DiracAPI(25269): (F02D5FA0): Prepared with conf: 'USECASE_EXTERNAL_HEADSET' 
05-12 13:35:21.027 I/DiracAPI(25269):  preset: 'default' 
05-12 13:35:21.027 I/DiracAPI(25269):  samplerate: 48000 
05-12 13:35:21.027 I/DiracAPI(25269):  nChannelsIn: 2 
05-12 13:35:21.027 I/DiracAPI(25269):  maxFrames: 2000 
05-12 13:35:21.027 I/DiracAPI(25269):  inFmt/outFmt: 1/1
05-12 13:35:21.028 I/DiracAPI(25269): Dirac_create: DiracObj (F0325830) created with conf: 'USECASE_EXTERNAL_HEADSET'
05-12 13:35:21.028 I/DiracAPI(25269): (F0325830): Prepared with conf: 'USECASE_EXTERNAL_HEADSET' 
05-12 13:35:21.028 I/DiracAPI(25269):  preset: 'default' 
05-12 13:35:21.028 I/DiracAPI(25269):  samplerate: 44100 
05-12 13:35:21.028 I/DiracAPI(25269):  nChannelsIn: 2 
05-12 13:35:21.028 I/DiracAPI(25269):  maxFrames: 2000 
05-12 13:35:21.028 I/DiracAPI(25269):  inFmt/outFmt: 1/1
05-12 13:35:21.029 I/DiracAPI(25269): Dirac_create: DiracObj (F02EEDE0) created with conf: 'USECASE_EXTERNAL_HEADSET'
05-12 13:35:21.029 I/DiracAPI(25269): (F02EEDE0): Prepared with conf: 'USECASE_EXTERNAL_HEADSET' 
05-12 13:35:21.029 I/DiracAPI(25269):  preset: 'default' 
05-12 13:35:21.029 I/DiracAPI(25269):  samplerate: 48000 
05-12 13:35:21.029 I/DiracAPI(25269):  nChannelsIn: 2 
05-12 13:35:21.029 I/DiracAPI(25269):  maxFrames: 2000 
05-12 13:35:21.029 I/DiracAPI(25269):  inFmt/outFmt: 1/1
05-12 13:35:21.030 I/DiracAPI(25269): Dirac_create: DiracObj (F034D670) created with conf: 'USECASE_EXTERNAL_HEADSET'
05-12 13:35:21.030 I/DiracAPI(25269): (F034D670): Prepared with conf: 'USECASE_EXTERNAL_HEADSET' 
05-12 13:35:21.030 I/DiracAPI(25269):  preset: 'default' 
05-12 13:35:21.030 I/DiracAPI(25269):  samplerate: 44100 
05-12 13:35:21.030 I/DiracAPI(25269):  nChannelsIn: 2 
05-12 13:35:21.030 I/DiracAPI(25269):  maxFrames: 2000 
05-12 13:35:21.030 I/DiracAPI(25269):  inFmt/outFmt: 1/1
05-12 13:35:21.031 I/DiracAPI(25269): Dirac_create: DiracObj (F026CC20) created with conf: 'USECASE_EXTERNAL_HEADSET'
05-12 13:35:21.031 I/DiracAPI(25269): (F026CC20): Prepared with conf: 'USECASE_EXTERNAL_HEADSET' 
05-12 13:35:21.031 I/DiracAPI(25269):  preset: 'default' 
05-12 13:35:21.031 I/DiracAPI(25269):  samplerate: 48000 
05-12 13:35:21.031 I/DiracAPI(25269):  nChannelsIn: 2 
05-12 13:35:21.031 I/DiracAPI(25269):  maxFrames: 2000 
05-12 13:35:21.031 I/DiracAPI(25269):  inFmt/outFmt: 1/1
05-12 13:35:21.032 I/DiracAPI(25269): Dirac_create: DiracObj (F01AD4B0) created with conf: 'USECASE_EXTERNAL_HEADSET'
05-12 13:35:21.032 I/DiracAPI(25269): (F01AD4B0): Prepared with conf: 'USECASE_EXTERNAL_HEADSET' 
05-12 13:35:21.032 I/DiracAPI(25269):  preset: 'default' 
05-12 13:35:21.032 I/DiracAPI(25269):  samplerate: 44100 
05-12 13:35:21.032 I/DiracAPI(25269):  nChannelsIn: 2 
05-12 13:35:21.032 I/DiracAPI(25269):  maxFrames: 2000 
05-12 13:35:21.032 I/DiracAPI(25269):  inFmt/outFmt: 1/1
05-12 13:35:21.033 I/DiracAPI(25269): Dirac_create: DiracObj (F0273A60) created with conf: 'USECASE_EXTERNAL_HEADSET'
05-12 13:35:21.033 I/DiracAPI(25269): (F0273A60): Prepared with conf: 'USECASE_EXTERNAL_HEADSET' 
05-12 13:35:21.033 I/DiracAPI(25269):  preset: 'default' 
05-12 13:35:21.033 I/DiracAPI(25269):  samplerate: 48000 
05-12 13:35:21.033 I/DiracAPI(25269):  nChannelsIn: 2 
05-12 13:35:21.033 I/DiracAPI(25269):  maxFrames: 2000 
05-12 13:35:21.033 I/DiracAPI(25269):  inFmt/outFmt: 1/1
05-12 13:35:21.034 I/DiracAPI(25269): Dirac_create: DiracObj (F01BA2F0) created with conf: 'USECASE_EXTERNAL_HEADSET'
05-12 13:35:21.034 I/DiracAPI(25269): (F01BA2F0): Prepared with conf: 'USECASE_EXTERNAL_HEADSET' 
05-12 13:35:21.034 I/DiracAPI(25269):  preset: 'default' 
05-12 13:35:21.034 I/DiracAPI(25269):  samplerate: 44100 
05-12 13:35:21.034 I/DiracAPI(25269):  nChannelsIn: 2 
05-12 13:35:21.034 I/DiracAPI(25269):  maxFrames: 2000 
05-12 13:35:21.034 I/DiracAPI(25269):  inFmt/outFmt: 1/1
05-12 13:35:21.034 I/DiracAPI(25269): Dirac_create: DiracObj (F010F8A0) created with conf: 'USECASE_EXTERNAL_HEADSET'
05-12 13:35:21.035 I/DiracAPI(25269): (F010F8A0): Prepared with conf: 'USECASE_EXTERNAL_HEADSET' 
05-12 13:35:21.035 I/DiracAPI(25269):  preset: 'default' 
05-12 13:35:21.035 I/DiracAPI(25269):  samplerate: 48000 
05-12 13:35:21.035 I/DiracAPI(25269):  nChannelsIn: 2 
05-12 13:35:21.035 I/DiracAPI(25269):  maxFrames: 2000 
05-12 13:35:21.035 I/DiracAPI(25269):  inFmt/outFmt: 1/1
05-12 13:35:21.035 I/DiracAPI(25269): Dirac_create: DiracObj (F101F130) created with conf: 'USECASE_EXTERNAL_HEADSET'
05-12 13:35:21.035 I/DiracAPI(25269): (F101F130): Prepared with conf: 'USECASE_EXTERNAL_HEADSET' 
05-12 13:35:21.035 I/DiracAPI(25269):  preset: 'default' 
05-12 13:35:21.035 I/DiracAPI(25269):  samplerate: 44100 
05-12 13:35:21.035 I/DiracAPI(25269):  nChannelsIn: 2 
05-12 13:35:21.035 I/DiracAPI(25269):  maxFrames: 2000 
05-12 13:35:21.035 I/DiracAPI(25269):  inFmt/outFmt: 1/1
05-12 13:35:21.036 I/AudioFlinger(25269): AudioFlinger's thread 0xf0583880 tid=25305 ready to run
05-12 13:35:21.036 D/audio_hw_primary(25269): adev_close_input_stream: enter:stream_handle(0xf5ac3e60)
05-12 13:35:21.036 D/audio_hw_primary(25269): in_standby: enter: stream (0xf5ac3e60) usecase(15: audio-record)
05-12 13:35:21.036 D/audio_hw_primary(25269): adev_open_input_stream: enter: sample_rate(48000) channel_mask(0xc) devices(0x80000040)        stream_handle(0xf5ac3e60) io_handle(30) source(1)
05-12 13:35:21.036 W/DeviceHAL(25269): Error from HAL Device in function open_input_stream: Invalid argument
05-12 13:35:21.036 D/audio_hw_primary(25269): adev_open_input_stream: enter: sample_rate(48000) channel_mask(0xc) devices(0x80000040)        stream_handle(0xf5ac3e60) io_handle(30) source(1)
05-12 13:35:21.036 W/DeviceHAL(25269): Error from HAL Device in function open_input_stream: Invalid argument
05-12 13:35:21.036 W/APM_AudioPolicyManager(25269): Cannot open input stream for device 80000040 on hw module primary
05-12 13:35:21.036 I/DiracAPI(25269): Dirac_create: DiracObj (F0133600) created with conf: 'USECASE_EXTERNAL_HEADSET'
05-12 13:35:21.038 I/DiracAPI(25269): Dirac_create: DiracObj (F101FF70) created with conf: 'USECASE_EXTERNAL_HEADSET'
05-12 13:35:21.039 I/DiracAPI(25269): (F0133600): Prepared with conf: 'USECASE_EXTERNAL_HEADSET' 
05-12 13:35:21.039 I/DiracAPI(25269):  preset: 'default' 
05-12 13:35:21.039 I/DiracAPI(25269):  samplerate: 48000 
05-12 13:35:21.039 I/DiracAPI(25269):  nChannelsIn: 2 
05-12 13:35:21.039 I/DiracAPI(25269):  maxFrames: 2000 
05-12 13:35:21.039 I/DiracAPI(25269):  inFmt/outFmt: 1/1
05-12 13:35:21.043 I/DiracAPI(25269): (F101FF70): Prepared with conf: 'USECASE_EXTERNAL_HEADSET' 
05-12 13:35:21.043 I/DiracAPI(25269):  preset: 'default' 
05-12 13:35:21.043 I/DiracAPI(25269):  samplerate: 44100 
05-12 13:35:21.043 I/DiracAPI(25269):  nChannelsIn: 2 
05-12 13:35:21.043 I/DiracAPI(25269):  maxFrames: 2000 
05-12 13:35:21.043 I/DiracAPI(25269):  inFmt/outFmt: 1/1
05-12 13:35:21.044 I/DiracAPI(25269): Dirac_create: DiracObj (F02BF440) created with conf: 'USECASE_EXTERNAL_HEADSET'
05-12 13:35:21.044 I/DiracAPI(25269): (F02BF440): Prepared with conf: 'USECASE_EXTERNAL_HEADSET' 
05-12 13:35:21.044 I/DiracAPI(25269):  preset: 'default' 
05-12 13:35:21.044 I/DiracAPI(25269):  samplerate: 48000 
05-12 13:35:21.044 I/DiracAPI(25269):  nChannelsIn: 2 
05-12 13:35:21.044 I/DiracAPI(25269):  maxFrames: 2000 
05-12 13:35:21.044 I/DiracAPI(25269):  inFmt/outFmt: 1/1
05-12 13:35:21.045 I/DiracAPI(25269): Dirac_create: DiracObj (F0314DB0) created with conf: 'USECASE_EXTERNAL_HEADSET'
05-12 13:35:21.045 I/DiracAPI(25269): (F0314DB0): Prepared with conf: 'USECASE_EXTERNAL_HEADSET' 
05-12 13:35:21.045 I/DiracAPI(25269):  preset: 'default' 
05-12 13:35:21.045 I/DiracAPI(25269):  samplerate: 44100 
05-12 13:35:21.045 I/DiracAPI(25269):  nChannelsIn: 2 
05-12 13:35:21.045 I/DiracAPI(25269):  maxFrames: 2000 
05-12 13:35:21.045 I/DiracAPI(25269):  inFmt/outFmt: 1/1
05-12 13:35:21.046 I/DiracAPI(25269): Dirac_create: DiracObj (F068C280) created with conf: 'USECASE_EXTERNAL_HEADSET'
05-12 13:35:21.046 I/DiracAPI(25269): Dirac_create: DiracObj (F0A26C20) created with conf: 'USECASE_INTERNAL_POWERSOUND'
05-12 13:35:21.046 I/DiracAPI(25269): (F068C280): Prepared with conf: 'USECASE_EXTERNAL_HEADSET' 
05-12 13:35:21.046 I/DiracAPI(25269):  preset: 'default' 
05-12 13:35:21.046 I/DiracAPI(25269):  samplerate: 48000 
05-12 13:35:21.046 I/DiracAPI(25269):  nChannelsIn: 2 
05-12 13:35:21.046 I/DiracAPI(25269):  maxFrames: 2000 
05-12 13:35:21.046 I/DiracAPI(25269):  inFmt/outFmt: 1/1
05-12 13:35:21.047 I/DiracAPI(25269): Dirac_create: DiracObj (F0314EF0) created with conf: 'USECASE_EXTERNAL_HEADSET'
05-12 13:35:21.047 I/DiracAPI(25269): Dirac_create: DiracObj (F05F1A00) created with conf: 'USECASE_INTERNAL_POWERSOUND'
05-12 13:35:21.052 I/DiracAPI(25269): (F0314EF0): Prepared with conf: 'USECASE_EXTERNAL_HEADSET' 
05-12 13:35:21.052 I/DiracAPI(25269):  preset: 'default' 
05-12 13:35:21.052 I/DiracAPI(25269):  samplerate: 44100 
05-12 13:35:21.052 I/DiracAPI(25269):  nChannelsIn: 2 
05-12 13:35:21.052 I/DiracAPI(25269):  maxFrames: 2000 
05-12 13:35:21.052 I/DiracAPI(25269):  inFmt/outFmt: 1/1
05-12 13:35:21.058 I/DiracAPI(25269): Dirac_create: DiracObj (F05F97D0) created with conf: 'USECASE_EXTERNAL_HEADSET'
05-12 13:35:21.063 I/bt_a2dp_hw(25269): adev_open:  adev_open in A2dp_hw module
05-12 13:35:21.063 I/AudioFlinger(25269): loadHwModule() Loaded a2dp audio interface, handle 18
05-12 13:35:21.063 D/vndksupport(25269): Loading /vendor/lib/hw/audio.usb.default.so from current namespace instead of sphal namespace.
05-12 13:35:21.065 I/DiracAPI(25269): Dirac_create: DiracObj (F0A75DB0) created with conf: 'USECASE_EXTERNAL_HEADSET'
05-12 13:35:21.066 I/DiracAPI(25269): (F05F97D0): Prepared with conf: 'USECASE_EXTERNAL_HEADSET' 
05-12 13:35:21.066 I/DiracAPI(25269):  preset: 'default' 
05-12 13:35:21.066 I/DiracAPI(25269):  samplerate: 48000 
05-12 13:35:21.066 I/DiracAPI(25269):  nChannelsIn: 2 
05-12 13:35:21.066 I/DiracAPI(25269):  maxFrames: 2000 
05-12 13:35:21.066 I/DiracAPI(25269):  inFmt/outFmt: 1/1
05-12 13:35:21.067 I/DiracAPI(25269): (F0A75DB0): Prepared with conf: 'USECASE_EXTERNAL_HEADSET' 
05-12 13:35:21.067 I/DiracAPI(25269):  preset: 'default' 
05-12 13:35:21.067 I/DiracAPI(25269):  samplerate: 44100 
05-12 13:35:21.067 I/DiracAPI(25269):  nChannelsIn: 2 
05-12 13:35:21.067 I/DiracAPI(25269):  maxFrames: 2000 
05-12 13:35:21.067 I/DiracAPI(25269):  inFmt/outFmt: 1/1
05-12 13:35:21.075 I/DiracAPI(25269): (F05F1A00): Prepared with conf: 'USECASE_INTERNAL_POWERSOUND' 
05-12 13:35:21.075 I/DiracAPI(25269):  preset: 'default' 
05-12 13:35:21.075 I/DiracAPI(25269):  samplerate: 48000 
05-12 13:35:21.075 I/DiracAPI(25269):  nChannelsIn: 2 
05-12 13:35:21.075 I/DiracAPI(25269):  maxFrames: 2000 
05-12 13:35:21.075 I/DiracAPI(25269):  inFmt/outFmt: 1/1
05-12 13:35:21.077 I/DiracAPI(25269): (F0A26C20): Prepared with conf: 'USECASE_INTERNAL_POWERSOUND' 
05-12 13:35:21.077 I/DiracAPI(25269):  preset: 'default' 
05-12 13:35:21.077 I/DiracAPI(25269):  samplerate: 44100 
05-12 13:35:21.077 I/DiracAPI(25269):  nChannelsIn: 2 
05-12 13:35:21.077 I/DiracAPI(25269):  maxFrames: 2000 
05-12 13:35:21.077 I/DiracAPI(25269):  inFmt/outFmt: 1/1
05-12 13:35:21.078 I/DiracAPI(25269): Dirac_create: DiracObj (EFF23D70) created with conf: 'USECASE_EXTERNAL_HEADSET'
05-12 13:35:21.083 I/DiracAPI(25269): Dirac_create: DiracObj (EFEAA400) created with conf: 'USECASE_EXTERNAL_HEADSET'
05-12 13:35:21.085 I/DiracAPI(25269): (EFF23D70): Prepared with conf: 'USECASE_EXTERNAL_HEADSET' 
05-12 13:35:21.085 I/DiracAPI(25269):  preset: 'default' 
05-12 13:35:21.085 I/DiracAPI(25269):  samplerate: 44100 
05-12 13:35:21.085 I/DiracAPI(25269):  nChannelsIn: 2 
05-12 13:35:21.085 I/DiracAPI(25269):  maxFrames: 2000 
05-12 13:35:21.085 I/DiracAPI(25269):  inFmt/outFmt: 1/1
05-12 13:35:21.087 I/DiracAPI(25269): (EFEAA400): Prepared with conf: 'USECASE_EXTERNAL_HEADSET' 
05-12 13:35:21.087 I/DiracAPI(25269):  preset: 'default' 
05-12 13:35:21.087 I/DiracAPI(25269):  samplerate: 48000 
05-12 13:35:21.087 I/DiracAPI(25269):  nChannelsIn: 2 
05-12 13:35:21.087 I/DiracAPI(25269):  maxFrames: 2000 
05-12 13:35:21.087 I/DiracAPI(25269):  inFmt/outFmt: 1/1
05-12 13:35:21.089 I/AudioFlinger(25269): loadHwModule() Loaded usb audio interface, handle 26
05-12 13:35:21.089 D/vndksupport(25269): Loading /vendor/lib/hw/audio.r_submix.default.so from current namespace instead of sphal namespace.
05-12 13:35:21.105 I/DiracAPI(25269): Dirac_create: DiracObj (EFF49BB0) created with conf: 'USECASE_EXTERNAL_HEADSET'
05-12 13:35:21.105 I/DiracAPI(25269): Dirac_create: DiracObj (EFEB4240) created with conf: 'USECASE_EXTERNAL_HEADSET'
05-12 13:35:21.111 I/DiracAPI(25269): (EFF49BB0): Prepared with conf: 'USECASE_EXTERNAL_HEADSET' 
05-12 13:35:21.111 I/DiracAPI(25269):  preset: 'default' 
05-12 13:35:21.111 I/DiracAPI(25269):  samplerate: 44100 
05-12 13:35:21.111 I/DiracAPI(25269):  nChannelsIn: 2 
05-12 13:35:21.111 I/DiracAPI(25269):  maxFrames: 2000 
05-12 13:35:21.111 I/DiracAPI(25269):  inFmt/outFmt: 1/1
05-12 13:35:21.112 V/NewAvrcpMediaPlayerWrapper(25021): onMetadataChanged(): com.netease.cloudmusic : { mediaId="currsong" title="world.execute (me) ;" artist="Mili" album="" duration=211957 trackPosition=1/1 }
05-12 13:35:21.115 I/DiracAPI(25269): (EFEB4240): Prepared with conf: 'USECASE_EXTERNAL_HEADSET' 
05-12 13:35:21.115 I/DiracAPI(25269):  preset: 'default' 
05-12 13:35:21.115 I/DiracAPI(25269):  samplerate: 48000 
05-12 13:35:21.115 I/DiracAPI(25269):  nChannelsIn: 2 
05-12 13:35:21.115 I/DiracAPI(25269):  maxFrames: 2000 
05-12 13:35:21.115 I/DiracAPI(25269):  inFmt/outFmt: 1/1
05-12 13:35:21.126 V/NewAvrcpMediaPlayerWrapper(25021): trySendMediaUpdate(): Metadata has been updated for com.netease.cloudmusic
05-12 13:35:21.126 D/NewAvrcpMediaPlayerList(25021): sendMediaUpdate
05-12 13:35:21.126 I/NewAvrcpMediaPlayerList(25021): sendMediaUpdate: Creating a one item queue for a player with no queue
05-12 13:35:21.126 D/NewAvrcpTargetService(25021): onMediaUpdated: track_changed=false state=true queue=false
05-12 13:35:21.126 D/NewAvrcpNativeInterface(25021): sendMediaUpdate: metadata=false playStatus=true queue=false
05-12 13:35:21.126 D/NewAvrcpTargetJni(25021): sendMediaUpdateNative
05-12 13:35:21.126 I/bt_stack(25021): [INFO:avrcp_service.cc(342)] virtual void bluetooth::avrcp::AvrcpService::SendMediaUpdate(bool, bool, bool) track_changed=0 :  play_state=1 :  queue=0
05-12 13:35:21.127 I/bt_stack(25021): [INFO:device.cc(1227)] c4:67:b5:39:cc:ea : HandlePlayPosUpdate
05-12 13:35:21.127 D/NewAvrcpTargetJni(25021): getCurrentPlayStatus
05-12 13:35:21.127 D/NewAvrcpNativeInterface(25021): getPlayStatus
05-12 13:35:21.131 D/NewAvrcpTargetJni(25021): getCurrentPlayStatus
05-12 13:35:21.131 I/bt_stack(25021): [INFO:device.cc(409)] c4:67:b5:39:cc:ea : PlaybackStatusNotificationResponse: Not sending notification due to no state update c4:67:b5:39:cc:ea
05-12 13:35:21.131 D/NewAvrcpNativeInterface(25021): getPlayStatus
05-12 13:35:21.136 I/bt_stack(25021): [INFO:device.cc(461)] c4:67:b5:39:cc:ea : PlaybackPosNotificationResponse: Queue next play position update
05-12 13:35:21.137 I/r_submix(25269): adev_open(name=audio_hw_if)
05-12 13:35:21.138 I/r_submix(25269): adev_init_check()
05-12 13:35:21.138 W/DeviceHAL(25269): Error from HAL Device in function set_master_mute: Function not implemented
05-12 13:35:21.138 I/DiracAPI(25269): Dirac_create: DiracObj (EFD279F0) created with conf: 'USECASE_EXTERNAL_HEADSET'
05-12 13:35:21.138 I/AudioFlinger(25269): loadHwModule() Loaded r_submix audio interface, handle 34
05-12 13:35:21.138 I/DiracAPI(25269): (EFD279F0): Prepared with conf: 'USECASE_EXTERNAL_HEADSET' 
05-12 13:35:21.138 I/DiracAPI(25269):  preset: 'default' 
05-12 13:35:21.138 I/DiracAPI(25269):  samplerate: 44100 
05-12 13:35:21.138 I/DiracAPI(25269):  nChannelsIn: 2 
05-12 13:35:21.138 I/DiracAPI(25269):  maxFrames: 2000 
05-12 13:35:21.138 I/DiracAPI(25269):  inFmt/outFmt: 1/1
05-12 13:35:21.138 D/r_submix(25269): adev_open_input_stream(addr=0)
05-12 13:35:21.139 D/r_submix(25269): submix_audio_device_create_pipe_l(addr=0, idx=9)
05-12 13:35:21.139 D/r_submix(25269):   now using address 0 for route 9
05-12 13:35:21.147 I/AudioFlinger(25269): AudioFlinger's thread 0xefc03900 tid=25306 ready to run
05-12 13:35:21.147 I/DiracAPI(25269): Dirac_create: DiracObj (EFEFF210) created with conf: 'USECASE_EXTERNAL_HEADSET'
05-12 13:35:21.147 D/r_submix(25269): adev_close_input_stream()
05-12 13:35:21.147 D/r_submix(25269): submix_audio_device_release_pipe_l(idx=9) addr=0
05-12 13:35:21.149 D/r_submix(25269): submix_audio_device_destroy_pipe_l(): pipe destroyed
05-12 13:35:21.149 I/DiracAPI(25269): (EFEFF210): Prepared with conf: 'USECASE_EXTERNAL_HEADSET' 
05-12 13:35:21.149 I/DiracAPI(25269):  preset: 'default' 
05-12 13:35:21.149 I/DiracAPI(25269):  samplerate: 48000 
05-12 13:35:21.149 I/DiracAPI(25269):  nChannelsIn: 2 
05-12 13:35:21.149 I/DiracAPI(25269):  maxFrames: 2000 
05-12 13:35:21.149 I/DiracAPI(25269):  inFmt/outFmt: 1/1
05-12 13:35:21.150 D/AudioPolicyManagerCustom(25269): USE_XML_AUDIO_POLICY_CONF is TRUE
05-12 13:35:21.150 E/EffectsConfig(25269): Could not parse effect configuration in any of the default locations.
05-12 13:35:21.150 W/AudioPolicyEffects(25269): Failed to load XML effect configuration, fallback to .conf
05-12 13:35:21.153 D/NewAvrcpTargetJni(25021): getCurrentPlayStatus
05-12 13:35:21.153 D/NewAvrcpNativeInterface(25021): getPlayStatus
05-12 13:35:21.153 D/vndksupport(25269): Loading /vendor/lib/hw/android.hardware.soundtrigger@2.0-impl.so from current namespace instead of sphal namespace.
05-12 13:35:21.157 I/bt_stack(25021): [INFO:device.cc(461)] c4:67:b5:39:cc:ea : PlaybackPosNotificationResponse: Queue next play position update
05-12 13:35:21.172 E/SoundTriggerHalImpl(25269): couldn't load sound trigger module sound_trigger.primary (No such file or directory)
05-12 13:35:21.173 I/SoundTriggerHalHidl(25269): getProperties res implementor 
05-12 13:35:21.174 I/SoundTriggerHalHidl(25269): getProperties ret -19
05-12 13:35:21.174 E/SoundTriggerHwService(25269): could not read implementation properties
05-12 13:35:21.181 I/DiracAPI(25269): Dirac_create: DiracObj (EFD662C0) created with conf: 'USECASE_INTERNAL_POWERSOUND'
05-12 13:35:21.183 I/DiracAPI(25269): (EFD662C0): Prepared with conf: 'USECASE_INTERNAL_POWERSOUND' 
05-12 13:35:21.183 I/DiracAPI(25269):  preset: 'default' 
05-12 13:35:21.183 I/DiracAPI(25269):  samplerate: 44100 
05-12 13:35:21.183 I/DiracAPI(25269):  nChannelsIn: 2 
05-12 13:35:21.183 I/DiracAPI(25269):  maxFrames: 2000 
05-12 13:35:21.183 I/DiracAPI(25269):  inFmt/outFmt: 1/1
05-12 13:35:21.195 I/DiracAPI(25269): Dirac_create: DiracObj (EFE96A90) created with conf: 'USECASE_INTERNAL_POWERSOUND'
05-12 13:35:21.197 I/DiracAPI(25269): (EFE96A90): Prepared with conf: 'USECASE_INTERNAL_POWERSOUND' 
05-12 13:35:21.197 I/DiracAPI(25269):  preset: 'default' 
05-12 13:35:21.197 I/DiracAPI(25269):  samplerate: 48000 
05-12 13:35:21.197 I/DiracAPI(25269):  nChannelsIn: 2 
05-12 13:35:21.197 I/DiracAPI(25269):  maxFrames: 2000 
05-12 13:35:21.197 I/DiracAPI(25269):  inFmt/outFmt: 1/1
05-12 13:35:21.202 I/DiracAPI(25269): Dirac_create: DiracObj (EF9A6E60) created with conf: 'USECASE_INTERNAL_POWERSOUND'
05-12 13:35:21.203 I/DiracAPI(25269): (EF9A6E60): Prepared with conf: 'USECASE_INTERNAL_POWERSOUND' 
05-12 13:35:21.203 I/DiracAPI(25269):  preset: 'default' 
05-12 13:35:21.203 I/DiracAPI(25269):  samplerate: 44100 
05-12 13:35:21.203 I/DiracAPI(25269):  nChannelsIn: 2 
05-12 13:35:21.203 I/DiracAPI(25269):  maxFrames: 2000 
05-12 13:35:21.203 I/DiracAPI(25269):  inFmt/outFmt: 1/1
05-12 13:35:21.222 I/DiracAPI(25269): Dirac_create: DiracObj (EF8AA5F0) created with conf: 'USECASE_INTERNAL_POWERSOUND'
05-12 13:35:21.223 I/DiracAPI(25269): Dirac_create: DiracObj (EF7EDA00) created with conf: 'USECASE_INTERNAL_POWERSOUND'
05-12 13:35:21.223 I/DiracAPI(25269): (EF8AA5F0): Prepared with conf: 'USECASE_INTERNAL_POWERSOUND' 
05-12 13:35:21.223 I/DiracAPI(25269):  preset: 'default' 
05-12 13:35:21.223 I/DiracAPI(25269):  samplerate: 48000 
05-12 13:35:21.223 I/DiracAPI(25269):  nChannelsIn: 2 
05-12 13:35:21.223 I/DiracAPI(25269):  maxFrames: 2000 
05-12 13:35:21.223 I/DiracAPI(25269):  inFmt/outFmt: 1/1
05-12 13:35:21.224 I/DiracAPI(25269): (EF7EDA00): Prepared with conf: 'USECASE_INTERNAL_POWERSOUND' 
05-12 13:35:21.224 I/DiracAPI(25269):  preset: 'default' 
05-12 13:35:21.224 I/DiracAPI(25269):  samplerate: 44100 
05-12 13:35:21.224 I/DiracAPI(25269):  nChannelsIn: 2 
05-12 13:35:21.224 I/DiracAPI(25269):  maxFrames: 2000 
05-12 13:35:21.224 I/DiracAPI(25269):  inFmt/outFmt: 1/1
05-12 13:35:21.242 I/DiracAPI(25269): Dirac_create: DiracObj (EF562190) created with conf: 'USECASE_INTERNAL_POWERSOUND'
05-12 13:35:21.242 I/DiracAPI(25269): Dirac_create: DiracObj (EF5975A0) created with conf: 'USECASE_INTERNAL_POWERSOUND'
05-12 13:35:21.243 I/DiracAPI(25269): (EF562190): Prepared with conf: 'USECASE_INTERNAL_POWERSOUND' 
05-12 13:35:21.243 I/DiracAPI(25269):  preset: 'default' 
05-12 13:35:21.243 I/DiracAPI(25269):  samplerate: 48000 
05-12 13:35:21.243 I/DiracAPI(25269):  nChannelsIn: 2 
05-12 13:35:21.243 I/DiracAPI(25269):  maxFrames: 2000 
05-12 13:35:21.243 I/DiracAPI(25269):  inFmt/outFmt: 1/1
05-12 13:35:21.243 I/DiracAPI(25269): (EF5975A0): Prepared with conf: 'USECASE_INTERNAL_POWERSOUND' 
05-12 13:35:21.243 I/DiracAPI(25269):  preset: 'default' 
05-12 13:35:21.243 I/DiracAPI(25269):  samplerate: 44100 
05-12 13:35:21.243 I/DiracAPI(25269):  nChannelsIn: 2 
05-12 13:35:21.243 I/DiracAPI(25269):  maxFrames: 2000 
05-12 13:35:21.243 I/DiracAPI(25269):  inFmt/outFmt: 1/1
05-12 13:35:21.261 I/DiracAPI(25269): Dirac_create: DiracObj (EF475D30) created with conf: 'USECASE_INTERNAL_POWERSOUND'
05-12 13:35:21.261 I/DiracAPI(25269): Dirac_create: DiracObj (EF2D0140) created with conf: 'USECASE_INTERNAL_POWERSOUND'
05-12 13:35:21.263 I/DiracAPI(25269): (EF2D0140): Prepared with conf: 'USECASE_INTERNAL_POWERSOUND' 
05-12 13:35:21.263 I/DiracAPI(25269):  preset: 'default' 
05-12 13:35:21.263 I/DiracAPI(25269):  samplerate: 44100 
05-12 13:35:21.263 I/DiracAPI(25269):  nChannelsIn: 2 
05-12 13:35:21.263 I/DiracAPI(25269):  maxFrames: 2000 
05-12 13:35:21.263 I/DiracAPI(25269):  inFmt/outFmt: 1/1
05-12 13:35:21.263 I/DiracAPI(25269): (EF475D30): Prepared with conf: 'USECASE_INTERNAL_POWERSOUND' 
05-12 13:35:21.263 I/DiracAPI(25269):  preset: 'default' 
05-12 13:35:21.263 I/DiracAPI(25269):  samplerate: 48000 
05-12 13:35:21.263 I/DiracAPI(25269):  nChannelsIn: 2 
05-12 13:35:21.263 I/DiracAPI(25269):  maxFrames: 2000 
05-12 13:35:21.263 I/DiracAPI(25269):  inFmt/outFmt: 1/1
05-12 13:35:21.271 D/AudioPolicyManagerCustom(25269): setDeviceConnectionStateInt() device: 0x10, state 1, address C4:67:B5:39:CC:EA name Libratone Q ADAPT On Ear
05-12 13:35:21.272 D/audio_hw_primary(25269): adev_set_parameters: enter: C4:67:B5:39:CC:EA=;connect=16
05-12 13:35:21.272 D/audio_hw_extn(25269): audio_extn_set_anc_parameters: anc_enabled:0
05-12 13:35:21.273 I/AudioFlinger(25269): openOutput() this 0xf5abe000, module 10 Device 0x10, SamplingRate 48000, Format 0x000001, Channels 0x3, flags 0x8
05-12 13:35:21.273 D/audio_hw_primary(25269): adev_open_output_stream: enter: sample_rate(48000) channel_mask(0x3) devices(0x10) flags(0x8)        stream_handle(0xf2c35f00)
05-12 13:35:21.273 E/audio_hw_primary(25269): adev_open_output_stream: Primary output is already opened
05-12 13:35:21.273 D/audio_hw_primary(25269): adev_open_output_stream: exit: ret -17
05-12 13:35:21.273 W/DeviceHAL(25269): Error from HAL Device in function open_output_stream: File exists
05-12 13:35:21.273 I/AudioHwDevice(25269): openOutputStream(), HAL returned sampleRate 48000, Format 0x1, channelMask 0x3, status -61
05-12 13:35:21.273 W/APM_AudioPolicyManager(25269): checkOutputsForDevice() could not open output for device 10
05-12 13:35:21.273 I/AudioFlinger(25269): openOutput() this 0xf5abe000, module 10 Device 0x10, SamplingRate 8000, Format 0x000006, Channels 0x1, flags 0x2001
05-12 13:35:21.273 D/audio_hw_primary(25269): adev_open_output_stream: enter: sample_rate(8000) channel_mask(0x1) devices(0x10) flags(0x2001)        stream_handle(0xf2c35f00)
05-12 13:35:21.273 E/voice_extn(25269): voice_extn_check_and_set_incall_music_usecase: Invalid session id 0
05-12 13:35:21.273 E/audio_hw_primary(25269): adev_open_output_stream: Incall music delivery usecase cannot be set error:-22
05-12 13:35:21.273 D/audio_hw_primary(25269): adev_open_output_stream: exit: ret -22
05-12 13:35:21.273 W/DeviceHAL(25269): Error from HAL Device in function open_output_stream: Invalid argument
05-12 13:35:21.274 I/AudioHwDevice(25269): openOutputStream(), HAL returned sampleRate 8000, Format 0x6, channelMask 0x1, status -22
05-12 13:35:21.274 W/APM_AudioPolicyManager(25269): checkOutputsForDevice() could not open output for device 10
05-12 13:35:21.274 I/AudioFlinger(25269): openOutput() this 0xf5abe000, module 10 Device 0x10, SamplingRate 8000, Format 0x1000000, Channels 0x1, flags 0x31
05-12 13:35:21.274 D/audio_hw_primary(25269): adev_open_output_stream: enter: sample_rate(8000) channel_mask(0x1) devices(0x10) flags(0x31)        stream_handle(0xf2c35f00)
05-12 13:35:21.274 E/audio_hw_primary(25269): adev_open_output_stream: Unsupported Offload information
05-12 13:35:21.274 D/audio_hw_primary(25269): adev_open_output_stream: exit: ret -22
05-12 13:35:21.274 W/DeviceHAL(25269): Error from HAL Device in function open_output_stream: Invalid argument
05-12 13:35:21.274 I/AudioHwDevice(25269): openOutputStream(), HAL returned sampleRate 8000, Format 0x1000000, channelMask 0x1, status -22
05-12 13:35:21.274 W/APM_AudioPolicyManager(25269): checkOutputsForDevice() could not open output for device 10
05-12 13:35:21.274 I/AudioFlinger(25269): openOutput() this 0xf5abe000, module 10 Device 0x10, SamplingRate 8000, Format 0x2000000, Channels 0x1, flags 0x8001
05-12 13:35:21.274 D/audio_hw_primary(25269): adev_open_output_stream: enter: sample_rate(8000) channel_mask(0x1) devices(0x10) flags(0x8001)        stream_handle(0xf2c35f00)
05-12 13:35:21.274 E/audio_hw_primary(25269): adev_open_output_stream: Primary output is already opened
05-12 13:35:21.274 D/audio_hw_primary(25269): adev_open_output_stream: exit: ret -17
05-12 13:35:21.274 W/DeviceHAL(25269): Error from HAL Device in function open_output_stream: File exists
05-12 13:35:21.274 I/AudioHwDevice(25269): openOutputStream(), HAL returned sampleRate 8000, Format 0x2000000, channelMask 0x1, status -61
05-12 13:35:21.274 E/AudioHwDevice(25269): ERROR - openOutputStream(), SPDIFEncoder does not support format 0x02000000
05-12 13:35:21.274 W/APM_AudioPolicyManager(25269): checkOutputsForDevice() could not open output for device 10
05-12 13:35:21.275 D/audio_hw_primary(25269): out_set_parameters: enter: usecase(1: low-latency-playback) kvpairs: routing=0, device: 2
05-12 13:35:21.275 D/audio_hw_extn(25269): audio_extn_set_anc_parameters: anc_enabled:0
05-12 13:35:21.278 W/AudioFlinger(25269): no wake lock to update, system not ready yet
05-12 13:35:21.278 D/audio_hw_primary(25269): out_set_parameters: enter: usecase(1: low-latency-playback) kvpairs: routing=0, device: 2
05-12 13:35:21.280 D/audio_hw_primary(25269): out_set_parameters: enter: usecase(36: afe-proxy-playback) kvpairs: routing=0, device: 65536
05-12 13:35:21.281 I/DiracAPI(25269): Dirac_create: DiracObj (EF1ECD20) created with conf: 'USECASE_INTERNAL_POWERSOUND'
05-12 13:35:21.281 I/DiracAPI(25269): Dirac_create: DiracObj (EF04A8D0) created with conf: 'USECASE_INTERNAL_POWERSOUND'
05-12 13:35:21.282 I/DiracAPI(25269): (EF1ECD20): Prepared with conf: 'USECASE_INTERNAL_POWERSOUND' 
05-12 13:35:21.282 I/DiracAPI(25269):  preset: 'default' 
05-12 13:35:21.282 I/DiracAPI(25269):  samplerate: 44100 
05-12 13:35:21.282 I/DiracAPI(25269):  nChannelsIn: 2 
05-12 13:35:21.282 I/DiracAPI(25269):  maxFrames: 2000 
05-12 13:35:21.282 I/DiracAPI(25269):  inFmt/outFmt: 1/1
05-12 13:35:21.282 D/AudioPolicyManagerCustom(25269): setDeviceConnectionStateInt() device: 0x80, state 1, address C4:67:B5:39:CC:EA name Libratone Q ADAPT On Ear
05-12 13:35:21.282 I/DiracAPI(25269): (EF04A8D0): Prepared with conf: 'USECASE_INTERNAL_POWERSOUND' 
05-12 13:35:21.282 I/DiracAPI(25269):  preset: 'default' 
05-12 13:35:21.282 I/DiracAPI(25269):  samplerate: 48000 
05-12 13:35:21.282 I/DiracAPI(25269):  nChannelsIn: 2 
05-12 13:35:21.282 I/DiracAPI(25269):  maxFrames: 2000 
05-12 13:35:21.282 I/DiracAPI(25269):  inFmt/outFmt: 1/1
05-12 13:35:21.283 D/audio_hw_primary(25269): adev_set_parameters: enter: C4:67:B5:39:CC:EA=;connect=128
05-12 13:35:21.283 D/audio_hw_extn(25269): audio_extn_set_anc_parameters: anc_enabled:0
05-12 13:35:21.284 I/AudioFlinger(25269): openOutput() this 0xf5abe000, module 18 Device 0x80, SamplingRate 0, Format 00000000, Channels 0, flags 0
05-12 13:35:21.284 I/bt_a2dp_hw(25269): adev_open_output_stream: opening output
05-12 13:35:21.284 I/bt_a2dp_hw(25269): a2dp_command: starting up or recovering from previous error: command=A2DP_CTRL_GET_OUTPUT_AUDIO_CONFIG
05-12 13:35:21.284 I/bt_a2dp_hw(25269): skt_connect: connect to /data/misc/bluedroid/.a2dp_ctrl (sz 256)
05-12 13:35:21.284 I/bt_a2dp_hw(25269): skt_connect: connected to stack fd = 35
05-12 13:35:21.284 W/bt_btif (25021): btif_a2dp_ctrl_cb: A2DP-CTRL-CHANNEL EVENT UIPC_OPEN_EVT
05-12 13:35:21.285 W/bt_btif (25021): btif_a2dp_recv_ctrl_data: a2dp-ctrl-cmd : A2DP_CTRL_CMD_CHECK_READY
05-12 13:35:21.285 I/btif_av (25021): btif_av_stream_ready: Peer c4:67:b5:39:cc:ea : state=2, flags=0x0(None)
05-12 13:35:21.285 W/bt_btif (25021): btif_a2dp_command_ack: ## a2dp ack : A2DP_CTRL_CMD_CHECK_READY, status 0 ##
05-12 13:35:21.285 W/bt_btif (25021): btif_a2dp_recv_ctrl_data: a2dp-ctrl-cmd : A2DP_CTRL_CMD_CHECK_READY DONE
05-12 13:35:21.285 W/bt_btif (25021): btif_a2dp_recv_ctrl_data: a2dp-ctrl-cmd : A2DP_CTRL_GET_OUTPUT_AUDIO_CONFIG
05-12 13:35:21.285 W/bt_btif (25021): btif_a2dp_command_ack: ## a2dp ack : A2DP_CTRL_GET_OUTPUT_AUDIO_CONFIG, status 0 ##
05-12 13:35:21.285 W/bt_btif (25021): btif_a2dp_recv_ctrl_data: a2dp-ctrl-cmd : A2DP_CTRL_GET_OUTPUT_AUDIO_CONFIG DONE
05-12 13:35:21.285 I/bt_a2dp_hw(25269): a2dp_read_output_audio_config: got output codec config (update_stream_config=true): sample_rate=0x2 bits_per_sample=0x1 channel_mode=0x2
05-12 13:35:21.285 I/bt_a2dp_hw(25269): a2dp_read_output_audio_config: got output codec capability: sample_rate=0x3 bits_per_sample=0x1 channel_mode=0x2
05-12 13:35:21.285 W/bt_btif (25021): btif_a2dp_recv_ctrl_data: a2dp-ctrl-cmd : A2DP_CTRL_SET_OUTPUT_AUDIO_CONFIG
05-12 13:35:21.285 W/bt_btif (25021): btif_a2dp_command_ack: ## a2dp ack : A2DP_CTRL_SET_OUTPUT_AUDIO_CONFIG, status 0 ##
05-12 13:35:21.286 I/bt_btif_a2dp_source(25021): btif_a2dp_source_feeding_update_req: state=STATE_RUNNING
05-12 13:35:21.286 W/bt_btif (25021): btif_a2dp_recv_ctrl_data: a2dp-ctrl-cmd : A2DP_CTRL_SET_OUTPUT_AUDIO_CONFIG DONE
05-12 13:35:21.286 I/bt_btif_a2dp_source(25021): btif_a2dp_source_audio_feeding_update_event: state=STATE_RUNNING
05-12 13:35:21.286 I/bt_a2dp_hw(25269): a2dp_write_output_audio_config: sent output codec config: sample_rate=0x2 bits_per_sample=0x1 channel_mode=0x2
05-12 13:35:21.286 D/a2dp_vendor_aptx_encoder(25021): a2dp_vendor_aptx_encoder_update: sample_rate=48000 bits_per_sample=16 channel_count=2
05-12 13:35:21.286 D/a2dp_vendor_aptx_encoder(25021): aptx_init_framing_params: sleep_time_ns = 14000000
05-12 13:35:21.286 W/bt_btif (25021): btif_a2dp_recv_ctrl_data: a2dp-ctrl-cmd : A2DP_CTRL_GET_OUTPUT_AUDIO_CONFIG
05-12 13:35:21.286 W/bt_btif (25021): btif_a2dp_command_ack: ## a2dp ack : A2DP_CTRL_GET_OUTPUT_AUDIO_CONFIG, status 0 ##
